[2026-02-26T13:59:28.305Z] 
→ Starting: Pre-Analysis
[2026-02-26T13:59:28.306Z] ════════════════════════════════════════════════════════════
[2026-02-26T13:59:28.306Z] 🔷  Step 0: Pre-Analysis - Analyzing Recent Changes
[2026-02-26T13:59:28.306Z] ════════════════════════════════════════════════════════════
[2026-02-26T13:59:28.398Z] Commits ahead of remote: 0
[2026-02-26T13:59:28.398Z] Modified files: 751
[2026-02-26T13:59:28.409Z] ✓ Project kind from config: nodejs_automation (configured)
[2026-02-26T13:59:28.450Z] ✓ Pre-analysis complete:
  • Commits ahead: 0
  • Modified files: 751
  • Change scope: full-stack
  • Documentation: 3 files
  • Tests: 22 files
  • Source: 18 files
  • Config: 3 files
  • Project kind: nodejs_automation (100% confidence)

[2026-02-26T13:59:28.462Z] ✓ Step step_00 completed in 157ms
[2026-02-26T13:59:28.463Z] [DEBUG] [Performance] step_00: 157ms
[2026-02-26T13:59:28.463Z] [DEBUG] Recorded outcome for step_00: success
[2026-02-26T13:59:28.463Z] ✓ Completed: Pre-Analysis (0s)
