[2026-02-26T13:59:28.464Z] 
→ Starting: Bootstrap Documentation
[2026-02-26T13:59:28.465Z] [DEBUG] Step0bBootstrapDocs.execute()
[2026-02-26T13:59:28.465Z] ════════════════════════════════════════════════════════════
[2026-02-26T13:59:28.465Z] 🔷  Step 0b: Documentation Gap Analysis and Generation
[2026-02-26T13:59:28.465Z] ════════════════════════════════════════════════════════════
[2026-02-26T13:59:28.465Z] Phase 1: Gathering project statistics...
[2026-02-26T13:59:28.465Z] [DEBUG] Gathering project statistics by scanning files...
[2026-02-26T13:59:28.465Z] [DEBUG] Listing all files in the project directory...
[2026-02-26T13:59:28.465Z] [DEBUG] Project root: /home/mpb/Documents/GitHub/ai_workflow.js
[2026-02-26T13:59:28.487Z] [DEBUG] Total files found: 704
[2026-02-26T13:59:28.487Z] [DEBUG] Converting to relative paths...
[2026-02-26T13:59:28.493Z] Project has 260 documentation files and 211 source files
[2026-02-26T13:59:28.493Z] README.md size: 13808 bytes, Has CHANGELOG: true, Has docs/ directory: true
[2026-02-26T13:59:28.493Z] Phase 2: Evaluating documentation coverage...
[2026-02-26T13:59:28.493Z] Step 0b: Sufficient documentation exists (260 files) - skipping bootstrap
[2026-02-26T13:59:28.494Z] ✓ Step step_0b completed in 30ms
[2026-02-26T13:59:28.494Z] [DEBUG] [Performance] step_0b: 30ms
[2026-02-26T13:59:28.494Z] [DEBUG] Recorded outcome for step_0b: success
[2026-02-26T13:59:28.494Z] ✓ Completed: Bootstrap Documentation (0s)
