[2026-02-26T14:01:33.292Z] 
→ Starting: Documentation Optimization
[2026-02-26T14:01:33.293Z] Documentation optimization initialized
[2026-02-26T14:01:33.293Z] ════════════════════════════════════════════════════════════
[2026-02-26T14:01:33.293Z] 🔷  Step 2.5: Documentation Optimization
[2026-02-26T14:01:33.293Z] ════════════════════════════════════════════════════════════
[2026-02-26T14:01:33.299Z] Phase 1: Heuristics Analysis (103 files)
[2026-02-26T14:01:33.324Z] Calculating content hashes...
[2026-02-26T14:01:33.332Z] Found 0 duplicate groups (0 redundant files)
[2026-02-26T14:01:33.332Z] Analyzing document similarity...
[2026-02-26T14:01:35.412Z] Found 0 redundant pairs above 80% similarity
[2026-02-26T14:01:35.412Z] Found 0 exact duplicates, 0 redundant pairs
[2026-02-26T14:01:35.412Z] Phase 2: Git History Analysis
[2026-02-26T14:01:35.412Z] Analyzing git history for 103 files...
[2026-02-26T14:01:36.694Z] Completed git analysis for 103 files
[2026-02-26T14:01:36.695Z] Found 0 outdated files
[2026-02-26T14:01:36.696Z] Phase 3: Version Reference Analysis
[2026-02-26T14:01:36.700Z] Detected version from package.json: 1.3.0
[2026-02-26T14:01:36.700Z] Analyzing version references in 103 files (current: 1.3.0)...
[2026-02-26T14:01:36.738Z] Completed version analysis for 103 files
[2026-02-26T14:01:36.738Z] Version analysis complete (0 total outdated)
[2026-02-26T14:01:36.739Z] Phase 4: AI Edge Case Analysis (skipped - no AI analyzer)
[2026-02-26T14:01:36.739Z] Phase 5: Optimization Summary
[2026-02-26T14:01:36.739Z] 
📊 Analysis Results:
───────────────────
  Total files analyzed: 103
  Exact duplicates: 0
  Redundant pairs: 0
  Outdated files: 0
  Files to optimize: 0

[2026-02-26T14:01:36.739Z] No optimizations needed
[2026-02-26T14:01:36.739Z] ✓ Workflow complete (3s)
[2026-02-26T14:01:36.739Z] ✓ Step step_02_5 completed in 3448ms
[2026-02-26T14:01:36.739Z] [DEBUG] [Performance] step_02_5: 3.4s
[2026-02-26T14:01:36.739Z] [DEBUG] Recorded outcome for step_02_5: success
[2026-02-26T14:01:36.740Z] ✓ Completed: Documentation Optimization (3s)
