[2026-03-11T20:56:32.961Z] ━━━━━━━━━━━━━━━━━━━━━━━━━━━━━━━━━━━━━━━━
[2026-03-11T20:56:32.961Z]   AI Workflow Automation - Starting
[2026-03-11T20:56:32.961Z] ━━━━━━━━━━━━━━━━━━━━━━━━━━━━━━━━━━━━━━━━
[2026-03-11T20:56:32.961Z] Stage: full
[2026-03-11T20:56:32.961Z] Mode: interactive
[2026-03-11T20:56:32.962Z] Detecting workflow profile based on changes...
[2026-03-11T20:56:32.991Z] Detected profile: full_validation
[2026-03-11T20:56:32.991Z]   Changed files: 99 (docs: 71, code: 15, tests: 9, infra: 2, other: 2)
[2026-03-11T20:56:32.991Z] Profile: full_validation
[2026-03-11T20:56:32.991Z] Performing health checks...
[2026-03-11T20:56:32.991Z] ✓ All health checks passed
[2026-03-11T20:56:33.022Z] Registering workflow steps...
[2026-03-11T20:56:33.024Z] [DEBUG] Registered step: step_00
[2026-03-11T20:56:33.024Z] [DEBUG] Registered step: step_0b
[2026-03-11T20:56:33.024Z] [DEBUG] Registered step: step_01
[2026-03-11T20:56:33.024Z] [DEBUG] Registered step: step_02
[2026-03-11T20:56:33.024Z] [DEBUG] Registered step: step_02_5
[2026-03-11T20:56:33.024Z] [DEBUG] Registered step: step_03
[2026-03-11T20:56:33.024Z] [DEBUG] Registered step: step_04
[2026-03-11T20:56:33.024Z] [DEBUG] Registered step: step_05
[2026-03-11T20:56:33.024Z] [DEBUG] Registered step: step_06
[2026-03-11T20:56:33.024Z] [DEBUG] Registered step: step_07
[2026-03-11T20:56:33.024Z] [DEBUG] Registered step: step_08
[2026-03-11T20:56:33.024Z] [DEBUG] Registered step: step_09
[2026-03-11T20:56:33.024Z] [DEBUG] Registered step: step_10
[2026-03-11T20:56:33.024Z] [DEBUG] Registered step: step_11
[2026-03-11T20:56:33.024Z] [DEBUG] Registered step: step_11_5
[2026-03-11T20:56:33.024Z] [DEBUG] Registered step: step_11_6
[2026-03-11T20:56:33.024Z] [DEBUG] Registered step: step_13
[2026-03-11T20:56:33.024Z] [DEBUG] Registered step: step_14
[2026-03-11T20:56:33.024Z] [DEBUG] Registered step: step_15
[2026-03-11T20:56:33.024Z] [DEBUG] Registered step: step_16
[2026-03-11T20:56:33.024Z] [DEBUG] Registered step: step_18
[2026-03-11T20:56:33.024Z] [DEBUG] Registered step: step_19
[2026-03-11T20:56:33.024Z] [DEBUG] Registered step: step_17
[2026-03-11T20:56:33.025Z] [DEBUG] Registered step: step_0f
[2026-03-11T20:56:33.025Z] [DEBUG] Registered step: step_12
[2026-03-11T20:56:33.025Z] ✓ Registered 25 workflow steps
[2026-03-11T20:56:33.025Z] Executing 25 steps for stage: full
[2026-03-11T20:56:33.025Z] [DEBUG] [CommitHistory] Loaded history; lastRunCommit=774e26c6b861d817d40122f9eb6af3f7a7dd1c93
[2026-03-11T20:56:33.044Z] [CommitHistory] 15 file(s) changed since last run (774e26c)
[2026-03-11T20:56:33.073Z] Full optimization: Analyzing changes...
[2026-03-11T20:56:33.075Z] Docs-only analysis: NO (74.78% docs, 0% faster)
[2026-03-11T20:56:33.079Z] Code optimization: backend (0 steps skipped)
[2026-03-11T20:56:33.079Z] Full optimization: Selected strategy 'standard' (confidence: 30%)
[2026-03-11T20:56:33.080Z] 
Starting workflow execution...

[2026-03-11T20:56:33.174Z] [DEBUG] No model file found, starting fresh
[2026-03-11T20:56:33.174Z] ML Optimizer initialized
[2026-03-11T20:56:33.174Z] Loading workflow configuration...
[2026-03-11T20:56:33.175Z] ✓ Workflow loaded: AI Workflow Automation v2.0.0
[2026-03-11T20:56:33.175Z] Execution plan: 25 steps
[2026-03-11T20:56:33.175Z] Starting workflow execution: AI Workflow Automation
[2026-03-11T20:56:33.175Z] Executing step: Pre-Analysis (step_00)
[2026-03-11T20:56:33.176Z] [DEBUG] Prediction for step_00: skip (confidence: 0.95)
[2026-03-11T20:56:33.176Z] [DEBUG] [MLOptimizer] step_00: predicted skippable (confidence 0.95)
[2026-03-11T20:56:33.176Z] 
→ Starting: Pre-Analysis
[2026-03-11T20:56:33.204Z] ════════════════════════════════════════════════════════════
[2026-03-11T20:56:33.204Z] 🔷  Step 0: Pre-Analysis - Analyzing Recent Changes
[2026-03-11T20:56:33.204Z] ════════════════════════════════════════════════════════════
[2026-03-11T20:56:33.276Z] Commits ahead of remote: 0
[2026-03-11T20:56:33.276Z] Modified files: 100
[2026-03-11T20:56:33.284Z] ✓ Project kind from config: nodejs_automation (configured)
[2026-03-11T20:56:33.345Z] ✓ Pre-analysis complete:
  • Commits ahead: 0
  • Modified files: 100
  • Change scope: full-stack
  • Documentation: 2 files
  • Tests: 9 files
  • Source: 14 files
  • Config: 3 files
  • Project kind: nodejs_automation (100% confidence)

[2026-03-11T20:56:33.358Z] ✓ Step step_00 completed in 183ms
[2026-03-11T20:56:33.359Z] [DEBUG] [Performance] step_00: 183ms
[2026-03-11T20:56:33.360Z] [DEBUG] Recorded outcome for step_00: success
[2026-03-11T20:56:33.360Z] ✓ Completed: Pre-Analysis (0s)
[2026-03-11T20:56:33.360Z] Executing step: Bootstrap Documentation (step_0b)
[2026-03-11T20:56:33.360Z] [DEBUG] Prediction for step_0b: skip (confidence: 0.95)
[2026-03-11T20:56:33.360Z] [DEBUG] [MLOptimizer] step_0b: predicted skippable (confidence 0.95)
[2026-03-11T20:56:33.361Z] 
→ Starting: Bootstrap Documentation
[2026-03-11T20:56:33.397Z] [DEBUG] Step0bBootstrapDocs.execute()
[2026-03-11T20:56:33.397Z] ════════════════════════════════════════════════════════════
[2026-03-11T20:56:33.397Z] 🔷  Step 0b: Documentation Gap Analysis and Generation
[2026-03-11T20:56:33.397Z] ════════════════════════════════════════════════════════════
[2026-03-11T20:56:33.397Z] Phase 1: Gathering project statistics...
[2026-03-11T20:56:33.397Z] [DEBUG] Gathering project statistics by scanning files...
[2026-03-11T20:56:33.397Z] [DEBUG] Listing all files in the project directory...
[2026-03-11T20:56:33.397Z] [DEBUG] Project root: /home/mpb/Documents/GitHub/ai_workflow.js
[2026-03-11T20:56:33.423Z] [DEBUG] Total files found: 1123
[2026-03-11T20:56:33.424Z] [DEBUG] Converting to relative paths...
[2026-03-11T20:56:33.432Z] Project has 550 documentation files and 304 source files
[2026-03-11T20:56:33.432Z] README.md size: 15078 bytes, Has CHANGELOG: true, Has docs/ directory: true
[2026-03-11T20:56:33.432Z] Phase 2: Evaluating documentation coverage...
[2026-03-11T20:56:33.432Z] Step 0b: Documentation coverage adequate - no bootstrap needed
[2026-03-11T20:56:33.433Z] ✓ Step step_0b completed in 73ms
[2026-03-11T20:56:33.433Z] [DEBUG] [Performance] step_0b: 73ms
[2026-03-11T20:56:33.433Z] [DEBUG] Recorded outcome for step_0b: success
[2026-03-11T20:56:33.433Z] ✓ Completed: Bootstrap Documentation (0s)
[2026-03-11T20:56:33.433Z] Executing step: Documentation Updates (step_01)
[2026-03-11T20:56:33.433Z] [DEBUG] Prediction for step_01: skip (confidence: 0.95)
[2026-03-11T20:56:33.433Z] [DEBUG] [MLOptimizer] step_01: predicted skippable (confidence 0.95)
[2026-03-11T20:56:33.434Z] 
→ Starting: Documentation Updates
[2026-03-11T20:56:33.458Z] ════════════════════════════════════════════════════════════
[2026-03-11T20:56:33.458Z] 🔷  Step 1: AI-Powered Documentation Updates
[2026-03-11T20:56:33.458Z] ════════════════════════════════════════════════════════════
[2026-03-11T20:56:33.458Z] Changed files detected: 99 files
[2026-03-11T20:56:33.458Z] Classification: 2 docs, 14 source, 9 tests
[2026-03-11T20:56:33.458Z] Checking documentation changes (incremental mode)...
[2026-03-11T20:56:33.459Z] Step1: No cache found, starting fresh
[2026-03-11T20:56:33.464Z] Step1: Detected 2 changed files, 0 unchanged
[2026-03-11T20:56:33.464Z] Running documentation consistency validation...
[2026-03-11T20:56:33.466Z] Checking JSDoc coverage in 14 source file(s)...
[2026-03-11T20:56:33.466Z] ✓ Source JSDoc: all 14 file(s) properly documented
[2026-03-11T20:56:36.175Z] ✗ SDK initialization failed: An onPermissionRequest handler is required when creating a session. For example, to allow all permissions, use { onPermissionRequest: approveAll }.
[2026-03-11T20:56:36.183Z] [DEBUG] AI cache initialized: .ai_workflow/.ai_cache
[2026-03-11T20:56:36.183Z] ⚠ AI helper not available - skipping AI analysis
[2026-03-11T20:56:36.183Z] Running parallel documentation analysis...
[2026-03-11T20:56:36.184Z] Step1Parallel: Validating 2 files across 2 categories (BALANCED)
[2026-03-11T20:56:36.185Z] Step1Parallel: Validated changelog (1 files) in 0s
[2026-03-11T20:56:36.186Z] Step1Parallel: Validated other (1 files) in 0s
[2026-03-11T20:56:36.186Z] Step1Parallel: Completed validation in 0s (2/2 files)
[2026-03-11T20:56:36.186Z] ✓ Parallel analysis completed: 2 docs in 0ms
[2026-03-11T20:56:36.187Z] ✓ Step 1 completed successfully
[2026-03-11T20:56:36.187Z] ✓ Step step_01 completed in 2754ms
[2026-03-11T20:56:36.187Z] [DEBUG] [Performance] step_01: 2.8s
[2026-03-11T20:56:36.188Z] [DEBUG] Recorded outcome for step_01: success
[2026-03-11T20:56:36.188Z] ✓ Completed: Documentation Updates (3s)
[2026-03-11T20:56:36.188Z] Executing step: Configuration Validation (step_04)
[2026-03-11T20:56:36.188Z] [DEBUG] Prediction for step_04: skip (confidence: 0.95)
[2026-03-11T20:56:36.188Z] [DEBUG] [MLOptimizer] step_04: predicted skippable (confidence 0.95)
[2026-03-11T20:56:36.188Z] 
→ Starting: Configuration Validation
[2026-03-11T20:56:36.216Z] ════════════════════════════════════════════════════════════
[2026-03-11T20:56:36.216Z] 🔷  Step 4: Configuration Validation
[2026-03-11T20:56:36.216Z] ════════════════════════════════════════════════════════════
[2026-03-11T20:56:36.252Z] Found 5 configuration file(s)
[2026-03-11T20:56:36.274Z] Syntax validation: 0 error(s)
[2026-03-11T20:56:36.283Z] Security scan: 0 finding(s)
[2026-03-11T20:56:36.289Z] Best practices: 2 issue(s)
[2026-03-11T20:56:39.311Z] ✗ SDK initialization failed: An onPermissionRequest handler is required when creating a session. For example, to allow all permissions, use { onPermissionRequest: approveAll }.
[2026-03-11T20:56:39.311Z] ⚠ AI helper not available - skipping AI analysis
[2026-03-11T20:56:39.311Z] ✓ Step 4 completed - no issues found
[2026-03-11T20:56:39.312Z] ✓ Step step_04 completed in 3123ms
[2026-03-11T20:56:39.312Z] [DEBUG] [Performance] step_04: 3.1s
[2026-03-11T20:56:39.312Z] [DEBUG] Recorded outcome for step_04: success
[2026-03-11T20:56:39.312Z] ✓ Completed: Configuration Validation (3s)
[2026-03-11T20:56:39.312Z] Executing step: Consistency Analysis (step_02)
[2026-03-11T20:56:39.312Z] [DEBUG] Prediction for step_02: skip (confidence: 0.95)
[2026-03-11T20:56:39.312Z] [DEBUG] [MLOptimizer] step_02: predicted skippable (confidence 0.95)
[2026-03-11T20:56:39.313Z] 
→ Starting: Consistency Analysis
[2026-03-11T20:56:39.352Z] ════════════════════════════════════════════════════════════
[2026-03-11T20:56:39.352Z] 🔷  Step 2: Documentation Consistency Analysis
[2026-03-11T20:56:39.352Z] ════════════════════════════════════════════════════════════
[2026-03-11T20:56:41.597Z] Found 560 documentation files
[2026-03-11T20:56:41.599Z] Expected version: 1.6.1
[2026-03-11T20:56:41.691Z] Version check: 2532 issue(s) found
[2026-03-11T20:56:42.875Z] Link check: 1214 broken link(s) found
[2026-03-11T20:56:45.866Z] ✗ SDK initialization failed: An onPermissionRequest handler is required when creating a session. For example, to allow all permissions, use { onPermissionRequest: approveAll }.
[2026-03-11T20:56:45.866Z] ⚠ AI helper not available - skipping AI consistency analysis
[2026-03-11T20:56:45.866Z] ⚠ Step 2 completed - 3746 issue(s) found
[2026-03-11T20:56:45.866Z] ✓ Step step_02 completed in 6554ms
[2026-03-11T20:56:45.866Z] [DEBUG] [Performance] step_02: 6.6s
[2026-03-11T20:56:45.867Z] ⚠ [WARNING] Operation 'step_02' took 6.6s (memory: 144.72MB)
[2026-03-11T20:56:45.867Z] [DEBUG] Recorded outcome for step_02: success
[2026-03-11T20:56:45.867Z] ✓ Completed: Consistency Analysis (7s)
[2026-03-11T20:56:45.867Z] Executing step: Directory Structure (step_05)
[2026-03-11T20:56:45.867Z] [DEBUG] Prediction for step_05: skip (confidence: 0.95)
[2026-03-11T20:56:45.867Z] [DEBUG] [MLOptimizer] step_05: predicted skippable (confidence 0.95)
[2026-03-11T20:56:45.867Z] 
→ Starting: Directory Structure
[2026-03-11T20:56:45.896Z] ════════════════════════════════════════════════════════════
[2026-03-11T20:56:45.896Z] 🔷  Step 5: Directory Structure Validation
[2026-03-11T20:56:45.896Z] ════════════════════════════════════════════════════════════
[2026-03-11T20:56:45.898Z] Found 2 misplaced documentation file(s)
[2026-03-11T20:56:46.210Z] Structure validation: 27 issue(s)
[2026-03-11T20:56:49.285Z] ✗ SDK initialization failed: An onPermissionRequest handler is required when creating a session. For example, to allow all permissions, use { onPermissionRequest: approveAll }.
[2026-03-11T20:56:49.286Z] ⚠ AI helper not available - skipping AI analysis
[2026-03-11T20:56:49.286Z] ⚠ Step 5 completed - 27 issue(s) found
[2026-03-11T20:56:49.286Z] ✓ Step step_05 completed in 3419ms
[2026-03-11T20:56:49.286Z] [DEBUG] [Performance] step_05: 3.4s
[2026-03-11T20:56:49.286Z] [DEBUG] Recorded outcome for step_05: success
[2026-03-11T20:56:49.286Z] ✓ Completed: Directory Structure (3s)
[2026-03-11T20:56:49.286Z] Executing step: Documentation Optimization (step_02_5)
[2026-03-11T20:56:49.287Z] [DEBUG] Prediction for step_02_5: skip (confidence: 0.95)
[2026-03-11T20:56:49.287Z] [DEBUG] [MLOptimizer] step_02_5: predicted skippable (confidence 0.95)
[2026-03-11T20:56:49.287Z] 
→ Starting: Documentation Optimization
[2026-03-11T20:56:49.315Z] Documentation optimization initialized
[2026-03-11T20:56:49.315Z] ════════════════════════════════════════════════════════════
[2026-03-11T20:56:49.315Z] 🔷  Step 2.5: Documentation Optimization
[2026-03-11T20:56:49.315Z] ════════════════════════════════════════════════════════════
[2026-03-11T20:56:49.323Z] Phase 1: Heuristics Analysis (133 files)
[2026-03-11T20:56:49.348Z] Calculating content hashes...
[2026-03-11T20:56:49.355Z] Found 11 duplicate groups (11 redundant files)
[2026-03-11T20:56:49.355Z] Analyzing document similarity...
[2026-03-11T20:56:53.176Z] Found 11 redundant pairs above 80% similarity
[2026-03-11T20:56:53.177Z] Found 11 exact duplicates, 11 redundant pairs
[2026-03-11T20:56:53.177Z] Phase 2: Git History Analysis
[2026-03-11T20:56:53.177Z] Analyzing git history for 133 files...
[2026-03-11T20:56:55.836Z] Completed git analysis for 133 files
[2026-03-11T20:56:55.836Z] Found 0 outdated files
[2026-03-11T20:56:55.837Z] Phase 3: Version Reference Analysis
[2026-03-11T20:56:55.837Z] Detected version from package.json: 1.6.1
[2026-03-11T20:56:55.838Z] Analyzing version references in 133 files (current: 1.6.1)...
[2026-03-11T20:56:55.873Z] Completed version analysis for 133 files
[2026-03-11T20:56:55.874Z] Version analysis complete (68 total outdated)
[2026-03-11T20:56:55.874Z] Phase 4: AI Edge Case Analysis (skipped - no AI analyzer)
[2026-03-11T20:56:55.874Z] Phase 5: Optimization Summary
[2026-03-11T20:56:55.874Z] 
📊 Analysis Results:
───────────────────
  Total files analyzed: 133
  Exact duplicates: 11
  Redundant pairs: 11
  Outdated files: 68
  Files to optimize: 79

[2026-03-11T20:56:55.874Z] Phase 6: Applying Optimizations
[2026-03-11T20:56:55.874Z] Consolidating 11 duplicate groups...
[2026-03-11T20:56:55.875Z] Created archive: /home/mpb/Documents/GitHub/ai_workflow.js/.ai_workflow/archive/docs/20260311_175655
[2026-03-11T20:56:55.876Z] Archived: /home/mpb/Documents/GitHub/ai_workflow.js/docs/api/html/media/FUNCTIONAL_REQUIREMENTS.md
[2026-03-11T20:56:55.877Z] Archived: /home/mpb/Documents/GitHub/ai_workflow.js/docs/api/html/media/WORKFLOW_ENGINE_REQUIREMENTS.md
[2026-03-11T20:56:55.877Z] Archived: /home/mpb/Documents/GitHub/ai_workflow.js/docs/api/html/media/README.md
[2026-03-11T20:56:55.878Z] Archived: /home/mpb/Documents/GitHub/ai_workflow.js/docs/api/html/media/CLEANUP_ARTIFACTS.md
[2026-03-11T20:56:55.878Z] Archived: /home/mpb/Documents/GitHub/ai_workflow.js/docs/api/html/media/CLI_QUICK_REFERENCE.md
[2026-03-11T20:56:55.879Z] Archived: /home/mpb/Documents/GitHub/ai_workflow.js/docs/api/html/media/CLI_USAGE_GUIDE.md
[2026-03-11T20:56:55.879Z] Archived: /home/mpb/Documents/GitHub/ai_workflow.js/docs/api/html/media/MIGRATION_PLAN.md
[2026-03-11T20:56:55.879Z] Archived: /home/mpb/Documents/GitHub/ai_workflow.js/docs/api/html/media/PREPARE_RELEASE.md
[2026-03-11T20:56:55.880Z] Archived: /home/mpb/Documents/GitHub/ai_workflow.js/docs/api/html/media/SETUP.md
[2026-03-11T20:56:55.880Z] Archived: /home/mpb/Documents/GitHub/ai_workflow.js/docs/api/html/media/TEST_INTEGRATION.md
[2026-03-11T20:56:55.881Z] Archived: /home/mpb/Documents/GitHub/ai_workflow.js/docs/api/html/media/VALIDATE.md
[2026-03-11T20:56:55.881Z] Consolidation complete: 11 removed, 11 kept
[2026-03-11T20:56:55.881Z] Archiving 68 outdated files...
[2026-03-11T20:56:55.881Z] Created archive: /home/mpb/Documents/GitHub/ai_workflow.js/.ai_workflow/archive/docs/20260311_175655
[2026-03-11T20:56:55.882Z] Archived: /home/mpb/Documents/GitHub/ai_workflow.js/docs/FUNCTIONAL_REQUIREMENTS.md
[2026-03-11T20:56:55.882Z] Archived outdated: /home/mpb/Documents/GitHub/ai_workflow.js/docs/FUNCTIONAL_REQUIREMENTS.md
[2026-03-11T20:56:55.882Z] Archived: /home/mpb/Documents/GitHub/ai_workflow.js/docs/PHASE_C_COMPLETION_SUMMARY.md
[2026-03-11T20:56:55.882Z] Archived outdated: /home/mpb/Documents/GitHub/ai_workflow.js/docs/PHASE_C_COMPLETION_SUMMARY.md
[2026-03-11T20:56:55.882Z] Archived: /home/mpb/Documents/GitHub/ai_workflow.js/docs/PHASE_D_COMPLETION_SUMMARY.md
[2026-03-11T20:56:55.882Z] Archived outdated: /home/mpb/Documents/GitHub/ai_workflow.js/docs/PHASE_D_COMPLETION_SUMMARY.md
[2026-03-11T20:56:55.883Z] Archived: /home/mpb/Documents/GitHub/ai_workflow.js/docs/README.md
[2026-03-11T20:56:55.883Z] Archived outdated: /home/mpb/Documents/GitHub/ai_workflow.js/docs/README.md
[2026-03-11T20:56:55.883Z] Archived: /home/mpb/Documents/GitHub/ai_workflow.js/docs/WORKFLOW_ENGINE_REQUIREMENTS.md
[2026-03-11T20:56:55.883Z] Archived outdated: /home/mpb/Documents/GitHub/ai_workflow.js/docs/WORKFLOW_ENGINE_REQUIREMENTS.md
[2026-03-11T20:56:55.883Z] Archived: /home/mpb/Documents/GitHub/ai_workflow.js/docs/api/API_DOCS_INDEX.md
[2026-03-11T20:56:55.883Z] Archived outdated: /home/mpb/Documents/GitHub/ai_workflow.js/docs/api/API_DOCS_INDEX.md
[2026-03-11T20:56:55.884Z] Archived: /home/mpb/Documents/GitHub/ai_workflow.js/docs/api/EXAMPLES.md
[2026-03-11T20:56:55.884Z] Archived outdated: /home/mpb/Documents/GitHub/ai_workflow.js/docs/api/EXAMPLES.md
[2026-03-11T20:56:55.884Z] Archived: /home/mpb/Documents/GitHub/ai_workflow.js/docs/api/GENERATION_SUMMARY.md
[2026-03-11T20:56:55.884Z] Archived outdated: /home/mpb/Documents/GitHub/ai_workflow.js/docs/api/GENERATION_SUMMARY.md
[2026-03-11T20:56:55.884Z] Archived: /home/mpb/Documents/GitHub/ai_workflow.js/docs/api/README.md
[2026-03-11T20:56:55.884Z] Archived outdated: /home/mpb/Documents/GitHub/ai_workflow.js/docs/api/README.md
[2026-03-11T20:56:55.885Z] Archived: /home/mpb/Documents/GitHub/ai_workflow.js/docs/api/cleanup_handlers.md
[2026-03-11T20:56:55.885Z] Archived outdated: /home/mpb/Documents/GitHub/ai_workflow.js/docs/api/cleanup_handlers.md
[2026-03-11T20:56:55.885Z] Archived: /home/mpb/Documents/GitHub/ai_workflow.js/docs/api/core/colors.md
[2026-03-11T20:56:55.885Z] Archived outdated: /home/mpb/Documents/GitHub/ai_workflow.js/docs/api/core/colors.md
[2026-03-11T20:56:55.885Z] Archived: /home/mpb/Documents/GitHub/ai_workflow.js/docs/api/core/logger.md
[2026-03-11T20:56:55.885Z] Archived outdated: /home/mpb/Documents/GitHub/ai_workflow.js/docs/api/core/logger.md
[2026-03-11T20:56:55.885Z] Archived: /home/mpb/Documents/GitHub/ai_workflow.js/docs/api/core/version.md
[2026-03-11T20:56:55.885Z] Archived outdated: /home/mpb/Documents/GitHub/ai_workflow.js/docs/api/core/version.md
[2026-03-11T20:56:55.886Z] Archived: /home/mpb/Documents/GitHub/ai_workflow.js/docs/api/html/media/CLEANUP_ARTIFACTS.md
[2026-03-11T20:56:55.886Z] Archived outdated: /home/mpb/Documents/GitHub/ai_workflow.js/docs/api/html/media/CLEANUP_ARTIFACTS.md
[2026-03-11T20:56:55.886Z] Archived: /home/mpb/Documents/GitHub/ai_workflow.js/docs/api/html/media/CLI_USAGE_GUIDE.md
[2026-03-11T20:56:55.886Z] Archived outdated: /home/mpb/Documents/GitHub/ai_workflow.js/docs/api/html/media/CLI_USAGE_GUIDE.md
[2026-03-11T20:56:55.886Z] Archived: /home/mpb/Documents/GitHub/ai_workflow.js/docs/api/html/media/FUNCTIONAL_REQUIREMENTS.md
[2026-03-11T20:56:55.886Z] Archived outdated: /home/mpb/Documents/GitHub/ai_workflow.js/docs/api/html/media/FUNCTIONAL_REQUIREMENTS.md
[2026-03-11T20:56:55.887Z] Archived: /home/mpb/Documents/GitHub/ai_workflow.js/docs/api/html/media/MIGRATION_PLAN.md
[2026-03-11T20:56:55.887Z] Archived outdated: /home/mpb/Documents/GitHub/ai_workflow.js/docs/api/html/media/MIGRATION_PLAN.md
[2026-03-11T20:56:55.887Z] Archived: /home/mpb/Documents/GitHub/ai_workflow.js/docs/api/html/media/README.md
[2026-03-11T20:56:55.887Z] Archived outdated: /home/mpb/Documents/GitHub/ai_workflow.js/docs/api/html/media/README.md
[2026-03-11T20:56:55.887Z] Archived: /home/mpb/Documents/GitHub/ai_workflow.js/docs/api/html/media/WORKFLOW_ENGINE_REQUIREMENTS.md
[2026-03-11T20:56:55.887Z] Archived outdated: /home/mpb/Documents/GitHub/ai_workflow.js/docs/api/html/media/WORKFLOW_ENGINE_REQUIREMENTS.md
[2026-03-11T20:56:55.888Z] Archived: /home/mpb/Documents/GitHub/ai_workflow.js/docs/api/lib/analysis_cache.md
[2026-03-11T20:56:55.888Z] Archived outdated: /home/mpb/Documents/GitHub/ai_workflow.js/docs/api/lib/analysis_cache.md
[2026-03-11T20:56:55.888Z] Archived: /home/mpb/Documents/GitHub/ai_workflow.js/docs/api/lib/backlog.md
[2026-03-11T20:56:55.888Z] Archived outdated: /home/mpb/Documents/GitHub/ai_workflow.js/docs/api/lib/backlog.md
[2026-03-11T20:56:55.888Z] Archived: /home/mpb/Documents/GitHub/ai_workflow.js/docs/api/lib/file_operations.md
[2026-03-11T20:56:55.888Z] Archived outdated: /home/mpb/Documents/GitHub/ai_workflow.js/docs/api/lib/file_operations.md
[2026-03-11T20:56:55.888Z] Archived: /home/mpb/Documents/GitHub/ai_workflow.js/docs/api/lib/incremental_analysis.md
[2026-03-11T20:56:55.888Z] Archived outdated: /home/mpb/Documents/GitHub/ai_workflow.js/docs/api/lib/incremental_analysis.md
[2026-03-11T20:56:55.889Z] Archived: /home/mpb/Documents/GitHub/ai_workflow.js/docs/api/lib/jq_wrapper.md
[2026-03-11T20:56:55.889Z] Archived outdated: /home/mpb/Documents/GitHub/ai_workflow.js/docs/api/lib/jq_wrapper.md
[2026-03-11T20:56:55.889Z] Archived: /home/mpb/Documents/GitHub/ai_workflow.js/docs/api/lib/performance.md
[2026-03-11T20:56:55.889Z] Archived outdated: /home/mpb/Documents/GitHub/ai_workflow.js/docs/api/lib/performance.md
[2026-03-11T20:56:55.889Z] Archived: /home/mpb/Documents/GitHub/ai_workflow.js/docs/api/lib/project_kind_config.md
[2026-03-11T20:56:55.889Z] Archived outdated: /home/mpb/Documents/GitHub/ai_workflow.js/docs/api/lib/project_kind_config.md
[2026-03-11T20:56:55.889Z] Archived: /home/mpb/Documents/GitHub/ai_workflow.js/docs/api/lib/project_kind_detection.md
[2026-03-11T20:56:55.889Z] Archived outdated: /home/mpb/Documents/GitHub/ai_workflow.js/docs/api/lib/project_kind_detection.md
[2026-03-11T20:56:55.890Z] Archived: /home/mpb/Documents/GitHub/ai_workflow.js/docs/api/lib/session_manager.md
[2026-03-11T20:56:55.890Z] Archived outdated: /home/mpb/Documents/GitHub/ai_workflow.js/docs/api/lib/session_manager.md
[2026-03-11T20:56:55.890Z] Archived: /home/mpb/Documents/GitHub/ai_workflow.js/docs/api/lib/tech_stack.md
[2026-03-11T20:56:55.890Z] Archived outdated: /home/mpb/Documents/GitHub/ai_workflow.js/docs/api/lib/tech_stack.md
[2026-03-11T20:56:55.890Z] Archived: /home/mpb/Documents/GitHub/ai_workflow.js/docs/api/lib/third_party_exclusion.md
[2026-03-11T20:56:55.890Z] Archived outdated: /home/mpb/Documents/GitHub/ai_workflow.js/docs/api/lib/third_party_exclusion.md
[2026-03-11T20:56:55.890Z] Archived: /home/mpb/Documents/GitHub/ai_workflow.js/docs/api/lib/utils.md
[2026-03-11T20:56:55.890Z] Archived outdated: /home/mpb/Documents/GitHub/ai_workflow.js/docs/api/lib/utils.md
[2026-03-11T20:56:55.891Z] Archived: /home/mpb/Documents/GitHub/ai_workflow.js/docs/api/logger.md
[2026-03-11T20:56:55.891Z] Archived outdated: /home/mpb/Documents/GitHub/ai_workflow.js/docs/api/logger.md
[2026-03-11T20:56:55.891Z] Archived: /home/mpb/Documents/GitHub/ai_workflow.js/docs/api/metrics.md
[2026-03-11T20:56:55.891Z] Archived outdated: /home/mpb/Documents/GitHub/ai_workflow.js/docs/api/metrics.md
[2026-03-11T20:56:55.891Z] Archived: /home/mpb/Documents/GitHub/ai_workflow.js/docs/api/orchestrator/checkpoint_manager.md
[2026-03-11T20:56:55.891Z] Archived outdated: /home/mpb/Documents/GitHub/ai_workflow.js/docs/api/orchestrator/checkpoint_manager.md
[2026-03-11T20:56:55.892Z] Archived: /home/mpb/Documents/GitHub/ai_workflow.js/docs/api/orchestrator/step_registry.md
[2026-03-11T20:56:55.892Z] Archived outdated: /home/mpb/Documents/GitHub/ai_workflow.js/docs/api/orchestrator/step_registry.md
[2026-03-11T20:56:55.892Z] Archived: /home/mpb/Documents/GitHub/ai_workflow.js/docs/api/orchestrator/workflow_engine.md
[2026-03-11T20:56:55.892Z] Archived outdated: /home/mpb/Documents/GitHub/ai_workflow.js/docs/api/orchestrator/workflow_engine.md
[2026-03-11T20:56:55.892Z] Archived: /home/mpb/Documents/GitHub/ai_workflow.js/docs/api/steps/step_01_documentation.md
[2026-03-11T20:56:55.892Z] Archived outdated: /home/mpb/Documents/GitHub/ai_workflow.js/docs/api/steps/step_01_documentation.md
[2026-03-11T20:56:55.892Z] Archived: /home/mpb/Documents/GitHub/ai_workflow.js/docs/api/steps/step_02_consistency.md
[2026-03-11T20:56:55.892Z] Archived outdated: /home/mpb/Documents/GitHub/ai_workflow.js/docs/api/steps/step_02_consistency.md
[2026-03-11T20:56:55.893Z] Archived: /home/mpb/Documents/GitHub/ai_workflow.js/docs/api/utils/errors.md
[2026-03-11T20:56:55.893Z] Archived outdated: /home/mpb/Documents/GitHub/ai_workflow.js/docs/api/utils/errors.md
[2026-03-11T20:56:55.893Z] Archived: /home/mpb/Documents/GitHub/ai_workflow.js/docs/architecture/DEPENDENCY_GRAPH.md
[2026-03-11T20:56:55.893Z] Archived outdated: /home/mpb/Documents/GitHub/ai_workflow.js/docs/architecture/DEPENDENCY_GRAPH.md
[2026-03-11T20:56:55.893Z] Archived: /home/mpb/Documents/GitHub/ai_workflow.js/docs/architecture/DESIGN_PRINCIPLES.md
[2026-03-11T20:56:55.893Z] Archived outdated: /home/mpb/Documents/GitHub/ai_workflow.js/docs/architecture/DESIGN_PRINCIPLES.md
[2026-03-11T20:56:55.893Z] Archived: /home/mpb/Documents/GitHub/ai_workflow.js/docs/architecture/MODULE_STRUCTURE.md
[2026-03-11T20:56:55.893Z] Archived outdated: /home/mpb/Documents/GitHub/ai_workflow.js/docs/architecture/MODULE_STRUCTURE.md
[2026-03-11T20:56:55.893Z] Archived: /home/mpb/Documents/GitHub/ai_workflow.js/docs/examples/advanced/README.md
[2026-03-11T20:56:55.893Z] Archived outdated: /home/mpb/Documents/GitHub/ai_workflow.js/docs/examples/advanced/README.md
[2026-03-11T20:56:55.894Z] Archived: /home/mpb/Documents/GitHub/ai_workflow.js/docs/examples/basic/README.md
[2026-03-11T20:56:55.894Z] Archived outdated: /home/mpb/Documents/GitHub/ai_workflow.js/docs/examples/basic/README.md
[2026-03-11T20:56:55.894Z] Archived: /home/mpb/Documents/GitHub/ai_workflow.js/docs/getting-started/FIRST_WORKFLOW.md
[2026-03-11T20:56:55.894Z] Archived outdated: /home/mpb/Documents/GitHub/ai_workflow.js/docs/getting-started/FIRST_WORKFLOW.md
[2026-03-11T20:56:55.894Z] Archived: /home/mpb/Documents/GitHub/ai_workflow.js/docs/getting-started/QUICK_START.md
[2026-03-11T20:56:55.894Z] Archived outdated: /home/mpb/Documents/GitHub/ai_workflow.js/docs/getting-started/QUICK_START.md
[2026-03-11T20:56:55.895Z] Archived: /home/mpb/Documents/GitHub/ai_workflow.js/docs/guides/CLEANUP_ARTIFACTS.md
[2026-03-11T20:56:55.895Z] Archived outdated: /home/mpb/Documents/GitHub/ai_workflow.js/docs/guides/CLEANUP_ARTIFACTS.md
[2026-03-11T20:56:55.895Z] Archived: /home/mpb/Documents/GitHub/ai_workflow.js/docs/guides/CLI_USAGE_GUIDE.md
[2026-03-11T20:56:55.895Z] Archived outdated: /home/mpb/Documents/GitHub/ai_workflow.js/docs/guides/CLI_USAGE_GUIDE.md
[2026-03-11T20:56:55.896Z] Archived: /home/mpb/Documents/GitHub/ai_workflow.js/docs/guides/CONFIGURATION_GUIDE.md
[2026-03-11T20:56:55.896Z] Archived outdated: /home/mpb/Documents/GitHub/ai_workflow.js/docs/guides/CONFIGURATION_GUIDE.md
[2026-03-11T20:56:55.896Z] Archived: /home/mpb/Documents/GitHub/ai_workflow.js/docs/guides/PHASE_C_COMPLETION_SUMMARY.md
[2026-03-11T20:56:55.896Z] Archived outdated: /home/mpb/Documents/GitHub/ai_workflow.js/docs/guides/PHASE_C_COMPLETION_SUMMARY.md
[2026-03-11T20:56:55.896Z] Archived: /home/mpb/Documents/GitHub/ai_workflow.js/docs/guides/TESTING_GUIDE.md
[2026-03-11T20:56:55.896Z] Archived outdated: /home/mpb/Documents/GitHub/ai_workflow.js/docs/guides/TESTING_GUIDE.md
[2026-03-11T20:56:55.896Z] Archived: /home/mpb/Documents/GitHub/ai_workflow.js/docs/guides/TEST_SPLITTING.md
[2026-03-11T20:56:55.896Z] Archived outdated: /home/mpb/Documents/GitHub/ai_workflow.js/docs/guides/TEST_SPLITTING.md
[2026-03-11T20:56:55.897Z] Archived: /home/mpb/Documents/GitHub/ai_workflow.js/docs/guides/TROUBLESHOOTING.md
[2026-03-11T20:56:55.897Z] Archived outdated: /home/mpb/Documents/GitHub/ai_workflow.js/docs/guides/TROUBLESHOOTING.md
[2026-03-11T20:56:55.897Z] Archived: /home/mpb/Documents/GitHub/ai_workflow.js/docs/guides/USER_GUIDE.md
[2026-03-11T20:56:55.897Z] Archived outdated: /home/mpb/Documents/GitHub/ai_workflow.js/docs/guides/USER_GUIDE.md
[2026-03-11T20:56:55.897Z] Archived: /home/mpb/Documents/GitHub/ai_workflow.js/docs/guides/VALIDATION_SCRIPTS.md
[2026-03-11T20:56:55.897Z] Archived outdated: /home/mpb/Documents/GitHub/ai_workflow.js/docs/guides/VALIDATION_SCRIPTS.md
[2026-03-11T20:56:55.897Z] Archived: /home/mpb/Documents/GitHub/ai_workflow.js/docs/misc/documentation_analysis_parallel.md
[2026-03-11T20:56:55.897Z] Archived outdated: /home/mpb/Documents/GitHub/ai_workflow.js/docs/misc/documentation_analysis_parallel.md
[2026-03-11T20:56:55.898Z] Archived: /home/mpb/Documents/GitHub/ai_workflow.js/docs/misc/documentation_updates.md
[2026-03-11T20:56:55.898Z] Archived outdated: /home/mpb/Documents/GitHub/ai_workflow.js/docs/misc/documentation_updates.md
[2026-03-11T20:56:55.898Z] Archived: /home/mpb/Documents/GitHub/ai_workflow.js/docs/reference/CLI_REFERENCE.md
[2026-03-11T20:56:55.898Z] Archived outdated: /home/mpb/Documents/GitHub/ai_workflow.js/docs/reference/CLI_REFERENCE.md
[2026-03-11T20:56:55.898Z] Archived: /home/mpb/Documents/GitHub/ai_workflow.js/docs/reference/COMMIT_HISTORY_SCHEMA.md
[2026-03-11T20:56:55.898Z] Archived outdated: /home/mpb/Documents/GitHub/ai_workflow.js/docs/reference/COMMIT_HISTORY_SCHEMA.md
[2026-03-11T20:56:55.898Z] Archived: /home/mpb/Documents/GitHub/ai_workflow.js/docs/reference/CONFIGURATION_SCHEMA.md
[2026-03-11T20:56:55.898Z] Archived outdated: /home/mpb/Documents/GitHub/ai_workflow.js/docs/reference/CONFIGURATION_SCHEMA.md
[2026-03-11T20:56:55.899Z] Archived: /home/mpb/Documents/GitHub/ai_workflow.js/docs/reference/ERROR_CODES.md
[2026-03-11T20:56:55.899Z] Archived outdated: /home/mpb/Documents/GitHub/ai_workflow.js/docs/reference/ERROR_CODES.md
[2026-03-11T20:56:55.899Z] Archived: /home/mpb/Documents/GitHub/ai_workflow.js/docs/reports/analysis/CLI_ENHANCEMENT_SUMMARY.md
[2026-03-11T20:56:55.899Z] Archived outdated: /home/mpb/Documents/GitHub/ai_workflow.js/docs/reports/analysis/CLI_ENHANCEMENT_SUMMARY.md
[2026-03-11T20:56:55.899Z] Archived: /home/mpb/Documents/GitHub/ai_workflow.js/docs/reports/analysis/CORRECTION_REPORT.md
[2026-03-11T20:56:55.899Z] Archived outdated: /home/mpb/Documents/GitHub/ai_workflow.js/docs/reports/analysis/CORRECTION_REPORT.md
[2026-03-11T20:56:55.899Z] Archived: /home/mpb/Documents/GitHub/ai_workflow.js/docs/reports/analysis/SCRIPT_VALIDATION_REPORT.md
[2026-03-11T20:56:55.899Z] Archived outdated: /home/mpb/Documents/GitHub/ai_workflow.js/docs/reports/analysis/SCRIPT_VALIDATION_REPORT.md
[2026-03-11T20:56:55.900Z] Archived: /home/mpb/Documents/GitHub/ai_workflow.js/docs/reports/bugfixes/BUGFIX_SUMMARY_2026_02_17.md
[2026-03-11T20:56:55.900Z] Archived outdated: /home/mpb/Documents/GitHub/ai_workflow.js/docs/reports/bugfixes/BUGFIX_SUMMARY_2026_02_17.md
[2026-03-11T20:56:55.900Z] Archived: /home/mpb/Documents/GitHub/ai_workflow.js/docs/reports/implementation/MIGRATION_PLAN.md
[2026-03-11T20:56:55.900Z] Archived outdated: /home/mpb/Documents/GitHub/ai_workflow.js/docs/reports/implementation/MIGRATION_PLAN.md
[2026-03-11T20:56:55.900Z] Archived: /home/mpb/Documents/GitHub/ai_workflow.js/docs/testing/REGRESSION_TESTS_2026_02_17.md
[2026-03-11T20:56:55.900Z] Archived outdated: /home/mpb/Documents/GitHub/ai_workflow.js/docs/testing/REGRESSION_TESTS_2026_02_17.md
[2026-03-11T20:56:55.900Z] Archived: /home/mpb/Documents/GitHub/ai_workflow.js/docs/tutorials/YOUR_FIRST_WORKFLOW.md
[2026-03-11T20:56:55.900Z] Archived outdated: /home/mpb/Documents/GitHub/ai_workflow.js/docs/tutorials/YOUR_FIRST_WORKFLOW.md
[2026-03-11T20:56:55.900Z] Archived 68 outdated files
[2026-03-11T20:56:55.901Z] Phase 7: Generating Report
[2026-03-11T20:56:55.901Z] Generating optimization report...
[2026-03-11T20:56:55.902Z] Report saved: /home/mpb/Documents/GitHub/ai_workflow.js/.ai_workflow/archive/docs/20260311_175655/optimization_report.md
[2026-03-11T20:56:55.902Z] 
📊 Optimization Complete!
═══════════════════════
  Files analyzed: 133
  Files optimized: 79
  Size saved: 0KB (0%)
  Token savings: ~0

[2026-03-11T20:56:55.902Z] 
Full report: /home/mpb/Documents/GitHub/ai_workflow.js/.ai_workflow/archive/docs/20260311_175655/optimization_report.md
[2026-03-11T20:56:55.902Z] ✓ Workflow complete (7s)
[2026-03-11T20:56:55.902Z] ✓ Step step_02_5 completed in 6616ms
[2026-03-11T20:56:55.903Z] [DEBUG] [Performance] step_02_5: 6.6s
[2026-03-11T20:56:55.903Z] ⚠ [WARNING] Operation 'step_02_5' took 6.6s (memory: 151.36MB)
[2026-03-11T20:56:55.903Z] [DEBUG] Recorded outcome for step_02_5: success
[2026-03-11T20:56:55.903Z] ✓ Completed: Documentation Optimization (7s)
[2026-03-11T20:56:55.903Z] Executing step: Script References (step_03)
[2026-03-11T20:56:55.903Z] [DEBUG] Prediction for step_03: skip (confidence: 0.95)
[2026-03-11T20:56:55.903Z] [DEBUG] [MLOptimizer] step_03: predicted skippable (confidence 0.95)
[2026-03-11T20:56:55.903Z] 
→ Starting: Script References
[2026-03-11T20:56:55.926Z] ════════════════════════════════════════════════════════════
[2026-03-11T20:56:55.926Z] 🔷  Step 3: Script Reference Validation
[2026-03-11T20:56:55.926Z] ════════════════════════════════════════════════════════════
[2026-03-11T20:56:55.979Z] Language: bash, patterns: *.sh
[2026-03-11T20:57:00.181Z] Found 6 script(s)
[2026-03-11T20:57:00.187Z] References: 5, missing: 0
[2026-03-11T20:57:00.187Z] Non-executable: 0
[2026-03-11T20:57:00.187Z] Undocumented: 1
[2026-03-11T20:57:03.228Z] ✗ SDK initialization failed: An onPermissionRequest handler is required when creating a session. For example, to allow all permissions, use { onPermissionRequest: approveAll }.
[2026-03-11T20:57:03.228Z] ⚠ AI helper not available - skipping AI analysis
[2026-03-11T20:57:03.228Z] ⚠ Step 3 completed - 1 issue(s) found
[2026-03-11T20:57:03.228Z] ✓ Step step_03 completed in 7325ms
[2026-03-11T20:57:03.228Z] [DEBUG] [Performance] step_03: 7.3s
[2026-03-11T20:57:03.228Z] ⚠ [WARNING] Operation 'step_03' took 7.3s (memory: 35.89MB)
[2026-03-11T20:57:03.228Z] [DEBUG] Recorded outcome for step_03: success
[2026-03-11T20:57:03.228Z] ✓ Completed: Script References (7s)
[2026-03-11T20:57:03.228Z] Executing step: Test Review (step_06)
[2026-03-11T20:57:03.229Z] [DEBUG] Prediction for step_06: skip (confidence: 0.95)
[2026-03-11T20:57:03.229Z] [DEBUG] [MLOptimizer] step_06: predicted skippable (confidence 0.95)
[2026-03-11T20:57:03.229Z] 
→ Starting: Test Review
[2026-03-11T20:57:03.260Z] ════════════════════════════════════════════════════════════
[2026-03-11T20:57:03.260Z] 🔷  Step 6: Test Review
[2026-03-11T20:57:03.260Z] ════════════════════════════════════════════════════════════
[2026-03-11T20:57:03.321Z] Detected language: javascript
[2026-03-11T20:57:05.469Z] Found 158 test file(s)
[2026-03-11T20:57:05.499Z] Unit: 0, Integration: 24, E2E: 8
[2026-03-11T20:57:05.500Z] ⚠ No coverage reports found
[2026-03-11T20:57:08.291Z] ✗ SDK initialization failed: An onPermissionRequest handler is required when creating a session. For example, to allow all permissions, use { onPermissionRequest: approveAll }.
[2026-03-11T20:57:08.291Z] ⚠ AI helper not available - skipping AI test review
[2026-03-11T20:57:08.291Z] ⚠ Step 6 completed - 2 issue(s) identified
[2026-03-11T20:57:08.291Z] ✓ Step step_06 completed in 5063ms
[2026-03-11T20:57:08.292Z] [DEBUG] [Performance] step_06: 5.1s
[2026-03-11T20:57:08.292Z] ⚠ [WARNING] Operation 'step_06' took 5.1s (memory: 92.4MB)
[2026-03-11T20:57:08.292Z] [DEBUG] Recorded outcome for step_06: success
[2026-03-11T20:57:08.292Z] ✓ Completed: Test Review (5s)
[2026-03-11T20:57:08.292Z] Executing step: Test Generation (step_07)
[2026-03-11T20:57:08.292Z] [DEBUG] Prediction for step_07: skip (confidence: 0.95)
[2026-03-11T20:57:08.292Z] [DEBUG] [MLOptimizer] step_07: predicted skippable (confidence 0.95)
[2026-03-11T20:57:08.292Z] 
→ Starting: Test Generation
[2026-03-11T20:57:08.322Z] ════════════════════════════════════════════════════════════
[2026-03-11T20:57:08.323Z] 🔷  Step 7: Test Generation
[2026-03-11T20:57:08.323Z] ════════════════════════════════════════════════════════════
[2026-03-11T20:57:08.382Z] Detected language: javascript
[2026-03-11T20:57:14.782Z] Found 129 source file(s), 160 test file(s)
[2026-03-11T20:57:14.794Z] Identified 2 untested file(s)
[2026-03-11T20:57:14.794Z] Test coverage: 98%
[2026-03-11T20:57:17.199Z] ✗ SDK initialization failed: An onPermissionRequest handler is required when creating a session. For example, to allow all permissions, use { onPermissionRequest: approveAll }.
[2026-03-11T20:57:17.199Z] ⚠ AI helper not available - skipping test generation
[2026-03-11T20:57:17.199Z] ⚠ Step 7 completed - 2 file(s) need testing
[2026-03-11T20:57:17.199Z] ✓ Step step_07 completed in 8907ms
[2026-03-11T20:57:17.199Z] [DEBUG] [Performance] step_07: 8.9s
[2026-03-11T20:57:17.199Z] ⚠ [WARNING] Operation 'step_07' took 8.9s (memory: 131.18MB)
[2026-03-11T20:57:17.200Z] [DEBUG] Recorded outcome for step_07: success
[2026-03-11T20:57:17.200Z] ✓ Completed: Test Generation (9s)
[2026-03-11T20:57:17.200Z] Executing step: Test Execution (step_08)
[2026-03-11T20:57:17.200Z] [DEBUG] Prediction for step_08: skip (confidence: 0.95)
[2026-03-11T20:57:17.200Z] [DEBUG] [MLOptimizer] step_08: predicted skippable (confidence 0.95)
[2026-03-11T20:57:17.200Z] 
→ Starting: Test Execution
[2026-03-11T20:57:17.231Z] ════════════════════════════════════════════════════════════
[2026-03-11T20:57:17.231Z] 🔷  Step 8: Test Execution
[2026-03-11T20:57:17.231Z] ════════════════════════════════════════════════════════════
[2026-03-11T20:57:17.271Z] Detected language: javascript
[2026-03-11T20:57:17.272Z] Test command: npm test
[2026-03-11T20:57:17.272Z] [DEBUG] [step_08] Executing test command: npm test in /home/mpb/Documents/GitHub/ai_workflow.js
[2026-03-11T20:57:17.272Z] ════════════════════════════════════════════════════════════
[2026-03-11T20:57:17.272Z] 🔷  Executing tests...
[2026-03-11T20:57:17.272Z] ════════════════════════════════════════════════════════════
[2026-03-11T20:57:17.272Z] [DEBUG] [step_08] Running: npm test (cwd: /home/mpb/Documents/GitHub/ai_workflow.js, timeout: 300000ms)
[2026-03-11T20:57:17.273Z] [DEBUG] [step_08] Test runner exited 1 — output length: 0 chars
[2026-03-11T20:57:17.273Z] [DEBUG] [step_08] Output snippet: 
[2026-03-11T20:57:17.273Z] ⚠ [step_08] Test runner produced no output (possible crash) — retrying with --ci flag
[2026-03-11T20:57:17.273Z] [DEBUG] [step_08] Running: npm test -- --ci (cwd: /home/mpb/Documents/GitHub/ai_workflow.js, timeout: 300000ms)
[2026-03-11T20:57:17.273Z] [DEBUG] [step_08] Test runner exited 1 — output length: 0 chars
[2026-03-11T20:57:17.273Z] [DEBUG] [step_08] Output snippet: 
[2026-03-11T20:57:17.273Z] [DEBUG] [step_08] Test command exited with code 1
[2026-03-11T20:57:17.273Z] [DEBUG] [step_08] Raw output length: 0 chars
[2026-03-11T20:57:17.273Z] Parsing test results...
[2026-03-11T20:57:17.273Z] [DEBUG] [step_08] Parsed results — passed: 0, failed: 0, skipped: 0, total: 0, suitesFailed: 0
[2026-03-11T20:57:17.273Z] Tests: 0 passed, 0 failed, 0 skipped
[2026-03-11T20:57:17.274Z] Coverage: 86.11% statements
[2026-03-11T20:57:17.275Z] ⚠ Coverage gaps: 38 module(s) below 80%
[2026-03-11T20:57:17.275Z] [DEBUG] [step_08] noTestsMessageInOutput: false, runnerCrashed: true, noTestsFound: true, anyFailure: false, success: true, exitCode: 1
[2026-03-11T20:57:20.090Z] ✗ SDK initialization failed: An onPermissionRequest handler is required when creating a session. For example, to allow all permissions, use { onPermissionRequest: approveAll }.
[2026-03-11T20:57:20.090Z] ⚠ AI helper not available - skipping AI analysis
[2026-03-11T20:57:20.090Z] ⚠ Step 8 completed - test runner exited with code 1 but produced no output (possible OOM kill or crash before first write). Run `npm test` manually to investigate.
[2026-03-11T20:57:20.091Z] ✓ Step step_08 completed in 2891ms
[2026-03-11T20:57:20.092Z] [DEBUG] [Performance] step_08: 2.9s
[2026-03-11T20:57:20.092Z] [DEBUG] Recorded outcome for step_08: success
[2026-03-11T20:57:20.092Z] ✓ Completed: Test Execution (3s)
[2026-03-11T20:57:20.092Z] Executing step: Dependency Analysis (step_09)
[2026-03-11T20:57:20.092Z] [DEBUG] Prediction for step_09: skip (confidence: 0.95)
[2026-03-11T20:57:20.092Z] [DEBUG] [MLOptimizer] step_09: predicted skippable (confidence 0.95)
[2026-03-11T20:57:20.093Z] 
→ Starting: Dependency Analysis
[2026-03-11T20:57:20.127Z] ════════════════════════════════════════════════════════════
[2026-03-11T20:57:20.127Z] 🔷  Step 9: Dependency Validation
[2026-03-11T20:57:20.127Z] ════════════════════════════════════════════════════════════
[2026-03-11T20:57:20.178Z] Detected language: javascript
[2026-03-11T20:57:20.179Z] Found dependency files: package.json, package-lock.json
[2026-03-11T20:57:20.181Z] Total dependencies: 27
[2026-03-11T20:57:20.188Z] ⚠ Lockfile integrity issues found (1):
[2026-03-11T20:57:20.188Z] ⚠   • node_modules/olinda_utils.js: non-HTTPS resolved URL "git+ssh://git@github.com/mpbarbosa/olinda_utils.js.git#959aaf049bfed6f36a44c9874d8bad52627e84a3"
[2026-03-11T20:57:20.190Z] ✓ No vulnerabilities found
[2026-03-11T20:57:20.190Z] ⚠ npm install --dry-run failed — possible unresolvable lockfile entries
[2026-03-11T20:57:20.190Z] ⚠   
[2026-03-11T20:57:23.034Z] ✗ SDK initialization failed: An onPermissionRequest handler is required when creating a session. For example, to allow all permissions, use { onPermissionRequest: approveAll }.
[2026-03-11T20:57:23.035Z] ⚠ AI helper not available - skipping AI dependency analysis
[2026-03-11T20:57:23.035Z] ✓ Step 9 completed - dependencies validated!
[2026-03-11T20:57:23.035Z] ✓ Step step_09 completed in 2943ms
[2026-03-11T20:57:23.035Z] [DEBUG] [Performance] step_09: 2.9s
[2026-03-11T20:57:23.035Z] [DEBUG] Recorded outcome for step_09: success
[2026-03-11T20:57:23.035Z] ✓ Completed: Dependency Analysis (3s)
[2026-03-11T20:57:23.035Z] Executing step: Code Quality (step_10)
[2026-03-11T20:57:23.035Z] [DEBUG] Prediction for step_10: skip (confidence: 0.95)
[2026-03-11T20:57:23.035Z] [DEBUG] [MLOptimizer] step_10: predicted skippable (confidence 0.95)
[2026-03-11T20:57:23.036Z] 
→ Starting: Code Quality
[2026-03-11T20:57:23.067Z] ════════════════════════════════════════════════════════════
[2026-03-11T20:57:23.067Z] 🔷  Step 10: Code Quality Analysis
[2026-03-11T20:57:23.067Z] ════════════════════════════════════════════════════════════
[2026-03-11T20:57:23.135Z] Detected languages: javascript, markdown, html, json, yaml, bash, typescript, css, python
[2026-03-11T20:57:25.323Z] javascript: 133 source file(s), linter: npm run lint
[2026-03-11T20:57:25.323Z] [DEBUG] [AnalysisCache] Cache miss: linter_fa2ea3df
[2026-03-11T20:57:25.324Z] [DEBUG] [AnalysisCache] Cached: linter_fa2ea3df (67 bytes)
[2026-03-11T20:57:25.324Z] ✓ javascript: no issues
[2026-03-11T20:57:25.718Z] json: 66 source file(s), linter: (native JSON.parse)
[2026-03-11T20:57:25.718Z] [DEBUG] [AnalysisCache] Cache miss: linter_bcda9f1f
[2026-03-11T20:57:25.820Z] [DEBUG] [AnalysisCache] Cached: linter_bcda9f1f (51 bytes)
[2026-03-11T20:57:25.820Z] ✓ json: no issues
[2026-03-11T20:57:26.255Z] bash: 6 source file(s), linter: find . -name "*.sh" -not -path "*/node_modules/*" -not -path "*/.git/*" | xargs shellcheck
[2026-03-11T20:57:26.255Z] [DEBUG] [AnalysisCache] Cache miss: linter_0a9904d6
[2026-03-11T20:57:26.255Z] [DEBUG] [AnalysisCache] Cached: linter_0a9904d6 (61 bytes)
[2026-03-11T20:57:26.255Z] ✓ bash: no issues
[2026-03-11T20:57:26.661Z] typescript: 4 source file(s), linter: npm run lint
[2026-03-11T20:57:26.661Z] [DEBUG] [AnalysisCache] Cache miss: linter_c2331179
[2026-03-11T20:57:26.662Z] [DEBUG] [AnalysisCache] Cached: linter_c2331179 (67 bytes)
[2026-03-11T20:57:26.662Z] ✓ typescript: no issues
[2026-03-11T20:57:27.052Z] python: 2 source file(s), linter: flake8 .
[2026-03-11T20:57:27.052Z] [DEBUG] [AnalysisCache] Cache miss: linter_659e11d0
[2026-03-11T20:57:27.052Z] [DEBUG] [AnalysisCache] Cached: linter_659e11d0 (67 bytes)
[2026-03-11T20:57:27.052Z] ✓ python: no issues
[2026-03-11T20:57:27.053Z] Total: 0 issue(s) across 5 language(s)
[2026-03-11T20:57:29.809Z] ✗ SDK initialization failed: An onPermissionRequest handler is required when creating a session. For example, to allow all permissions, use { onPermissionRequest: approveAll }.
[2026-03-11T20:57:29.810Z] ⚠ AI helper not available - skipping AI code quality review
[2026-03-11T20:57:29.810Z] ✓ Step 10 completed - code quality validated!
[2026-03-11T20:57:29.810Z] ✓ Step step_10 completed in 6775ms
[2026-03-11T20:57:29.810Z] [DEBUG] [Performance] step_10: 6.8s
[2026-03-11T20:57:29.810Z] ⚠ [WARNING] Operation 'step_10' took 6.8s (memory: 71.99MB)
[2026-03-11T20:57:29.810Z] [DEBUG] Recorded outcome for step_10: success
[2026-03-11T20:57:29.810Z] ✓ Completed: Code Quality (7s)
[2026-03-11T20:57:29.810Z] Executing step: Context Management (step_11)
[2026-03-11T20:57:29.810Z] [DEBUG] Prediction for step_11: skip (confidence: 0.95)
[2026-03-11T20:57:29.810Z] [DEBUG] [MLOptimizer] step_11: predicted skippable (confidence 0.95)
[2026-03-11T20:57:29.811Z] 
→ Starting: Context Management
[2026-03-11T20:57:29.843Z] ════════════════════════════════════════════════════════════
[2026-03-11T20:57:29.843Z] 🔷  Step 11: Context Analysis
[2026-03-11T20:57:29.843Z] ════════════════════════════════════════════════════════════
[2026-03-11T20:57:29.844Z] Workflow completion: 100% (13/13)
[2026-03-11T20:57:29.875Z] Git state: 0 modified, 96 staged
[2026-03-11T20:57:29.971Z] Change impact: low (score: 0)
[2026-03-11T20:57:29.971Z] Issues: 0 total, 0 critical
[2026-03-11T20:57:29.971Z] Workflow duration: 57s
[2026-03-11T20:57:29.973Z] ✓ Step 11 completed - workflow context analyzed!
[2026-03-11T20:57:29.973Z] ✓ Step step_11 completed in 163ms
[2026-03-11T20:57:29.973Z] [DEBUG] [Performance] step_11: 163ms
[2026-03-11T20:57:29.973Z] [DEBUG] Recorded outcome for step_11: success
[2026-03-11T20:57:29.974Z] ✓ Completed: Context Management (0s)
[2026-03-11T20:57:29.974Z] Executing step: AWS LBS Validation (step_11_5)
[2026-03-11T20:57:29.974Z] [DEBUG] Prediction for step_11_5: skip (confidence: 0.95)
[2026-03-11T20:57:29.974Z] [DEBUG] [MLOptimizer] step_11_5: predicted skippable (confidence 0.95)
[2026-03-11T20:57:29.974Z] 
→ Starting: AWS LBS Validation
[2026-03-11T20:57:30.004Z] ════════════════════════════════════════════════════════════
[2026-03-11T20:57:30.004Z] 🔷  Step 11.5: AWS LBS Backend Validation
[2026-03-11T20:57:30.004Z] ════════════════════════════════════════════════════════════
[2026-03-11T20:57:30.006Z] Step 11.5 skipped — project kind 'nodejs_automation' is not aws_lbs_backend_setup
[2026-03-11T20:57:30.006Z] ✓ Step step_11_5 completed in 32ms
[2026-03-11T20:57:30.006Z] [DEBUG] [Performance] step_11_5: 32ms
[2026-03-11T20:57:30.006Z] [DEBUG] Recorded outcome for step_11_5: success
[2026-03-11T20:57:30.006Z] ✓ Completed: AWS LBS Validation (0s)
[2026-03-11T20:57:30.006Z] Executing step: Markdown Linting (step_13)
[2026-03-11T20:57:30.006Z] [DEBUG] Prediction for step_13: skip (confidence: 0.95)
[2026-03-11T20:57:30.006Z] [DEBUG] [MLOptimizer] step_13: predicted skippable (confidence 0.95)
[2026-03-11T20:57:30.006Z] 
→ Starting: Markdown Linting
[2026-03-11T20:57:30.026Z] ════════════════════════════════════════════════════════════
[2026-03-11T20:57:30.026Z] 🔷  Step 13: Markdown Linting
[2026-03-11T20:57:30.026Z] ════════════════════════════════════════════════════════════
[2026-03-11T20:57:30.027Z] Enumerating markdown files...
[2026-03-11T20:57:30.094Z] Found 158 markdown files
[2026-03-11T20:57:30.094Z] Checking for mdl (markdownlint)...
[2026-03-11T20:57:30.331Z] mdl is installed: 0.13.0
[2026-03-11T20:57:30.331Z] Running mdl on all markdown files...
[2026-03-11T20:57:33.010Z] ⚠ Found 4637 markdown linting violations
[2026-03-11T20:57:33.010Z] Auto-fixing markdown violations via markdownlint-cli...
[2026-03-11T20:57:33.214Z] ✅ Auto-fix applied via npm run lint:md:fix
[2026-03-11T20:57:33.214Z] Running mdl on all markdown files...
[2026-03-11T20:57:35.711Z] ⚠ Found 4637 markdown linting violations
[2026-03-11T20:57:35.711Z] Auto-fix applied. Remaining violations: 4637
[2026-03-11T20:57:35.711Z] Checking for common markdown anti-patterns...
[2026-03-11T20:57:35.759Z] No common anti-patterns detected
[2026-03-11T20:57:38.291Z] ✗ SDK initialization failed: An onPermissionRequest handler is required when creating a session. For example, to allow all permissions, use { onPermissionRequest: approveAll }.
[2026-03-11T20:57:38.292Z] ⚠ AI helper not available - skipping AI analysis
[2026-03-11T20:57:38.292Z] ✓ Step step_13 completed in 8286ms
[2026-03-11T20:57:38.292Z] [DEBUG] [Performance] step_13: 8.3s
[2026-03-11T20:57:38.292Z] ⚠ [WARNING] Operation 'step_13' took 8.3s (memory: 86.17MB)
[2026-03-11T20:57:38.292Z] [DEBUG] Recorded outcome for step_13: success
[2026-03-11T20:57:38.292Z] ✓ Completed: Markdown Linting (8s)
[2026-03-11T20:57:38.292Z] Executing step: AWS Serverless AI Review (step_11_6)
[2026-03-11T20:57:38.293Z] [DEBUG] Prediction for step_11_6: skip (confidence: 0.95)
[2026-03-11T20:57:38.293Z] [DEBUG] [MLOptimizer] step_11_6: predicted skippable (confidence 0.95)
[2026-03-11T20:57:38.293Z] 
→ Starting: AWS Serverless AI Review
[2026-03-11T20:57:38.329Z] ════════════════════════════════════════════════════════════
[2026-03-11T20:57:38.329Z] 🔷  Step 11.6: AWS Serverless AI Review
[2026-03-11T20:57:38.329Z] ════════════════════════════════════════════════════════════
[2026-03-11T20:57:38.330Z] Step 11.6 skipped — project kind 'nodejs_automation' is not aws_lbs_backend_setup
[2026-03-11T20:57:38.330Z] ✓ Step step_11_6 completed in 37ms
[2026-03-11T20:57:38.330Z] [DEBUG] [Performance] step_11_6: 37ms
[2026-03-11T20:57:38.331Z] [DEBUG] Recorded outcome for step_11_6: success
[2026-03-11T20:57:38.331Z] ✓ Completed: AWS Serverless AI Review (0s)
[2026-03-11T20:57:38.331Z] Executing step: Prompt Engineering (step_14)
[2026-03-11T20:57:38.331Z] [DEBUG] Prediction for step_14: skip (confidence: 0.95)
[2026-03-11T20:57:38.331Z] [DEBUG] [MLOptimizer] step_14: predicted skippable (confidence 0.95)
[2026-03-11T20:57:38.331Z] 
→ Starting: Prompt Engineering
[2026-03-11T20:57:38.351Z] ════════════════════════════════════════════════════════════
[2026-03-11T20:57:38.351Z] 🔷  Step 14: Prompt Engineer Analysis
[2026-03-11T20:57:38.351Z] ════════════════════════════════════════════════════════════
[2026-03-11T20:57:38.351Z] Project type: nodejs_automation - analysis skipped
[2026-03-11T20:57:38.351Z] This step only runs on workflow automation projects
[2026-03-11T20:57:38.352Z] ✓ Step step_14 completed in 21ms
[2026-03-11T20:57:38.353Z] [DEBUG] [Performance] step_14: 21ms
[2026-03-11T20:57:38.353Z] [DEBUG] Recorded outcome for step_14: success
[2026-03-11T20:57:38.353Z] ✓ Completed: Prompt Engineering (0s)
[2026-03-11T20:57:38.353Z] Executing step: UX Analysis (step_15)
[2026-03-11T20:57:38.353Z] [DEBUG] Prediction for step_15: skip (confidence: 0.95)
[2026-03-11T20:57:38.353Z] [DEBUG] [MLOptimizer] step_15: predicted skippable (confidence 0.95)
[2026-03-11T20:57:38.353Z] 
→ Starting: UX Analysis
[2026-03-11T20:57:38.371Z] ════════════════════════════════════════════════════════════
[2026-03-11T20:57:38.371Z] 🔷  Step 15: UX Analysis
[2026-03-11T20:57:38.371Z] ════════════════════════════════════════════════════════════
[2026-03-11T20:57:42.099Z] Step 15: UX Analysis skipped - project type 'nodejs_automation' has no UI components
[2026-03-11T20:57:42.101Z] ✓ Step step_15 completed in 3748ms
[2026-03-11T20:57:42.101Z] [DEBUG] [Performance] step_15: 3.7s
[2026-03-11T20:57:42.101Z] [DEBUG] Recorded outcome for step_15: success
[2026-03-11T20:57:42.101Z] ✓ Completed: UX Analysis (4s)
[2026-03-11T20:57:42.101Z] Executing step: Version Update (step_16)
[2026-03-11T20:57:42.101Z] [DEBUG] Prediction for step_16: skip (confidence: 0.95)
[2026-03-11T20:57:42.101Z] [DEBUG] [MLOptimizer] step_16: predicted skippable (confidence 0.95)
[2026-03-11T20:57:42.102Z] 
→ Starting: Version Update
[2026-03-11T20:57:42.132Z] ════════════════════════════════════════════════════════════
[2026-03-11T20:57:42.132Z] 🔷  Step 16: Version Update
[2026-03-11T20:57:42.132Z] ════════════════════════════════════════════════════════════
[2026-03-11T20:57:42.132Z] Phase 1: Detecting current version...
[2026-03-11T20:57:42.134Z] ✓ Current version: 1.6.1
[2026-03-11T20:57:42.134Z] Phase 2: Determining bump type...
[2026-03-11T20:57:42.134Z] Heuristic bump type: patch
[2026-03-11T20:57:44.947Z] ✗ SDK initialization failed: An onPermissionRequest handler is required when creating a session. For example, to allow all permissions, use { onPermissionRequest: approveAll }.
[2026-03-11T20:57:44.948Z] [VERSION BUMP] previous: 1.6.1 → next: 1.6.2 (patch)
[2026-03-11T20:57:44.948Z] ✓ New version: 1.6.1 → 1.6.2
[2026-03-11T20:57:44.948Z] Phase 3: Updating versions in files...
[2026-03-11T20:57:44.979Z] Version scan found 183 file(s) referencing 1.6.1
[2026-03-11T20:57:45.071Z] ✓ Updated 183 files, skipped 88, failed 0
[2026-03-11T20:57:45.073Z] ✓ Step 16: Version update completed
[2026-03-11T20:57:45.073Z] ✓ Step step_16 completed in 2972ms
[2026-03-11T20:57:45.073Z] [DEBUG] [Performance] step_16: 3.0s
[2026-03-11T20:57:45.073Z] [DEBUG] Recorded outcome for step_16: success
[2026-03-11T20:57:45.073Z] ✓ Completed: Version Update (3s)
[2026-03-11T20:57:45.073Z] Executing step: Debugging Analysis (step_18)
[2026-03-11T20:57:45.073Z] [DEBUG] Prediction for step_18: skip (confidence: 0.95)
[2026-03-11T20:57:45.073Z] [DEBUG] [MLOptimizer] step_18: predicted skippable (confidence 0.95)
[2026-03-11T20:57:45.074Z] 
→ Starting: Debugging Analysis
[2026-03-11T20:57:45.107Z] ════════════════════════════════════════════════════════════
[2026-03-11T20:57:45.107Z] 🔷  Step 18: Debugging Analysis
[2026-03-11T20:57:45.107Z] ════════════════════════════════════════════════════════════
[2026-03-11T20:57:47.073Z] Analyzing 100 source file(s) for debugging patterns
[2026-03-11T20:57:47.077Z] Selected debugger persona: async_flow_debugger_prompt
[2026-03-11T20:57:50.124Z] ✗ SDK initialization failed: An onPermissionRequest handler is required when creating a session. For example, to allow all permissions, use { onPermissionRequest: approveAll }.
[2026-03-11T20:57:50.124Z] ⚠ AI helper not available - skipping debugging analysis
[2026-03-11T20:57:50.126Z] Step 18 completed - no AI content (AI unavailable or prompt missing)
[2026-03-11T20:57:50.126Z] ✓ Step step_18 completed in 5053ms
[2026-03-11T20:57:50.126Z] [DEBUG] [Performance] step_18: 5.1s
[2026-03-11T20:57:50.126Z] ⚠ [WARNING] Operation 'step_18' took 5.1s (memory: 90.98MB)
[2026-03-11T20:57:50.126Z] [DEBUG] Recorded outcome for step_18: success
[2026-03-11T20:57:50.126Z] ✓ Completed: Debugging Analysis (5s)
[2026-03-11T20:57:50.126Z] Executing step: TypeScript Review (step_19)
[2026-03-11T20:57:50.126Z] [DEBUG] Prediction for step_19: skip (confidence: 0.95)
[2026-03-11T20:57:50.126Z] [DEBUG] [MLOptimizer] step_19: predicted skippable (confidence 0.95)
[2026-03-11T20:57:50.126Z] 
→ Starting: TypeScript Review
[2026-03-11T20:57:50.158Z] ════════════════════════════════════════════════════════════
[2026-03-11T20:57:50.158Z] 🔷  Step 19: TypeScript Review
[2026-03-11T20:57:50.158Z] ════════════════════════════════════════════════════════════
[2026-03-11T20:57:51.157Z] Reviewing 4 TypeScript file(s) with Strider persona
[2026-03-11T20:57:51.159Z] Issue score: 0 (any=0, ts-ignore=0, missing-return-type=0)
[2026-03-11T20:57:53.858Z] ✗ SDK initialization failed: An onPermissionRequest handler is required when creating a session. For example, to allow all permissions, use { onPermissionRequest: approveAll }.
[2026-03-11T20:57:53.858Z] ⚠ AI helper not available - skipping TypeScript AI review
[2026-03-11T20:57:53.860Z] Step 19 completed - no AI content (AI unavailable or prompt missing)
[2026-03-11T20:57:53.860Z] ✓ Step step_19 completed in 3734ms
[2026-03-11T20:57:53.861Z] [DEBUG] [Performance] step_19: 3.7s
[2026-03-11T20:57:53.861Z] [DEBUG] Recorded outcome for step_19: success
[2026-03-11T20:57:53.861Z] ✓ Completed: TypeScript Review (4s)
[2026-03-11T20:57:53.861Z] Executing step: Workflow Summary (step_17)
[2026-03-11T20:57:53.861Z] [DEBUG] Prediction for step_17: skip (confidence: 0.95)
[2026-03-11T20:57:53.861Z] [DEBUG] [MLOptimizer] step_17: predicted skippable (confidence 0.95)
[2026-03-11T20:57:53.861Z] 
→ Starting: Workflow Summary
[2026-03-11T20:57:53.895Z] ════════════════════════════════════════════════════════════
[2026-03-11T20:57:53.895Z] 🔷  Step 17: Workflow Summary
[2026-03-11T20:57:53.895Z] ════════════════════════════════════════════════════════════
[2026-03-11T20:57:53.895Z] Generating workflow summary report...
[2026-03-11T20:57:53.899Z] Summary report written to: .ai_workflow/summaries/workflow_20260311_175632/workflow_summary.md
[2026-03-11T20:57:53.899Z] ✓ Workflow summary generated successfully
[2026-03-11T20:57:53.899Z] ✓ Step step_17 completed in 38ms
[2026-03-11T20:57:53.899Z] [DEBUG] [Performance] step_17: 38ms
[2026-03-11T20:57:53.899Z] [DEBUG] Recorded outcome for step_17: success
[2026-03-11T20:57:53.899Z] ✓ Completed: Workflow Summary (0s)
[2026-03-11T20:57:53.899Z] Executing step: Commit Artifacts (step_0f)
[2026-03-11T20:57:53.899Z] [DEBUG] Prediction for step_0f: skip (confidence: 0.95)
[2026-03-11T20:57:53.899Z] [DEBUG] [MLOptimizer] step_0f: predicted skippable (confidence 0.95)
[2026-03-11T20:57:53.899Z] 
→ Starting: Commit Artifacts
[2026-03-11T20:57:53.917Z] ════════════════════════════════════════════════════════════
[2026-03-11T20:57:53.917Z] 🔷  Step 0f: Commit Workflow Artifacts
[2026-03-11T20:57:53.917Z] ════════════════════════════════════════════════════════════
[2026-03-11T20:57:53.968Z] Found 86 artifact file(s) to commit
[2026-03-11T20:57:54.004Z] [DEBUG] Staged 86 file(s) (forced)
[2026-03-11T20:57:54.136Z] Created commit: 47d66c0 - chore(workflow): update docs and metrics [skip ci]
[2026-03-11T20:57:54.136Z] Auto-committed 86 files: chore(workflow): update docs and metrics [skip ci]
[2026-03-11T20:57:54.136Z] Committed 86 artifact file(s)
[2026-03-11T20:57:54.136Z] ✓ Step step_0f completed in 237ms
[2026-03-11T20:57:54.136Z] [DEBUG] [Performance] step_0f: 237ms
[2026-03-11T20:57:54.136Z] [DEBUG] Recorded outcome for step_0f: success
[2026-03-11T20:57:54.136Z] ✓ Completed: Commit Artifacts (0s)
[2026-03-11T20:57:54.136Z] Executing step: Git Finalization (step_12)
[2026-03-11T20:57:54.136Z] [DEBUG] Prediction for step_12: skip (confidence: 0.95)
[2026-03-11T20:57:54.136Z] [DEBUG] [MLOptimizer] step_12: predicted skippable (confidence 0.95)
[2026-03-11T20:57:54.137Z] 
→ Starting: Git Finalization
[2026-03-11T20:57:54.170Z] ════════════════════════════════════════════════════════════
[2026-03-11T20:57:54.170Z] 🔷  Step 12: Git Finalization
[2026-03-11T20:57:54.170Z] ════════════════════════════════════════════════════════════
[2026-03-11T20:57:54.170Z] Analyzing git repository state...
[2026-03-11T20:57:54.250Z] Branch: main (ahead: 14, behind: 3)
[2026-03-11T20:57:54.250Z] Changes: 20 files
[2026-03-11T20:57:54.250Z] Inferred commit type: feat(implementation+tests)
[2026-03-11T20:57:54.250Z] Processing submodules...
[2026-03-11T20:57:54.331Z] Submodules (2 total):
  ✅ .workflow_core (heads/main) @ 8d57cb3
  ✅ .workflow_fspec (heads/main) @ 025acc2
  Summary: 2 initialized
[2026-03-11T20:57:54.331Z] Staging all changes...
[2026-03-11T20:57:54.463Z] [DEBUG] Submodule changes committed
[2026-03-11T20:57:54.547Z] Changes staged successfully
[2026-03-11T20:57:54.547Z] Generating commit message...
[2026-03-11T20:57:57.234Z] ✗ SDK initialization failed: An onPermissionRequest handler is required when creating a session. For example, to allow all permissions, use { onPermissionRequest: approveAll }.
[2026-03-11T20:57:57.234Z] Commit message generated (heuristic)
[2026-03-11T20:57:57.235Z] Creating commit...
[2026-03-11T20:57:59.631Z] Changes committed successfully
[2026-03-11T20:57:59.646Z] Tagged release: v1.6.2
[2026-03-11T20:58:02.569Z] Pushed tag v1.6.2 to remote
[2026-03-11T20:58:02.569Z] Pushing to origin/main...
[2026-03-11T20:58:05.437Z] ✗ Push failed: ExecutionError: git pull --rebase origin main: From github.com:mpbarbosa/ai_workflow.js
 * branch            main       -> FETCH_HEAD
Rebasing (1/15)Rebasing (2/15)Rebasing (3/15)Rebasing (4/15)Rebasing (5/15)Rebasing (6/15)error: could not apply 3752135... feat(phase-12): Testing & Documentation — 452 integration/e2e tests, Migration Guide, TypeScript types, typedoc
hint: Resolve all conflicts manually, mark them as resolved with
hint: "git add/rm <conflicted_files>", then run "git rebase --continue".
hint: You can instead skip this commit: run "git rebase --skip".
hint: To abort and get back to the state before "git rebase", run "git rebase --abort".
hint: Disable this message with "git config set advice.mergeConflict false"
Could not apply 3752135... # feat(phase-12): Testing & Documentation — 452 integration/e2e tests, Migration Guide, TypeScript types, typedoc
[2026-03-11T20:58:05.439Z] ✓ Step step_12 completed in 11303ms
[2026-03-11T20:58:05.439Z] [DEBUG] [Performance] step_12: 11.3s
[2026-03-11T20:58:05.439Z] ⚠ [WARNING] Operation 'step_12' took 11.3s (memory: 75.07MB)
[2026-03-11T20:58:05.439Z] [DEBUG] Recorded outcome for step_12: success
[2026-03-11T20:58:05.439Z] ✓ Completed: Git Finalization (11s)
[2026-03-11T20:58:05.439Z] ✓ Workflow completed in 92264ms
[2026-03-11T20:58:05.439Z] Results: 25/25 steps succeeded
[2026-03-11T20:58:05.504Z] Checkpoint saved: workflow_1773262593079-1773262685440
[2026-03-11T20:58:05.811Z] Checkpoint deleted: workflow_1772640573570-1772641222895
[2026-03-11T20:58:05.813Z] Checkpoint deleted: workflow_1772635672640-1772635910788
[2026-03-11T20:58:05.814Z] Checkpoint deleted: workflow_1772593687322-1772593800878
[2026-03-11T20:58:05.814Z] Checkpoint deleted: workflow_1772592316575-1772592460756
[2026-03-11T20:58:05.814Z] Checkpoint deleted: workflow_1772590761281-1772591006803
[2026-03-11T20:58:05.815Z] Checkpoint deleted: workflow_1772587860043-1772588011162
[2026-03-11T20:58:05.815Z] Checkpoint deleted: workflow_1772586660069-1772586812044
[2026-03-11T20:58:05.815Z] Checkpoint deleted: workflow_1772584998964-1772585116764
[2026-03-11T20:58:05.815Z] Checkpoint deleted: workflow_1772584003376-1772584027164
[2026-03-11T20:58:05.815Z] Checkpoint deleted: workflow_1772583478453-1772583531913
[2026-03-11T20:58:05.816Z] Checkpoint deleted: workflow_1772582709883-1772582743650
[2026-03-11T20:58:05.816Z] Checkpoint deleted: workflow_1772582094216-1772582154970
[2026-03-11T20:58:05.816Z] Checkpoint deleted: workflow_1772578412973-1772578510865
[2026-03-11T20:58:05.816Z] Checkpoint deleted: workflow_1772577067286-1772577166653
[2026-03-11T20:58:05.817Z] Checkpoint deleted: workflow_1772576248516-1772576753043
[2026-03-11T20:58:05.818Z] Checkpoint deleted: workflow_1772572510141-1772572695479
[2026-03-11T20:58:05.818Z] Checkpoint deleted: workflow_1772572223942-1772572370007
[2026-03-11T20:58:05.818Z] Checkpoint deleted: workflow_1772570749620-1772570927233
[2026-03-11T20:58:05.818Z] Checkpoint deleted: workflow_1772557019980-1772557283981
[2026-03-11T20:58:05.818Z] Checkpoint deleted: workflow_1772554554925-1772554882563
[2026-03-11T20:58:05.819Z] Checkpoint deleted: workflow_1772549312475-1772550251472
[2026-03-11T20:58:05.819Z] Checkpoint deleted: workflow_1772508425400-1772508968775
[2026-03-11T20:58:05.819Z] Checkpoint deleted: workflow_1772505535518-1772505890833
[2026-03-11T20:58:05.819Z] Checkpoint deleted: workflow_1772503222148-1772503874900
[2026-03-11T20:58:05.819Z] Cleaned up 24 old checkpoints
[2026-03-11T20:58:05.819Z] 
Generating workflow summary...
[2026-03-11T20:58:05.819Z] ════════════════════════════════════════════════════════════
[2026-03-11T20:58:05.819Z] 🔷  Step 17: Workflow Summary
[2026-03-11T20:58:05.819Z] ════════════════════════════════════════════════════════════
[2026-03-11T20:58:05.819Z] Generating workflow summary report...
[2026-03-11T20:58:05.820Z] Summary report written to: /home/mpb/Documents/GitHub/ai_workflow.js/.ai_workflow/summaries/workflow_20260311_175632/workflow_summary.md
[2026-03-11T20:58:05.820Z] ✓ Workflow summary generated successfully
[2026-03-11T20:58:05.820Z] [DEBUG] [Performance] workflow_total: 1m 33s
[2026-03-11T20:58:05.820Z] [DEBUG] [Performance] Total workflow: 1m 33s
[2026-03-11T20:58:05.820Z] 
━━━━━━━━━━━━━━━━━━━━━━━━━━━━━━━━━━━━━━━━
[2026-03-11T20:58:05.820Z] ✓ Workflow completed successfully
[2026-03-11T20:58:05.820Z] Duration: 93s
[2026-03-11T20:58:05.820Z] Steps: 25/25 succeeded
[2026-03-11T20:58:05.820Z] ━━━━━━━━━━━━━━━━━━━━━━━━━━━━━━━━━━━━━━━━

[2026-03-11T20:58:05.821Z] [DEBUG] [CommitHistory] Saved hash=a4c4d4d9dfa6493fb01220d0de8e83b875799354 runId=workflow_1773262593079
