[2026-02-26T14:26:12.628Z] 
→ Starting: Documentation Optimization
[2026-02-26T14:26:12.629Z] Documentation optimization initialized
[2026-02-26T14:26:12.630Z] ════════════════════════════════════════════════════════════
[2026-02-26T14:26:12.630Z] 🔷  Step 2.5: Documentation Optimization
[2026-02-26T14:26:12.630Z] ════════════════════════════════════════════════════════════
[2026-02-26T14:26:12.634Z] Phase 1: Heuristics Analysis (103 files)
[2026-02-26T14:26:12.660Z] Calculating content hashes...
[2026-02-26T14:26:12.668Z] Found 0 duplicate groups (0 redundant files)
[2026-02-26T14:26:12.668Z] Analyzing document similarity...
[2026-02-26T14:26:14.959Z] Found 0 redundant pairs above 80% similarity
[2026-02-26T14:26:14.959Z] Found 0 exact duplicates, 0 redundant pairs
[2026-02-26T14:26:14.959Z] Phase 2: Git History Analysis
[2026-02-26T14:26:14.959Z] Analyzing git history for 103 files...
[2026-02-26T14:26:16.232Z] Completed git analysis for 103 files
[2026-02-26T14:26:16.233Z] Found 0 outdated files
[2026-02-26T14:26:16.233Z] Phase 3: Version Reference Analysis
[2026-02-26T14:26:16.235Z] Detected version from package.json: 1.3.0
[2026-02-26T14:26:16.235Z] Analyzing version references in 103 files (current: 1.3.0)...
[2026-02-26T14:26:16.259Z] Completed version analysis for 103 files
[2026-02-26T14:26:16.260Z] Version analysis complete (0 total outdated)
[2026-02-26T14:26:16.260Z] Phase 4: AI Edge Case Analysis (skipped - no AI analyzer)
[2026-02-26T14:26:16.260Z] Phase 5: Optimization Summary
[2026-02-26T14:26:16.260Z] 
📊 Analysis Results:
───────────────────
  Total files analyzed: 103
  Exact duplicates: 0
  Redundant pairs: 0
  Outdated files: 0
  Files to optimize: 0

[2026-02-26T14:26:16.260Z] No optimizations needed
[2026-02-26T14:26:16.260Z] ✓ Workflow complete (4s)
[2026-02-26T14:26:16.260Z] ✓ Step step_02_5 completed in 3633ms
[2026-02-26T14:26:16.260Z] [DEBUG] [Performance] step_02_5: 3.6s
[2026-02-26T14:26:16.261Z] [DEBUG] Recorded outcome for step_02_5: success
[2026-02-26T14:26:16.261Z] ✓ Completed: Documentation Optimization (4s)
