[2026-02-26T14:25:58.188Z] 
→ Starting: Pre-Analysis
[2026-02-26T14:25:58.189Z] ════════════════════════════════════════════════════════════
[2026-02-26T14:25:58.189Z] 🔷  Step 0: Pre-Analysis - Analyzing Recent Changes
[2026-02-26T14:25:58.189Z] ════════════════════════════════════════════════════════════
[2026-02-26T14:25:58.283Z] Commits ahead of remote: 0
[2026-02-26T14:25:58.283Z] Modified files: 753
[2026-02-26T14:25:58.290Z] ✓ Project kind from config: nodejs_automation (configured)
[2026-02-26T14:25:58.324Z] ✓ Pre-analysis complete:
  • Commits ahead: 0
  • Modified files: 753
  • Change scope: full-stack
  • Documentation: 3 files
  • Tests: 23 files
  • Source: 18 files
  • Config: 3 files
  • Project kind: nodejs_automation (100% confidence)

[2026-02-26T14:25:58.335Z] ✓ Step step_00 completed in 147ms
[2026-02-26T14:25:58.336Z] [DEBUG] [Performance] step_00: 148ms
[2026-02-26T14:25:58.337Z] [DEBUG] Recorded outcome for step_00: success
[2026-02-26T14:25:58.337Z] ✓ Completed: Pre-Analysis (0s)
