[2026-02-26T14:25:58.338Z] 
→ Starting: Bootstrap Documentation
[2026-02-26T14:25:58.340Z] [DEBUG] Step0bBootstrapDocs.execute()
[2026-02-26T14:25:58.340Z] ════════════════════════════════════════════════════════════
[2026-02-26T14:25:58.340Z] 🔷  Step 0b: Documentation Gap Analysis and Generation
[2026-02-26T14:25:58.340Z] ════════════════════════════════════════════════════════════
[2026-02-26T14:25:58.340Z] Phase 1: Gathering project statistics...
[2026-02-26T14:25:58.340Z] [DEBUG] Gathering project statistics by scanning files...
[2026-02-26T14:25:58.340Z] [DEBUG] Listing all files in the project directory...
[2026-02-26T14:25:58.340Z] [DEBUG] Project root: /home/mpb/Documents/GitHub/ai_workflow.js
[2026-02-26T14:25:58.362Z] [DEBUG] Total files found: 753
[2026-02-26T14:25:58.362Z] [DEBUG] Converting to relative paths...
[2026-02-26T14:25:58.368Z] Project has 282 documentation files and 211 source files
[2026-02-26T14:25:58.368Z] README.md size: 13808 bytes, Has CHANGELOG: true, Has docs/ directory: true
[2026-02-26T14:25:58.368Z] Phase 2: Evaluating documentation coverage...
[2026-02-26T14:25:58.368Z] Step 0b: Sufficient documentation exists (282 files) - skipping bootstrap
[2026-02-26T14:25:58.369Z] ✓ Step step_0b completed in 31ms
[2026-02-26T14:25:58.369Z] [DEBUG] [Performance] step_0b: 31ms
[2026-02-26T14:25:58.369Z] [DEBUG] Recorded outcome for step_0b: success
[2026-02-26T14:25:58.369Z] ✓ Completed: Bootstrap Documentation (0s)
