[2026-03-07T19:49:19.866Z] ━━━━━━━━━━━━━━━━━━━━━━━━━━━━━━━━━━━━━━━━
[2026-03-07T19:49:19.867Z]   AI Workflow Automation - Starting
[2026-03-07T19:49:19.867Z] ━━━━━━━━━━━━━━━━━━━━━━━━━━━━━━━━━━━━━━━━
[2026-03-07T19:49:19.867Z] Stage: full
[2026-03-07T19:49:19.867Z] Mode: interactive
[2026-03-07T19:49:19.867Z] Detecting workflow profile based on changes...
[2026-03-07T19:49:19.903Z] Detected profile: full_validation
[2026-03-07T19:49:19.903Z]   Changed files: 232 (docs: 1, code: 15, tests: 3, infra: 2, other: 211)
[2026-03-07T19:49:19.903Z] Profile: full_validation
[2026-03-07T19:49:19.903Z] Performing health checks...
[2026-03-07T19:49:19.903Z] ✓ All health checks passed
[2026-03-07T19:49:19.912Z] Registering workflow steps...
[2026-03-07T19:49:19.912Z] [DEBUG] Registered step: step_00
[2026-03-07T19:49:19.912Z] [DEBUG] Registered step: step_0b
[2026-03-07T19:49:19.913Z] [DEBUG] Registered step: step_01
[2026-03-07T19:49:19.913Z] [DEBUG] Registered step: step_02
[2026-03-07T19:49:19.913Z] [DEBUG] Registered step: step_02_5
[2026-03-07T19:49:19.913Z] [DEBUG] Registered step: step_03
[2026-03-07T19:49:19.913Z] [DEBUG] Registered step: step_04
[2026-03-07T19:49:19.913Z] [DEBUG] Registered step: step_05
[2026-03-07T19:49:19.913Z] [DEBUG] Registered step: step_06
[2026-03-07T19:49:19.913Z] [DEBUG] Registered step: step_07
[2026-03-07T19:49:19.913Z] [DEBUG] Registered step: step_08
[2026-03-07T19:49:19.913Z] [DEBUG] Registered step: step_09
[2026-03-07T19:49:19.913Z] [DEBUG] Registered step: step_10
[2026-03-07T19:49:19.913Z] [DEBUG] Registered step: step_11
[2026-03-07T19:49:19.913Z] [DEBUG] Registered step: step_11_5
[2026-03-07T19:49:19.913Z] [DEBUG] Registered step: step_11_6
[2026-03-07T19:49:19.913Z] [DEBUG] Registered step: step_13
[2026-03-07T19:49:19.913Z] [DEBUG] Registered step: step_14
[2026-03-07T19:49:19.913Z] [DEBUG] Registered step: step_15
[2026-03-07T19:49:19.913Z] [DEBUG] Registered step: step_16
[2026-03-07T19:49:19.913Z] [DEBUG] Registered step: step_18
[2026-03-07T19:49:19.913Z] [DEBUG] Registered step: step_19
[2026-03-07T19:49:19.913Z] [DEBUG] Registered step: step_17
[2026-03-07T19:49:19.913Z] [DEBUG] Registered step: step_0f
[2026-03-07T19:49:19.913Z] [DEBUG] Registered step: step_12
[2026-03-07T19:49:19.913Z] ✓ Registered 25 workflow steps
[2026-03-07T19:49:19.913Z] Executing 25 steps for stage: full
[2026-03-07T19:49:19.913Z] [DEBUG] [CommitHistory] Loaded history; lastRunCommit=5569e6f325659031075836f7136b53995f0fd059
[2026-03-07T19:49:20.207Z] [CommitHistory] 37 file(s) changed since last run (5569e6f)
[2026-03-07T19:49:20.243Z] Full optimization: Analyzing changes...
[2026-03-07T19:49:20.245Z] Docs-only analysis: NO (21.67% docs, 0% faster)
[2026-03-07T19:49:20.247Z] Code optimization: backend (0 steps skipped)
[2026-03-07T19:49:20.248Z] Full optimization: Selected strategy 'standard' (confidence: 30%)
[2026-03-07T19:49:20.248Z] 
Starting workflow execution...

[2026-03-07T19:49:20.326Z] [DEBUG] No model file found, starting fresh
