[2026-03-11T20:42:42.636Z] 
→ Starting: Bootstrap Documentation
[2026-03-11T20:42:42.660Z] [DEBUG] Step0bBootstrapDocs.execute()
[2026-03-11T20:42:42.660Z] ════════════════════════════════════════════════════════════
[2026-03-11T20:42:42.660Z] 🔷  Step 0b: Documentation Gap Analysis and Generation
[2026-03-11T20:42:42.660Z] ════════════════════════════════════════════════════════════
[2026-03-11T20:42:42.660Z] Phase 1: Gathering project statistics...
[2026-03-11T20:42:42.661Z] [DEBUG] Gathering project statistics by scanning files...
[2026-03-11T20:42:42.661Z] [DEBUG] Listing all files in the project directory...
[2026-03-11T20:42:42.661Z] [DEBUG] Project root: /home/mpb/Documents/GitHub/ai_workflow.js
[2026-03-11T20:42:42.687Z] [DEBUG] Total files found: 1033
[2026-03-11T20:42:42.687Z] [DEBUG] Converting to relative paths...
[2026-03-11T20:42:42.694Z] Project has 461 documentation files and 304 source files
[2026-03-11T20:42:42.694Z] README.md size: 15078 bytes, Has CHANGELOG: true, Has docs/ directory: true
[2026-03-11T20:42:42.694Z] Phase 2: Evaluating documentation coverage...
[2026-03-11T20:42:42.694Z] Step 0b: Documentation coverage adequate - no bootstrap needed
[2026-03-11T20:42:42.695Z] ✓ Step step_0b completed in 59ms
[2026-03-11T20:42:42.696Z] [DEBUG] [Performance] step_0b: 60ms
[2026-03-11T20:42:42.696Z] [DEBUG] Recorded outcome for step_0b: success
[2026-03-11T20:42:42.696Z] ✓ Completed: Bootstrap Documentation (0s)
