[2026-03-11T20:43:27.788Z] 
→ Starting: Dependency Analysis
[2026-03-11T20:43:27.820Z] ════════════════════════════════════════════════════════════
[2026-03-11T20:43:27.820Z] 🔷  Step 9: Dependency Validation
[2026-03-11T20:43:27.820Z] ════════════════════════════════════════════════════════════
[2026-03-11T20:43:27.875Z] Detected language: javascript
[2026-03-11T20:43:27.876Z] Found dependency files: package.json, package-lock.json
[2026-03-11T20:43:27.877Z] Total dependencies: 27
[2026-03-11T20:43:27.882Z] ⚠ Lockfile integrity issues found (1):
[2026-03-11T20:43:27.882Z] ⚠   • node_modules/olinda_utils.js: non-HTTPS resolved URL "git+ssh://git@github.com/mpbarbosa/olinda_utils.js.git#959aaf049bfed6f36a44c9874d8bad52627e84a3"
[2026-03-11T20:43:27.883Z] ✓ No vulnerabilities found
[2026-03-11T20:43:27.884Z] ⚠ npm install --dry-run failed — possible unresolvable lockfile entries
[2026-03-11T20:43:27.884Z] ⚠   
[2026-03-11T20:43:30.356Z] ✗ SDK initialization failed: An onPermissionRequest handler is required when creating a session. For example, to allow all permissions, use { onPermissionRequest: approveAll }.
[2026-03-11T20:43:30.356Z] ⚠ AI helper not available - skipping AI dependency analysis
[2026-03-11T20:43:30.356Z] ✓ Step 9 completed - dependencies validated!
[2026-03-11T20:43:30.356Z] ✓ Step step_09 completed in 2568ms
[2026-03-11T20:43:30.356Z] [DEBUG] [Performance] step_09: 2.6s
[2026-03-11T20:43:30.356Z] [DEBUG] Recorded outcome for step_09: success
[2026-03-11T20:43:30.356Z] ✓ Completed: Dependency Analysis (3s)
