[2026-03-11T20:43:37.978Z] 
→ Starting: Markdown Linting
[2026-03-11T20:43:37.994Z] ════════════════════════════════════════════════════════════
[2026-03-11T20:43:37.994Z] 🔷  Step 13: Markdown Linting
[2026-03-11T20:43:37.994Z] ════════════════════════════════════════════════════════════
[2026-03-11T20:43:37.995Z] Enumerating markdown files...
[2026-03-11T20:43:38.062Z] Found 158 markdown files
[2026-03-11T20:43:38.063Z] Checking for mdl (markdownlint)...
[2026-03-11T20:43:38.307Z] mdl is installed: 0.13.0
[2026-03-11T20:43:38.307Z] Running mdl on all markdown files...
[2026-03-11T20:43:41.220Z] ⚠ Found 4637 markdown linting violations
[2026-03-11T20:43:41.220Z] Auto-fixing markdown violations via markdownlint-cli...
[2026-03-11T20:43:41.534Z] ✅ Auto-fix applied via npm run lint:md:fix
[2026-03-11T20:43:41.534Z] Running mdl on all markdown files...
[2026-03-11T20:43:44.771Z] ⚠ Found 4637 markdown linting violations
[2026-03-11T20:43:44.771Z] Auto-fix applied. Remaining violations: 4637
[2026-03-11T20:43:44.771Z] Checking for common markdown anti-patterns...
[2026-03-11T20:43:44.795Z] No common anti-patterns detected
[2026-03-11T20:43:47.545Z] ✗ SDK initialization failed: An onPermissionRequest handler is required when creating a session. For example, to allow all permissions, use { onPermissionRequest: approveAll }.
[2026-03-11T20:43:47.546Z] ⚠ AI helper not available - skipping AI analysis
[2026-03-11T20:43:47.546Z] ✓ Step step_13 completed in 9568ms
[2026-03-11T20:43:47.546Z] [DEBUG] [Performance] step_13: 9.6s
[2026-03-11T20:43:47.546Z] ⚠ [WARNING] Operation 'step_13' took 9.6s (memory: 129.78MB)
[2026-03-11T20:43:47.546Z] [DEBUG] Recorded outcome for step_13: success
[2026-03-11T20:43:47.546Z] ✓ Completed: Markdown Linting (10s)
