[2026-03-11T20:42:42.696Z] 
→ Starting: Documentation Updates
[2026-03-11T20:42:42.725Z] ════════════════════════════════════════════════════════════
[2026-03-11T20:42:42.725Z] 🔷  Step 1: AI-Powered Documentation Updates
[2026-03-11T20:42:42.725Z] ════════════════════════════════════════════════════════════
[2026-03-11T20:42:42.725Z] Changed files detected: 21 files
[2026-03-11T20:42:42.725Z] Classification: 3 docs, 8 source, 4 tests
[2026-03-11T20:42:42.725Z] Checking documentation changes (incremental mode)...
[2026-03-11T20:42:42.726Z] Step1: No cache found, starting fresh
[2026-03-11T20:42:42.729Z] Step1: Detected 3 changed files, 0 unchanged
[2026-03-11T20:42:42.729Z] Running documentation consistency validation...
[2026-03-11T20:42:42.731Z] Checking JSDoc coverage in 8 source file(s)...
[2026-03-11T20:42:42.731Z] ✓ Source JSDoc: all 8 file(s) properly documented
[2026-03-11T20:42:45.318Z] ✗ SDK initialization failed: An onPermissionRequest handler is required when creating a session. For example, to allow all permissions, use { onPermissionRequest: approveAll }.
[2026-03-11T20:42:45.326Z] [DEBUG] AI cache initialized: .ai_workflow/.ai_cache
[2026-03-11T20:42:45.326Z] ⚠ AI helper not available - skipping AI analysis
[2026-03-11T20:42:45.326Z] Running parallel documentation analysis...
[2026-03-11T20:42:45.327Z] Step1Parallel: Validating 3 files across 1 categories (BALANCED)
[2026-03-11T20:42:45.328Z] Step1Parallel: Validated api (3 files) in 0s
[2026-03-11T20:42:45.329Z] Step1Parallel: Completed validation in 0s (3/3 files)
[2026-03-11T20:42:45.329Z] ✓ Parallel analysis completed: 3 docs in 0ms
[2026-03-11T20:42:45.352Z] ✓ Step 1 completed successfully
[2026-03-11T20:42:45.352Z] ✓ Step step_01 completed in 2656ms
[2026-03-11T20:42:45.352Z] [DEBUG] [Performance] step_01: 2.7s
[2026-03-11T20:42:45.353Z] [DEBUG] Recorded outcome for step_01: success
[2026-03-11T20:42:45.353Z] ✓ Completed: Documentation Updates (3s)
