[2026-03-11T20:43:30.357Z] 
→ Starting: Code Quality
[2026-03-11T20:43:30.391Z] ════════════════════════════════════════════════════════════
[2026-03-11T20:43:30.391Z] 🔷  Step 10: Code Quality Analysis
[2026-03-11T20:43:30.391Z] ════════════════════════════════════════════════════════════
[2026-03-11T20:43:30.441Z] Detected languages: javascript, markdown, html, json, yaml, bash, typescript, css, python
[2026-03-11T20:43:32.425Z] javascript: 133 source file(s), linter: npm run lint
[2026-03-11T20:43:32.426Z] [DEBUG] [AnalysisCache] Cache miss: linter_fa2ea3df
[2026-03-11T20:43:32.426Z] [DEBUG] [AnalysisCache] Cached: linter_fa2ea3df (67 bytes)
[2026-03-11T20:43:32.426Z] ✓ javascript: no issues
[2026-03-11T20:43:32.904Z] json: 65 source file(s), linter: (native JSON.parse)
[2026-03-11T20:43:32.905Z] [DEBUG] [AnalysisCache] Cache miss: linter_bcda9f1f
[2026-03-11T20:43:33.083Z] [DEBUG] [AnalysisCache] Cached: linter_bcda9f1f (51 bytes)
[2026-03-11T20:43:33.083Z] ✓ json: no issues
[2026-03-11T20:43:33.833Z] bash: 6 source file(s), linter: find . -name "*.sh" -not -path "*/node_modules/*" -not -path "*/.git/*" | xargs shellcheck
[2026-03-11T20:43:33.834Z] [DEBUG] [AnalysisCache] Cache miss: linter_0a9904d6
[2026-03-11T20:43:33.834Z] [DEBUG] [AnalysisCache] Cached: linter_0a9904d6 (61 bytes)
[2026-03-11T20:43:33.834Z] ✓ bash: no issues
[2026-03-11T20:43:34.537Z] typescript: 4 source file(s), linter: npm run lint
[2026-03-11T20:43:34.537Z] [DEBUG] [AnalysisCache] Cache miss: linter_c2331179
[2026-03-11T20:43:34.537Z] [DEBUG] [AnalysisCache] Cached: linter_c2331179 (67 bytes)
[2026-03-11T20:43:34.537Z] ✓ typescript: no issues
[2026-03-11T20:43:34.958Z] python: 2 source file(s), linter: flake8 .
[2026-03-11T20:43:34.959Z] [DEBUG] [AnalysisCache] Cache miss: linter_659e11d0
[2026-03-11T20:43:34.959Z] [DEBUG] [AnalysisCache] Cached: linter_659e11d0 (67 bytes)
[2026-03-11T20:43:34.959Z] ✓ python: no issues
[2026-03-11T20:43:34.959Z] Total: 0 issue(s) across 5 language(s)
[2026-03-11T20:43:37.743Z] ✗ SDK initialization failed: An onPermissionRequest handler is required when creating a session. For example, to allow all permissions, use { onPermissionRequest: approveAll }.
[2026-03-11T20:43:37.744Z] ⚠ AI helper not available - skipping AI code quality review
[2026-03-11T20:43:37.744Z] ✓ Step 10 completed - code quality validated!
[2026-03-11T20:43:37.744Z] ✓ Step step_10 completed in 7388ms
[2026-03-11T20:43:37.744Z] [DEBUG] [Performance] step_10: 7.4s
[2026-03-11T20:43:37.744Z] ⚠ [WARNING] Operation 'step_10' took 7.4s (memory: 112.67MB)
[2026-03-11T20:43:37.744Z] [DEBUG] Recorded outcome for step_10: success
[2026-03-11T20:43:37.744Z] ✓ Completed: Code Quality (7s)
