[2026-03-11T20:44:04.657Z] 
→ Starting: Git Finalization
[2026-03-11T20:44:04.685Z] ════════════════════════════════════════════════════════════
[2026-03-11T20:44:04.685Z] 🔷  Step 12: Git Finalization
[2026-03-11T20:44:04.685Z] ════════════════════════════════════════════════════════════
[2026-03-11T20:44:04.685Z] Analyzing git repository state...
[2026-03-11T20:44:04.767Z] Branch: main (ahead: 13, behind: 3)
[2026-03-11T20:44:04.767Z] Changes: 28 files
[2026-03-11T20:44:04.767Z] Inferred commit type: feat(implementation+tests)
[2026-03-11T20:44:04.768Z] Processing submodules...
[2026-03-11T20:44:04.848Z] Submodules (2 total):
  ✅ .workflow_core (heads/main) @ 8d57cb3
  ✅ .workflow_fspec (heads/main) @ 025acc2
  Summary: 2 initialized
[2026-03-11T20:44:04.848Z] Staging all changes...
[2026-03-11T20:44:04.983Z] [DEBUG] Submodule changes committed
[2026-03-11T20:44:05.064Z] Changes staged successfully
[2026-03-11T20:44:05.065Z] Generating commit message...
[2026-03-11T20:44:07.617Z] ✗ SDK initialization failed: An onPermissionRequest handler is required when creating a session. For example, to allow all permissions, use { onPermissionRequest: approveAll }.
[2026-03-11T20:44:07.617Z] Commit message generated (heuristic)
[2026-03-11T20:44:07.618Z] Creating commit...
[2026-03-11T20:44:09.345Z] ✗ Git finalization failed: ExecutionError: git commit -F "/tmp/workflow_commit_1773261847618.txt": [STARTED] Backing up original state...
[COMPLETED] Backed up original state in git stash (b3f006d)
[STARTED] Running tasks for staged files...
[STARTED] .lintstagedrc.json — 96 files
[STARTED] *.{js,mjs,cjs} — 22 files
[STARTED] *.{json,md,yaml,yml} — 74 files
[STARTED] eslint --fix
[STARTED] prettier --write
[COMPLETED] prettier --write
[COMPLETED] *.{json,md,yaml,yml} — 74 files
[FAILED] eslint --fix [FAILED]
[FAILED] eslint --fix [FAILED]
[COMPLETED] Running tasks for staged files...
[STARTED] Applying modifications from tasks...
[SKIPPED] Skipped because of errors from tasks.
[STARTED] Reverting to original state because of errors...
[COMPLETED] Reverting to original state because of errors...
[STARTED] Cleaning up temporary files...
[COMPLETED] Cleaning up temporary files...

✖ eslint --fix:

/home/mpb/Documents/GitHub/ai_workflow.js/scripts/postinstall.js
  15:39  error  'existsSync' is defined but never used  no-unused-vars

✖ 1 problem (1 error, 0 warnings)
husky - pre-commit script failed (code 1)
[2026-03-11T20:44:09.346Z] ✗ Error executing step step_12: ExecutionError: git commit -F "/tmp/workflow_commit_1773261847618.txt": [STARTED] Backing up original state...
[COMPLETED] Backed up original state in git stash (b3f006d)
[STARTED] Running tasks for staged files...
[STARTED] .lintstagedrc.json — 96 files
[STARTED] *.{js,mjs,cjs} — 22 files
[STARTED] *.{json,md,yaml,yml} — 74 files
[STARTED] eslint --fix
[STARTED] prettier --write
[COMPLETED] prettier --write
[COMPLETED] *.{json,md,yaml,yml} — 74 files
[FAILED] eslint --fix [FAILED]
[FAILED] eslint --fix [FAILED]
[COMPLETED] Running tasks for staged files...
[STARTED] Applying modifications from tasks...
[SKIPPED] Skipped because of errors from tasks.
[STARTED] Reverting to original state because of errors...
[COMPLETED] Reverting to original state because of errors...
[STARTED] Cleaning up temporary files...
[COMPLETED] Cleaning up temporary files...

✖ eslint --fix:

/home/mpb/Documents/GitHub/ai_workflow.js/scripts/postinstall.js
  15:39  error  'existsSync' is defined but never used  no-unused-vars

✖ 1 problem (1 error, 0 warnings)
husky - pre-commit script failed (code 1)
[2026-03-11T20:44:09.346Z] ✗ Step step_12 failed: ExecutionError: git commit -F "/tmp/workflow_commit_1773261847618.txt": [STARTED] Backing up original state...
[COMPLETED] Backed up original state in git stash (b3f006d)
[STARTED] Running tasks for staged files...
[STARTED] .lintstagedrc.json — 96 files
[STARTED] *.{js,mjs,cjs} — 22 files
[STARTED] *.{json,md,yaml,yml} — 74 files
[STARTED] eslint --fix
[STARTED] prettier --write
[COMPLETED] prettier --write
[COMPLETED] *.{json,md,yaml,yml} — 74 files
[FAILED] eslint --fix [FAILED]
[FAILED] eslint --fix [FAILED]
[COMPLETED] Running tasks for staged files...
[STARTED] Applying modifications from tasks...
[SKIPPED] Skipped because of errors from tasks.
[STARTED] Reverting to original state because of errors...
[COMPLETED] Reverting to original state because of errors...
[STARTED] Cleaning up temporary files...
[COMPLETED] Cleaning up temporary files...

✖ eslint --fix:

/home/mpb/Documents/GitHub/ai_workflow.js/scripts/postinstall.js
  15:39  error  'existsSync' is defined but never used  no-unused-vars

✖ 1 problem (1 error, 0 warnings)
husky - pre-commit script failed (code 1)
[2026-03-11T20:44:09.347Z] [DEBUG] Recorded outcome for step_12: failure
[2026-03-11T20:44:09.347Z] ✗ ✗ Failed: Git Finalization - ExecutionError: git commit -F "/tmp/workflow_commit_1773261847618.txt": [STARTED] Backing up original state...
[COMPLETED] Backed up original state in git stash (b3f006d)
[STARTED] Running tasks for staged files...
[STARTED] .lintstagedrc.json — 96 files
[STARTED] *.{js,mjs,cjs} — 22 files
[STARTED] *.{json,md,yaml,yml} — 74 files
[STARTED] eslint --fix
[STARTED] prettier --write
[COMPLETED] prettier --write
[COMPLETED] *.{json,md,yaml,yml} — 74 files
[FAILED] eslint --fix [FAILED]
[FAILED] eslint --fix [FAILED]
[COMPLETED] Running tasks for staged files...
[STARTED] Applying modifications from tasks...
[SKIPPED] Skipped because of errors from tasks.
[STARTED] Reverting to original state because of errors...
[COMPLETED] Reverting to original state because of errors...
[STARTED] Cleaning up temporary files...
[COMPLETED] Cleaning up temporary files...

✖ eslint --fix:

/home/mpb/Documents/GitHub/ai_workflow.js/scripts/postinstall.js
  15:39  error  'existsSync' is defined but never used  no-unused-vars

✖ 1 problem (1 error, 0 warnings)
husky - pre-commit script failed (code 1)
