[2026-03-11T20:42:42.422Z] 
→ Starting: Pre-Analysis
[2026-03-11T20:42:42.454Z] ════════════════════════════════════════════════════════════
[2026-03-11T20:42:42.454Z] 🔷  Step 0: Pre-Analysis - Analyzing Recent Changes
[2026-03-11T20:42:42.454Z] ════════════════════════════════════════════════════════════
[2026-03-11T20:42:42.545Z] Commits ahead of remote: 0
[2026-03-11T20:42:42.545Z] Modified files: 102
[2026-03-11T20:42:42.553Z] ✓ Project kind from config: nodejs_automation (configured)
[2026-03-11T20:42:42.618Z] ✓ Pre-analysis complete:
  • Commits ahead: 0
  • Modified files: 102
  • Change scope: full-stack
  • Documentation: 3 files
  • Tests: 4 files
  • Source: 8 files
  • Config: 3 files
  • Project kind: nodejs_automation (100% confidence)

[2026-03-11T20:42:42.633Z] ✓ Step step_00 completed in 212ms
[2026-03-11T20:42:42.635Z] [DEBUG] [Performance] step_00: 213ms
[2026-03-11T20:42:42.635Z] [DEBUG] Recorded outcome for step_00: success
[2026-03-11T20:42:42.635Z] ✓ Completed: Pre-Analysis (0s)
