[2026-03-11T20:43:52.141Z] 
→ Starting: Version Update
[2026-03-11T20:43:52.169Z] ════════════════════════════════════════════════════════════
[2026-03-11T20:43:52.169Z] 🔷  Step 16: Version Update
[2026-03-11T20:43:52.169Z] ════════════════════════════════════════════════════════════
[2026-03-11T20:43:52.169Z] Phase 1: Detecting current version...
[2026-03-11T20:43:52.170Z] ✓ Current version: 1.6.0
[2026-03-11T20:43:52.170Z] Phase 2: Determining bump type...
[2026-03-11T20:43:52.170Z] Heuristic bump type: patch
[2026-03-11T20:43:54.817Z] ✗ SDK initialization failed: An onPermissionRequest handler is required when creating a session. For example, to allow all permissions, use { onPermissionRequest: approveAll }.
[2026-03-11T20:43:54.819Z] [VERSION BUMP] previous: 1.6.0 → next: 1.6.1 (patch)
[2026-03-11T20:43:54.819Z] ✓ New version: 1.6.0 → 1.6.1
[2026-03-11T20:43:54.819Z] Phase 3: Updating versions in files...
[2026-03-11T20:43:54.850Z] Version scan found 181 file(s) referencing 1.6.0
[2026-03-11T20:43:54.936Z] ✓ Updated 181 files, skipped 19, failed 0
[2026-03-11T20:43:54.937Z] ✓ Step 16: Version update completed
[2026-03-11T20:43:54.937Z] ✓ Step step_16 completed in 2797ms
[2026-03-11T20:43:54.938Z] [DEBUG] [Performance] step_16: 2.8s
[2026-03-11T20:43:54.938Z] [DEBUG] Recorded outcome for step_16: success
[2026-03-11T20:43:54.938Z] ✓ Completed: Version Update (3s)
