[2026-03-05T17:55:43.994Z] 
→ Starting: Bootstrap Documentation
[2026-03-05T17:55:43.995Z] [DEBUG] Step0bBootstrapDocs.execute()
[2026-03-05T17:55:43.995Z] ════════════════════════════════════════════════════════════
[2026-03-05T17:55:43.995Z] 🔷  Step 0b: Documentation Gap Analysis and Generation
[2026-03-05T17:55:43.995Z] ════════════════════════════════════════════════════════════
[2026-03-05T17:55:43.995Z] Phase 1: Gathering project statistics...
[2026-03-05T17:55:43.995Z] [DEBUG] Gathering project statistics by scanning files...
[2026-03-05T17:55:43.995Z] [DEBUG] Listing all files in the project directory...
[2026-03-05T17:55:43.995Z] [DEBUG] Project root: /home/mpb/Documents/GitHub/ai_workflow.js
[2026-03-05T17:55:43.999Z] [DEBUG] Total files found: 1102
[2026-03-05T17:55:43.999Z] [DEBUG] Converting to relative paths...
[2026-03-05T17:55:44.002Z] Project has 514 documentation files and 245 source files
[2026-03-05T17:55:44.002Z] README.md size: 14577 bytes, Has CHANGELOG: true, Has docs/ directory: true
[2026-03-05T17:55:44.002Z] Phase 2: Evaluating documentation coverage...
[2026-03-05T17:55:44.002Z] Step 0b: Documentation coverage adequate - no bootstrap needed
[2026-03-05T17:55:44.002Z] ✓ Step step_0b completed in 8ms
[2026-03-05T17:55:44.002Z] [DEBUG] [Performance] step_0b: 8ms
[2026-03-05T17:55:44.002Z] [DEBUG] Recorded outcome for step_0b: success
[2026-03-05T17:55:44.002Z] ✓ Completed: Bootstrap Documentation (0s)
