[2026-03-05T17:55:43.934Z] 
→ Starting: Pre-Analysis
[2026-03-05T17:55:43.934Z] ════════════════════════════════════════════════════════════
[2026-03-05T17:55:43.934Z] 🔷  Step 0: Pre-Analysis - Analyzing Recent Changes
[2026-03-05T17:55:43.934Z] ════════════════════════════════════════════════════════════
[2026-03-05T17:55:43.963Z] Commits ahead of remote: 0
[2026-03-05T17:55:43.963Z] Modified files: 188
[2026-03-05T17:55:43.967Z] ✓ Project kind from config: nodejs_automation (configured)
[2026-03-05T17:55:43.989Z] ✓ Pre-analysis complete:
  • Commits ahead: 0
  • Modified files: 188
  • Change scope: full-stack
  • Documentation: 1 files
  • Tests: 2 files
  • Source: 2 files
  • Config: 1 files
  • Project kind: nodejs_automation (100% confidence)

[2026-03-05T17:55:43.993Z] ✓ Step step_00 completed in 60ms
[2026-03-05T17:55:43.994Z] [DEBUG] [Performance] step_00: 61ms
[2026-03-05T17:55:43.994Z] [DEBUG] Recorded outcome for step_00: success
[2026-03-05T17:55:43.994Z] ✓ Completed: Pre-Analysis (0s)
