[2026-02-26T18:18:46.852Z] 
→ Starting: Documentation Optimization
[2026-02-26T18:18:46.853Z] Documentation optimization initialized
[2026-02-26T18:18:46.853Z] ════════════════════════════════════════════════════════════
[2026-02-26T18:18:46.853Z] 🔷  Step 2.5: Documentation Optimization
[2026-02-26T18:18:46.853Z] ════════════════════════════════════════════════════════════
[2026-02-26T18:18:46.854Z] Phase 1: Heuristics Analysis (101 files)
[2026-02-26T18:18:46.861Z] Calculating content hashes...
[2026-02-26T18:18:46.864Z] Found 0 duplicate groups (0 redundant files)
[2026-02-26T18:18:46.864Z] Analyzing document similarity...
[2026-02-26T18:18:48.485Z] Found 0 redundant pairs above 80% similarity
[2026-02-26T18:18:48.485Z] Found 0 exact duplicates, 0 redundant pairs
[2026-02-26T18:18:48.485Z] Phase 2: Git History Analysis
[2026-02-26T18:18:48.485Z] Analyzing git history for 101 files...
[2026-02-26T18:18:48.498Z] ⚠ Failed to get git history for /home/mpb/Documents/GitHub/ai_workflow.js/docs/API.md: this.gitAutomation.executeGitCommand is not a function
[2026-02-26T18:18:48.499Z] ⚠ Failed to get git history for /home/mpb/Documents/GitHub/ai_workflow.js/docs/ARCHITECTURE.md: this.gitAutomation.executeGitCommand is not a function
[2026-02-26T18:18:48.500Z] ⚠ Failed to get git history for /home/mpb/Documents/GitHub/ai_workflow.js/docs/CLI_USAGE_GUIDE.md: this.gitAutomation.executeGitCommand is not a function
[2026-02-26T18:18:48.500Z] ⚠ Failed to get git history for /home/mpb/Documents/GitHub/ai_workflow.js/docs/FUNCTIONAL_REQUIREMENTS.md: this.gitAutomation.executeGitCommand is not a function
[2026-02-26T18:18:48.501Z] ⚠ Failed to get git history for /home/mpb/Documents/GitHub/ai_workflow.js/docs/GETTING_STARTED.md: this.gitAutomation.executeGitCommand is not a function
[2026-02-26T18:18:48.501Z] ⚠ Failed to get git history for /home/mpb/Documents/GitHub/ai_workflow.js/docs/PHASE_C_COMPLETION_SUMMARY.md: this.gitAutomation.executeGitCommand is not a function
[2026-02-26T18:18:48.502Z] ⚠ Failed to get git history for /home/mpb/Documents/GitHub/ai_workflow.js/docs/PHASE_D_COMPLETION_SUMMARY.md: this.gitAutomation.executeGitCommand is not a function
[2026-02-26T18:18:48.502Z] ⚠ Failed to get git history for /home/mpb/Documents/GitHub/ai_workflow.js/docs/README.md: this.gitAutomation.executeGitCommand is not a function
[2026-02-26T18:18:48.503Z] ⚠ Failed to get git history for /home/mpb/Documents/GitHub/ai_workflow.js/docs/WORKFLOW_ENGINE_REQUIREMENTS.md: this.gitAutomation.executeGitCommand is not a function
[2026-02-26T18:18:48.503Z] ⚠ Failed to get git history for /home/mpb/Documents/GitHub/ai_workflow.js/docs/api/API_DOCS_INDEX.md: this.gitAutomation.executeGitCommand is not a function
[2026-02-26T18:18:48.504Z] ⚠ Failed to get git history for /home/mpb/Documents/GitHub/ai_workflow.js/docs/api/EXAMPLES.md: this.gitAutomation.executeGitCommand is not a function
[2026-02-26T18:18:48.504Z] ⚠ Failed to get git history for /home/mpb/Documents/GitHub/ai_workflow.js/docs/api/GENERATION_SUMMARY.md: this.gitAutomation.executeGitCommand is not a function
[2026-02-26T18:18:48.504Z] ⚠ Failed to get git history for /home/mpb/Documents/GitHub/ai_workflow.js/docs/api/README.md: this.gitAutomation.executeGitCommand is not a function
[2026-02-26T18:18:48.505Z] ⚠ Failed to get git history for /home/mpb/Documents/GitHub/ai_workflow.js/docs/api/cleanup_handlers.md: this.gitAutomation.executeGitCommand is not a function
[2026-02-26T18:18:48.505Z] ⚠ Failed to get git history for /home/mpb/Documents/GitHub/ai_workflow.js/docs/api/core/colors.md: this.gitAutomation.executeGitCommand is not a function
[2026-02-26T18:18:48.506Z] ⚠ Failed to get git history for /home/mpb/Documents/GitHub/ai_workflow.js/docs/api/core/executor.md: this.gitAutomation.executeGitCommand is not a function
[2026-02-26T18:18:48.506Z] ⚠ Failed to get git history for /home/mpb/Documents/GitHub/ai_workflow.js/docs/api/core/logger.md: this.gitAutomation.executeGitCommand is not a function
[2026-02-26T18:18:48.507Z] ⚠ Failed to get git history for /home/mpb/Documents/GitHub/ai_workflow.js/docs/api/core/system.md: this.gitAutomation.executeGitCommand is not a function
[2026-02-26T18:18:48.507Z] ⚠ Failed to get git history for /home/mpb/Documents/GitHub/ai_workflow.js/docs/api/core/version.md: this.gitAutomation.executeGitCommand is not a function
[2026-02-26T18:18:48.508Z] ⚠ Failed to get git history for /home/mpb/Documents/GitHub/ai_workflow.js/docs/api/lib/ai_cache.md: this.gitAutomation.executeGitCommand is not a function
[2026-02-26T18:18:48.508Z] ⚠ Failed to get git history for /home/mpb/Documents/GitHub/ai_workflow.js/docs/api/lib/ai_helpers.md: this.gitAutomation.executeGitCommand is not a function
[2026-02-26T18:18:48.509Z] ⚠ Failed to get git history for /home/mpb/Documents/GitHub/ai_workflow.js/docs/api/lib/ai_personas.md: this.gitAutomation.executeGitCommand is not a function
[2026-02-26T18:18:48.509Z] ⚠ Failed to get git history for /home/mpb/Documents/GitHub/ai_workflow.js/docs/api/lib/ai_prompt_builder.md: this.gitAutomation.executeGitCommand is not a function
[2026-02-26T18:18:48.510Z] ⚠ Failed to get git history for /home/mpb/Documents/GitHub/ai_workflow.js/docs/api/lib/ai_validation.md: this.gitAutomation.executeGitCommand is not a function
[2026-02-26T18:18:48.510Z] ⚠ Failed to get git history for /home/mpb/Documents/GitHub/ai_workflow.js/docs/api/lib/analysis_cache.md: this.gitAutomation.executeGitCommand is not a function
[2026-02-26T18:18:48.511Z] ⚠ Failed to get git history for /home/mpb/Documents/GitHub/ai_workflow.js/docs/api/lib/argument_parser.md: this.gitAutomation.executeGitCommand is not a function
[2026-02-26T18:18:48.511Z] ⚠ Failed to get git history for /home/mpb/Documents/GitHub/ai_workflow.js/docs/api/lib/auto_commit.md: this.gitAutomation.executeGitCommand is not a function
[2026-02-26T18:18:48.511Z] ⚠ Failed to get git history for /home/mpb/Documents/GitHub/ai_workflow.js/docs/api/lib/backlog.md: this.gitAutomation.executeGitCommand is not a function
[2026-02-26T18:18:48.512Z] ⚠ Failed to get git history for /home/mpb/Documents/GitHub/ai_workflow.js/docs/api/lib/change_detection.md: this.gitAutomation.executeGitCommand is not a function
[2026-02-26T18:18:48.512Z] ⚠ Failed to get git history for /home/mpb/Documents/GitHub/ai_workflow.js/docs/api/lib/cleanup_handlers.md: this.gitAutomation.executeGitCommand is not a function
[2026-02-26T18:18:48.513Z] ⚠ Failed to get git history for /home/mpb/Documents/GitHub/ai_workflow.js/docs/api/lib/config.md: this.gitAutomation.executeGitCommand is not a function
[2026-02-26T18:18:48.513Z] ⚠ Failed to get git history for /home/mpb/Documents/GitHub/ai_workflow.js/docs/api/lib/edit_operations.md: this.gitAutomation.executeGitCommand is not a function
[2026-02-26T18:18:48.514Z] ⚠ Failed to get git history for /home/mpb/Documents/GitHub/ai_workflow.js/docs/api/lib/file_operations.md: this.gitAutomation.executeGitCommand is not a function
[2026-02-26T18:18:48.514Z] ⚠ Failed to get git history for /home/mpb/Documents/GitHub/ai_workflow.js/docs/api/lib/git_automation.md: this.gitAutomation.executeGitCommand is not a function
[2026-02-26T18:18:48.515Z] ⚠ Failed to get git history for /home/mpb/Documents/GitHub/ai_workflow.js/docs/api/lib/git_cache.md: this.gitAutomation.executeGitCommand is not a function
[2026-02-26T18:18:48.515Z] ⚠ Failed to get git history for /home/mpb/Documents/GitHub/ai_workflow.js/docs/api/lib/incremental_analysis.md: this.gitAutomation.executeGitCommand is not a function
[2026-02-26T18:18:48.515Z] ⚠ Failed to get git history for /home/mpb/Documents/GitHub/ai_workflow.js/docs/api/lib/jq_wrapper.md: this.gitAutomation.executeGitCommand is not a function
[2026-02-26T18:18:48.516Z] ⚠ Failed to get git history for /home/mpb/Documents/GitHub/ai_workflow.js/docs/api/lib/metrics.md: this.gitAutomation.executeGitCommand is not a function
[2026-02-26T18:18:48.516Z] ⚠ Failed to get git history for /home/mpb/Documents/GitHub/ai_workflow.js/docs/api/lib/performance.md: this.gitAutomation.executeGitCommand is not a function
[2026-02-26T18:18:48.517Z] ⚠ Failed to get git history for /home/mpb/Documents/GitHub/ai_workflow.js/docs/api/lib/project_kind_config.md: this.gitAutomation.executeGitCommand is not a function
[2026-02-26T18:18:48.517Z] ⚠ Failed to get git history for /home/mpb/Documents/GitHub/ai_workflow.js/docs/api/lib/project_kind_detection.md: this.gitAutomation.executeGitCommand is not a function
[2026-02-26T18:18:48.518Z] ⚠ Failed to get git history for /home/mpb/Documents/GitHub/ai_workflow.js/docs/api/lib/session_manager.md: this.gitAutomation.executeGitCommand is not a function
[2026-02-26T18:18:48.518Z] ⚠ Failed to get git history for /home/mpb/Documents/GitHub/ai_workflow.js/docs/api/lib/step1_parallel.md: this.gitAutomation.executeGitCommand is not a function
[2026-02-26T18:18:48.519Z] ⚠ Failed to get git history for /home/mpb/Documents/GitHub/ai_workflow.js/docs/api/lib/tech_stack.md: this.gitAutomation.executeGitCommand is not a function
[2026-02-26T18:18:48.519Z] ⚠ Failed to get git history for /home/mpb/Documents/GitHub/ai_workflow.js/docs/api/lib/third_party_exclusion.md: this.gitAutomation.executeGitCommand is not a function
[2026-02-26T18:18:48.519Z] ⚠ Failed to get git history for /home/mpb/Documents/GitHub/ai_workflow.js/docs/api/lib/utils.md: this.gitAutomation.executeGitCommand is not a function
[2026-02-26T18:18:48.520Z] ⚠ Failed to get git history for /home/mpb/Documents/GitHub/ai_workflow.js/docs/api/logger.md: this.gitAutomation.executeGitCommand is not a function
[2026-02-26T18:18:48.520Z] ⚠ Failed to get git history for /home/mpb/Documents/GitHub/ai_workflow.js/docs/api/metrics.md: this.gitAutomation.executeGitCommand is not a function
[2026-02-26T18:18:48.521Z] ⚠ Failed to get git history for /home/mpb/Documents/GitHub/ai_workflow.js/docs/api/orchestrator/checkpoint_manager.md: this.gitAutomation.executeGitCommand is not a function
[2026-02-26T18:18:48.521Z] ⚠ Failed to get git history for /home/mpb/Documents/GitHub/ai_workflow.js/docs/api/orchestrator/conditional_executor.md: this.gitAutomation.executeGitCommand is not a function
[2026-02-26T18:18:48.522Z] ⚠ Failed to get git history for /home/mpb/Documents/GitHub/ai_workflow.js/docs/api/orchestrator/dependency_resolver.md: this.gitAutomation.executeGitCommand is not a function
[2026-02-26T18:18:48.522Z] ⚠ Failed to get git history for /home/mpb/Documents/GitHub/ai_workflow.js/docs/api/orchestrator/step_executor.md: this.gitAutomation.executeGitCommand is not a function
[2026-02-26T18:18:48.523Z] ⚠ Failed to get git history for /home/mpb/Documents/GitHub/ai_workflow.js/docs/api/orchestrator/step_registry.md: this.gitAutomation.executeGitCommand is not a function
[2026-02-26T18:18:48.523Z] ⚠ Failed to get git history for /home/mpb/Documents/GitHub/ai_workflow.js/docs/api/orchestrator/workflow_engine.md: this.gitAutomation.executeGitCommand is not a function
[2026-02-26T18:18:48.524Z] ⚠ Failed to get git history for /home/mpb/Documents/GitHub/ai_workflow.js/docs/api/steps/README.md: this.gitAutomation.executeGitCommand is not a function
[2026-02-26T18:18:48.524Z] ⚠ Failed to get git history for /home/mpb/Documents/GitHub/ai_workflow.js/docs/api/steps/step_00_analyze.md: this.gitAutomation.executeGitCommand is not a function
[2026-02-26T18:18:48.524Z] ⚠ Failed to get git history for /home/mpb/Documents/GitHub/ai_workflow.js/docs/api/steps/step_01_documentation.md: this.gitAutomation.executeGitCommand is not a function
[2026-02-26T18:18:48.525Z] ⚠ Failed to get git history for /home/mpb/Documents/GitHub/ai_workflow.js/docs/api/steps/step_02_consistency.md: this.gitAutomation.executeGitCommand is not a function
[2026-02-26T18:18:48.525Z] ⚠ Failed to get git history for /home/mpb/Documents/GitHub/ai_workflow.js/docs/api/steps/step_03_script_refs.md: this.gitAutomation.executeGitCommand is not a function
[2026-02-26T18:18:48.526Z] ⚠ Failed to get git history for /home/mpb/Documents/GitHub/ai_workflow.js/docs/api/utils/errors.md: this.gitAutomation.executeGitCommand is not a function
[2026-02-26T18:18:48.526Z] ⚠ Failed to get git history for /home/mpb/Documents/GitHub/ai_workflow.js/docs/api/utils.md: this.gitAutomation.executeGitCommand is not a function
[2026-02-26T18:18:48.527Z] ⚠ Failed to get git history for /home/mpb/Documents/GitHub/ai_workflow.js/docs/architecture/DEPENDENCY_GRAPH.md: this.gitAutomation.executeGitCommand is not a function
[2026-02-26T18:18:48.527Z] ⚠ Failed to get git history for /home/mpb/Documents/GitHub/ai_workflow.js/docs/architecture/DESIGN_PRINCIPLES.md: this.gitAutomation.executeGitCommand is not a function
[2026-02-26T18:18:48.528Z] ⚠ Failed to get git history for /home/mpb/Documents/GitHub/ai_workflow.js/docs/architecture/MODULE_STRUCTURE.md: this.gitAutomation.executeGitCommand is not a function
[2026-02-26T18:18:48.528Z] ⚠ Failed to get git history for /home/mpb/Documents/GitHub/ai_workflow.js/docs/architecture/OVERVIEW.md: this.gitAutomation.executeGitCommand is not a function
[2026-02-26T18:18:48.528Z] ⚠ Failed to get git history for /home/mpb/Documents/GitHub/ai_workflow.js/docs/examples/advanced/README.md: this.gitAutomation.executeGitCommand is not a function
[2026-02-26T18:18:48.529Z] ⚠ Failed to get git history for /home/mpb/Documents/GitHub/ai_workflow.js/docs/examples/basic/README.md: this.gitAutomation.executeGitCommand is not a function
[2026-02-26T18:18:48.529Z] ⚠ Failed to get git history for /home/mpb/Documents/GitHub/ai_workflow.js/docs/examples/integration/README.md: this.gitAutomation.executeGitCommand is not a function
[2026-02-26T18:18:48.530Z] ⚠ Failed to get git history for /home/mpb/Documents/GitHub/ai_workflow.js/docs/getting-started/FIRST_WORKFLOW.md: this.gitAutomation.executeGitCommand is not a function
[2026-02-26T18:18:48.530Z] ⚠ Failed to get git history for /home/mpb/Documents/GitHub/ai_workflow.js/docs/getting-started/INSTALLATION.md: this.gitAutomation.executeGitCommand is not a function
[2026-02-26T18:18:48.531Z] ⚠ Failed to get git history for /home/mpb/Documents/GitHub/ai_workflow.js/docs/getting-started/QUICK_START.md: this.gitAutomation.executeGitCommand is not a function
[2026-02-26T18:18:48.531Z] ⚠ Failed to get git history for /home/mpb/Documents/GitHub/ai_workflow.js/docs/guides/CLEANUP_ARTIFACTS.md: this.gitAutomation.executeGitCommand is not a function
[2026-02-26T18:18:48.532Z] ⚠ Failed to get git history for /home/mpb/Documents/GitHub/ai_workflow.js/docs/guides/CLI_EXAMPLES.md: this.gitAutomation.executeGitCommand is not a function
[2026-02-26T18:18:48.532Z] ⚠ Failed to get git history for /home/mpb/Documents/GitHub/ai_workflow.js/docs/guides/CLI_QUICK_REFERENCE.md: this.gitAutomation.executeGitCommand is not a function
[2026-02-26T18:18:48.533Z] ⚠ Failed to get git history for /home/mpb/Documents/GitHub/ai_workflow.js/docs/guides/CLI_USAGE_GUIDE.md: this.gitAutomation.executeGitCommand is not a function
[2026-02-26T18:18:48.533Z] ⚠ Failed to get git history for /home/mpb/Documents/GitHub/ai_workflow.js/docs/guides/CONDITIONAL_EXECUTION.md: this.gitAutomation.executeGitCommand is not a function
[2026-02-26T18:18:48.534Z] ⚠ Failed to get git history for /home/mpb/Documents/GitHub/ai_workflow.js/docs/guides/CONFIGURATION_GUIDE.md: this.gitAutomation.executeGitCommand is not a function
[2026-02-26T18:18:48.534Z] ⚠ Failed to get git history for /home/mpb/Documents/GitHub/ai_workflow.js/docs/guides/DEVELOPER_GUIDE.md: this.gitAutomation.executeGitCommand is not a function
[2026-02-26T18:18:48.535Z] ⚠ Failed to get git history for /home/mpb/Documents/GitHub/ai_workflow.js/docs/guides/PHASE_C_COMPLETION_SUMMARY.md: this.gitAutomation.executeGitCommand is not a function
[2026-02-26T18:18:48.535Z] ⚠ Failed to get git history for /home/mpb/Documents/GitHub/ai_workflow.js/docs/guides/TESTING_GUIDE.md: this.gitAutomation.executeGitCommand is not a function
[2026-02-26T18:18:48.536Z] ⚠ Failed to get git history for /home/mpb/Documents/GitHub/ai_workflow.js/docs/guides/TEST_SPLITTING.md: this.gitAutomation.executeGitCommand is not a function
[2026-02-26T18:18:48.536Z] ⚠ Failed to get git history for /home/mpb/Documents/GitHub/ai_workflow.js/docs/guides/TROUBLESHOOTING.md: this.gitAutomation.executeGitCommand is not a function
[2026-02-26T18:18:48.537Z] ⚠ Failed to get git history for /home/mpb/Documents/GitHub/ai_workflow.js/docs/guides/USER_GUIDE.md: this.gitAutomation.executeGitCommand is not a function
[2026-02-26T18:18:48.537Z] ⚠ Failed to get git history for /home/mpb/Documents/GitHub/ai_workflow.js/docs/guides/VALIDATION_SCRIPTS.md: this.gitAutomation.executeGitCommand is not a function
[2026-02-26T18:18:48.538Z] ⚠ Failed to get git history for /home/mpb/Documents/GitHub/ai_workflow.js/docs/guides/WORKFLOW_VALIDATION_GUIDE.md: this.gitAutomation.executeGitCommand is not a function
[2026-02-26T18:18:48.538Z] ⚠ Failed to get git history for /home/mpb/Documents/GitHub/ai_workflow.js/docs/misc/documentation_analysis_parallel.md: this.gitAutomation.executeGitCommand is not a function
[2026-02-26T18:18:48.539Z] ⚠ Failed to get git history for /home/mpb/Documents/GitHub/ai_workflow.js/docs/misc/documentation_updates.md: this.gitAutomation.executeGitCommand is not a function
[2026-02-26T18:18:48.539Z] ⚠ Failed to get git history for /home/mpb/Documents/GitHub/ai_workflow.js/docs/prompts_steps.md: this.gitAutomation.executeGitCommand is not a function
[2026-02-26T18:18:48.540Z] ⚠ Failed to get git history for /home/mpb/Documents/GitHub/ai_workflow.js/docs/reference/CLI_REFERENCE.md: this.gitAutomation.executeGitCommand is not a function
[2026-02-26T18:18:48.540Z] ⚠ Failed to get git history for /home/mpb/Documents/GitHub/ai_workflow.js/docs/reference/CONFIGURATION_SCHEMA.md: this.gitAutomation.executeGitCommand is not a function
[2026-02-26T18:18:48.541Z] ⚠ Failed to get git history for /home/mpb/Documents/GitHub/ai_workflow.js/docs/reference/ERROR_CODES.md: this.gitAutomation.executeGitCommand is not a function
[2026-02-26T18:18:48.541Z] ⚠ Failed to get git history for /home/mpb/Documents/GitHub/ai_workflow.js/docs/reports/analysis/CLI_ENHANCEMENT_SUMMARY.md: this.gitAutomation.executeGitCommand is not a function
[2026-02-26T18:18:48.541Z] ⚠ Failed to get git history for /home/mpb/Documents/GitHub/ai_workflow.js/docs/reports/analysis/CORRECTION_REPORT.md: this.gitAutomation.executeGitCommand is not a function
[2026-02-26T18:18:48.542Z] ⚠ Failed to get git history for /home/mpb/Documents/GitHub/ai_workflow.js/docs/reports/analysis/SCRIPT_VALIDATION_REPORT.md: this.gitAutomation.executeGitCommand is not a function
[2026-02-26T18:18:48.542Z] ⚠ Failed to get git history for /home/mpb/Documents/GitHub/ai_workflow.js/docs/reports/bugfixes/BUGFIX_SUMMARY.md: this.gitAutomation.executeGitCommand is not a function
[2026-02-26T18:18:48.543Z] ⚠ Failed to get git history for /home/mpb/Documents/GitHub/ai_workflow.js/docs/reports/bugfixes/BUGFIX_SUMMARY_2026_02_17.md: this.gitAutomation.executeGitCommand is not a function
[2026-02-26T18:18:48.543Z] ⚠ Failed to get git history for /home/mpb/Documents/GitHub/ai_workflow.js/docs/reports/implementation/MIGRATION_PLAN.md: this.gitAutomation.executeGitCommand is not a function
[2026-02-26T18:18:48.544Z] ⚠ Failed to get git history for /home/mpb/Documents/GitHub/ai_workflow.js/docs/reports/implementation/MIGRATION_PLAN_OLD_INCORRECT.md: this.gitAutomation.executeGitCommand is not a function
[2026-02-26T18:18:48.544Z] ⚠ Failed to get git history for /home/mpb/Documents/GitHub/ai_workflow.js/docs/testing/REGRESSION_TESTS_2026_02_17.md: this.gitAutomation.executeGitCommand is not a function
[2026-02-26T18:18:48.545Z] ⚠ Failed to get git history for /home/mpb/Documents/GitHub/ai_workflow.js/docs/tutorials/YOUR_FIRST_WORKFLOW.md: this.gitAutomation.executeGitCommand is not a function
[2026-02-26T18:18:48.545Z] ⚠ Failed to get git history for /home/mpb/Documents/GitHub/ai_workflow.js/docs/workflow-automation/README.md: this.gitAutomation.executeGitCommand is not a function
[2026-02-26T18:18:48.546Z] Completed git analysis for 101 files
[2026-02-26T18:18:48.546Z] Found 0 outdated files
[2026-02-26T18:18:48.546Z] Phase 3: Version Reference Analysis
[2026-02-26T18:18:48.546Z] Analyzing version references in 101 files (current: 0.0.0)...
[2026-02-26T18:18:48.554Z] Completed version analysis for 101 files
[2026-02-26T18:18:48.555Z] Version analysis complete (0 total outdated)
[2026-02-26T18:18:48.555Z] Phase 4: AI Edge Case Analysis (skipped - no AI analyzer)
[2026-02-26T18:18:48.555Z] Phase 5: Optimization Summary
[2026-02-26T18:18:48.555Z] 
📊 Analysis Results:
───────────────────
  Total files analyzed: 101
  Exact duplicates: 0
  Redundant pairs: 0
  Outdated files: 0
  Files to optimize: 0

[2026-02-26T18:18:48.555Z] No optimizations needed
[2026-02-26T18:18:48.555Z] ✓ Workflow complete (2s)
[2026-02-26T18:18:48.555Z] ✓ Step step_02_5 completed in 1703ms
[2026-02-26T18:18:48.555Z] ✓ Completed: Documentation Optimization (2s)
