[2026-02-26T15:05:13.546Z] 
→ Starting: Bootstrap Documentation
[2026-02-26T15:05:13.546Z] [DEBUG] Step0bBootstrapDocs.execute()
[2026-02-26T15:05:13.546Z] ════════════════════════════════════════════════════════════
[2026-02-26T15:05:13.546Z] 🔷  Step 0b: Documentation Gap Analysis and Generation
[2026-02-26T15:05:13.546Z] ════════════════════════════════════════════════════════════
[2026-02-26T15:05:13.547Z] Phase 1: Gathering project statistics...
[2026-02-26T15:05:13.547Z] [DEBUG] Gathering project statistics by scanning files...
[2026-02-26T15:05:13.547Z] [DEBUG] Listing all files in the project directory...
[2026-02-26T15:05:13.547Z] [DEBUG] Project root: /home/mpb/Documents/GitHub/ai_workflow.js
[2026-02-26T15:05:13.563Z] [DEBUG] Total files found: 808
[2026-02-26T15:05:13.563Z] [DEBUG] Converting to relative paths...
[2026-02-26T15:05:13.569Z] Project has 318 documentation files and 211 source files
[2026-02-26T15:05:13.569Z] README.md size: 13808 bytes, Has CHANGELOG: true, Has docs/ directory: true
[2026-02-26T15:05:13.569Z] Phase 2: Evaluating documentation coverage...
[2026-02-26T15:05:13.569Z] Step 0b: Sufficient documentation exists (318 files) - skipping bootstrap
[2026-02-26T15:05:13.571Z] ✓ Step step_0b completed in 26ms
[2026-02-26T15:05:13.571Z] [DEBUG] [Performance] step_0b: 26ms
[2026-02-26T15:05:13.571Z] [DEBUG] Recorded outcome for step_0b: success
[2026-02-26T15:05:13.571Z] ✓ Completed: Bootstrap Documentation (0s)
