[2026-02-26T15:05:27.547Z] 
→ Starting: Documentation Optimization
[2026-02-26T15:05:27.548Z] Documentation optimization initialized
[2026-02-26T15:05:27.548Z] ════════════════════════════════════════════════════════════
[2026-02-26T15:05:27.548Z] 🔷  Step 2.5: Documentation Optimization
[2026-02-26T15:05:27.548Z] ════════════════════════════════════════════════════════════
[2026-02-26T15:05:27.553Z] Phase 1: Heuristics Analysis (103 files)
[2026-02-26T15:05:27.579Z] Calculating content hashes...
[2026-02-26T15:05:27.585Z] Found 0 duplicate groups (0 redundant files)
[2026-02-26T15:05:27.585Z] Analyzing document similarity...
[2026-02-26T15:05:29.630Z] Found 0 redundant pairs above 80% similarity
[2026-02-26T15:05:29.630Z] Found 0 exact duplicates, 0 redundant pairs
[2026-02-26T15:05:29.630Z] Phase 2: Git History Analysis
[2026-02-26T15:05:29.631Z] Analyzing git history for 103 files...
[2026-02-26T15:05:30.961Z] Completed git analysis for 103 files
[2026-02-26T15:05:30.962Z] Found 0 outdated files
[2026-02-26T15:05:30.962Z] Phase 3: Version Reference Analysis
[2026-02-26T15:05:30.964Z] Detected version from package.json: 1.3.0
[2026-02-26T15:05:30.964Z] Analyzing version references in 103 files (current: 1.3.0)...
[2026-02-26T15:05:30.991Z] Completed version analysis for 103 files
[2026-02-26T15:05:30.992Z] Version analysis complete (0 total outdated)
[2026-02-26T15:05:30.992Z] Phase 4: AI Edge Case Analysis (skipped - no AI analyzer)
[2026-02-26T15:05:30.992Z] Phase 5: Optimization Summary
[2026-02-26T15:05:30.992Z] 
📊 Analysis Results:
───────────────────
  Total files analyzed: 103
  Exact duplicates: 0
  Redundant pairs: 0
  Outdated files: 0
  Files to optimize: 0

[2026-02-26T15:05:30.992Z] No optimizations needed
[2026-02-26T15:05:30.992Z] ✓ Workflow complete (3s)
[2026-02-26T15:05:30.992Z] ✓ Step step_02_5 completed in 3445ms
[2026-02-26T15:05:30.993Z] [DEBUG] [Performance] step_02_5: 3.4s
[2026-02-26T15:05:30.993Z] [DEBUG] Recorded outcome for step_02_5: success
[2026-02-26T15:05:30.993Z] ✓ Completed: Documentation Optimization (3s)
