[2026-02-26T15:05:13.383Z] 
→ Starting: Pre-Analysis
[2026-02-26T15:05:13.384Z] ════════════════════════════════════════════════════════════
[2026-02-26T15:05:13.384Z] 🔷  Step 0: Pre-Analysis - Analyzing Recent Changes
[2026-02-26T15:05:13.384Z] ════════════════════════════════════════════════════════════
[2026-02-26T15:05:13.477Z] Commits ahead of remote: 0
[2026-02-26T15:05:13.477Z] Modified files: 751
[2026-02-26T15:05:13.485Z] ✓ Project kind from config: nodejs_automation (configured)
[2026-02-26T15:05:13.531Z] ✓ Pre-analysis complete:
  • Commits ahead: 0
  • Modified files: 751
  • Change scope: full-stack
  • Documentation: 3 files
  • Tests: 21 files
  • Source: 18 files
  • Config: 3 files
  • Project kind: nodejs_automation (100% confidence)

[2026-02-26T15:05:13.543Z] ✓ Step step_00 completed in 161ms
[2026-02-26T15:05:13.544Z] [DEBUG] [Performance] step_00: 162ms
[2026-02-26T15:05:13.545Z] [DEBUG] Recorded outcome for step_00: success
[2026-02-26T15:05:13.545Z] ✓ Completed: Pre-Analysis (0s)
