[2026-03-04T22:20:03.016Z] 
→ Starting: Pre-Analysis
[2026-03-04T22:20:03.016Z] ════════════════════════════════════════════════════════════
[2026-03-04T22:20:03.016Z] 🔷  Step 0: Pre-Analysis - Analyzing Recent Changes
[2026-03-04T22:20:03.016Z] ════════════════════════════════════════════════════════════
[2026-03-04T22:20:03.054Z] Commits ahead of remote: 0
[2026-03-04T22:20:03.054Z] Modified files: 1159
[2026-03-04T22:20:03.059Z] ✓ Project kind from config: nodejs_automation (configured)
[2026-03-04T22:20:03.076Z] ✓ Pre-analysis complete:
  • Commits ahead: 0
  • Modified files: 1159
  • Change scope: full-stack
  • Documentation: 17 files
  • Tests: 10 files
  • Source: 7 files
  • Config: 3 files
  • Project kind: nodejs_automation (100% confidence)

[2026-03-04T22:20:03.081Z] ✓ Step step_00 completed in 64ms
[2026-03-04T22:20:03.081Z] [DEBUG] [Performance] step_00: 65ms
[2026-03-04T22:20:03.081Z] [DEBUG] Recorded outcome for step_00: success
[2026-03-04T22:20:03.081Z] ✓ Completed: Pre-Analysis (0s)
