[2026-03-04T22:22:07.386Z] 
→ Starting: Documentation Optimization
[2026-03-04T22:22:07.386Z] Documentation optimization initialized
[2026-03-04T22:22:07.386Z] ════════════════════════════════════════════════════════════
[2026-03-04T22:22:07.386Z] 🔷  Step 2.5: Documentation Optimization
[2026-03-04T22:22:07.386Z] ════════════════════════════════════════════════════════════
[2026-03-04T22:22:07.387Z] Phase 1: Heuristics Analysis (115 files)
[2026-03-04T22:22:07.394Z] Calculating content hashes...
[2026-03-04T22:22:07.397Z] Found 0 duplicate groups (0 redundant files)
[2026-03-04T22:22:07.397Z] Analyzing document similarity...
[2026-03-04T22:22:09.402Z] Found 0 redundant pairs above 80% similarity
[2026-03-04T22:22:09.402Z] Found 0 exact duplicates, 0 redundant pairs
[2026-03-04T22:22:09.402Z] Phase 2: Git History Analysis
[2026-03-04T22:22:09.402Z] Analyzing git history for 115 files...
[2026-03-04T22:22:10.552Z] Completed git analysis for 115 files
[2026-03-04T22:22:10.552Z] Found 0 outdated files
[2026-03-04T22:22:10.552Z] Phase 3: Version Reference Analysis
[2026-03-04T22:22:10.553Z] Detected version from package.json: 1.3.13
[2026-03-04T22:22:10.553Z] Analyzing version references in 115 files (current: 1.3.13)...
[2026-03-04T22:22:10.569Z] Completed version analysis for 115 files
[2026-03-04T22:22:10.569Z] Version analysis complete (0 total outdated)
[2026-03-04T22:22:10.569Z] Phase 4: AI Edge Case Analysis (skipped - no AI analyzer)
[2026-03-04T22:22:10.570Z] Phase 5: Optimization Summary
[2026-03-04T22:22:10.570Z] 
📊 Analysis Results:
───────────────────
  Total files analyzed: 115
  Exact duplicates: 0
  Redundant pairs: 0
  Outdated files: 0
  Files to optimize: 0

[2026-03-04T22:22:10.570Z] No optimizations needed
[2026-03-04T22:22:10.570Z] ✓ Workflow complete (3s)
[2026-03-04T22:22:10.570Z] ✓ Step step_02_5 completed in 3185ms
[2026-03-04T22:22:10.570Z] [DEBUG] [Performance] step_02_5: 3.2s
[2026-03-04T22:22:10.570Z] [DEBUG] Recorded outcome for step_02_5: success
[2026-03-04T22:22:10.570Z] ✓ Completed: Documentation Optimization (3s)
