[2026-03-04T22:20:03.081Z] 
→ Starting: Bootstrap Documentation
[2026-03-04T22:20:03.082Z] [DEBUG] Step0bBootstrapDocs.execute()
[2026-03-04T22:20:03.082Z] ════════════════════════════════════════════════════════════
[2026-03-04T22:20:03.082Z] 🔷  Step 0b: Documentation Gap Analysis and Generation
[2026-03-04T22:20:03.082Z] ════════════════════════════════════════════════════════════
[2026-03-04T22:20:03.082Z] Phase 1: Gathering project statistics...
[2026-03-04T22:20:03.082Z] [DEBUG] Gathering project statistics by scanning files...
[2026-03-04T22:20:03.082Z] [DEBUG] Listing all files in the project directory...
[2026-03-04T22:20:03.082Z] [DEBUG] Project root: /home/mpb/Documents/GitHub/ai_workflow.js
[2026-03-04T22:20:03.087Z] [DEBUG] Total files found: 1238
[2026-03-04T22:20:03.087Z] [DEBUG] Converting to relative paths...
[2026-03-04T22:20:03.090Z] Project has 489 documentation files and 236 source files
[2026-03-04T22:20:03.090Z] README.md size: 14577 bytes, Has CHANGELOG: true, Has docs/ directory: true
[2026-03-04T22:20:03.090Z] Phase 2: Evaluating documentation coverage...
[2026-03-04T22:20:03.090Z] Step 0b: Documentation coverage adequate - no bootstrap needed
[2026-03-04T22:20:03.091Z] ✓ Step step_0b completed in 10ms
[2026-03-04T22:20:03.091Z] [DEBUG] [Performance] step_0b: 10ms
[2026-03-04T22:20:03.091Z] [DEBUG] Recorded outcome for step_0b: success
[2026-03-04T22:20:03.091Z] ✓ Completed: Bootstrap Documentation (0s)
