[2026-02-26T17:33:44.162Z] 
→ Starting: Bootstrap Documentation
[2026-02-26T17:33:44.162Z] [DEBUG] Step0bBootstrapDocs.execute()
[2026-02-26T17:33:44.162Z] ════════════════════════════════════════════════════════════
[2026-02-26T17:33:44.162Z] 🔷  Step 0b: Documentation Gap Analysis and Generation
[2026-02-26T17:33:44.162Z] ════════════════════════════════════════════════════════════
[2026-02-26T17:33:44.162Z] Phase 1: Gathering project statistics...
[2026-02-26T17:33:44.162Z] [DEBUG] Gathering project statistics by scanning files...
[2026-02-26T17:33:44.162Z] [DEBUG] Listing all files in the project directory...
[2026-02-26T17:33:44.162Z] [DEBUG] Project root: /home/mpb/Documents/GitHub/ai_workflow.js
[2026-02-26T17:33:44.168Z] [DEBUG] Total files found: 1084
[2026-02-26T17:33:44.168Z] [DEBUG] Converting to relative paths...
[2026-02-26T17:33:44.174Z] Project has 472 documentation files and 211 source files
[2026-02-26T17:33:44.174Z] README.md size: 13808 bytes, Has CHANGELOG: true, Has docs/ directory: true
[2026-02-26T17:33:44.174Z] Phase 2: Evaluating documentation coverage...
[2026-02-26T17:33:44.174Z] Step 0b: Sufficient documentation exists (472 files) - skipping bootstrap
[2026-02-26T17:33:44.174Z] ✓ Step step_0b completed in 12ms
[2026-02-26T17:33:44.174Z] [DEBUG] [Performance] step_0b: 12ms
[2026-02-26T17:33:44.174Z] [DEBUG] Recorded outcome for step_0b: success
[2026-02-26T17:33:44.174Z] ✓ Completed: Bootstrap Documentation (0s)
