[2026-02-26T17:33:54.892Z] 
→ Starting: Documentation Optimization
[2026-02-26T17:33:54.893Z] Documentation optimization initialized
[2026-02-26T17:33:54.893Z] ════════════════════════════════════════════════════════════
[2026-02-26T17:33:54.893Z] 🔷  Step 2.5: Documentation Optimization
[2026-02-26T17:33:54.893Z] ════════════════════════════════════════════════════════════
[2026-02-26T17:33:54.894Z] Phase 1: Heuristics Analysis (103 files)
[2026-02-26T17:33:54.899Z] Calculating content hashes...
[2026-02-26T17:33:54.902Z] Found 0 duplicate groups (0 redundant files)
[2026-02-26T17:33:54.902Z] Analyzing document similarity...
[2026-02-26T17:33:56.597Z] Found 0 redundant pairs above 80% similarity
[2026-02-26T17:33:56.597Z] Found 0 exact duplicates, 0 redundant pairs
[2026-02-26T17:33:56.597Z] Phase 2: Git History Analysis
[2026-02-26T17:33:56.597Z] Analyzing git history for 103 files...
[2026-02-26T17:33:57.296Z] Completed git analysis for 103 files
[2026-02-26T17:33:57.296Z] Found 0 outdated files
[2026-02-26T17:33:57.296Z] Phase 3: Version Reference Analysis
[2026-02-26T17:33:57.297Z] Detected version from package.json: 1.3.7
[2026-02-26T17:33:57.297Z] Analyzing version references in 103 files (current: 1.3.7)...
[2026-02-26T17:33:57.311Z] Completed version analysis for 103 files
[2026-02-26T17:33:57.311Z] Version analysis complete (0 total outdated)
[2026-02-26T17:33:57.312Z] Phase 4: AI Edge Case Analysis (skipped - no AI analyzer)
[2026-02-26T17:33:57.312Z] Phase 5: Optimization Summary
[2026-02-26T17:33:57.312Z] 
📊 Analysis Results:
───────────────────
  Total files analyzed: 103
  Exact duplicates: 0
  Redundant pairs: 0
  Outdated files: 0
  Files to optimize: 0

[2026-02-26T17:33:57.312Z] No optimizations needed
[2026-02-26T17:33:57.312Z] ✓ Workflow complete (2s)
[2026-02-26T17:33:57.312Z] ✓ Step step_02_5 completed in 2420ms
[2026-02-26T17:33:57.312Z] [DEBUG] [Performance] step_02_5: 2.4s
[2026-02-26T17:33:57.312Z] [DEBUG] Recorded outcome for step_02_5: success
[2026-02-26T17:33:57.312Z] ✓ Completed: Documentation Optimization (2s)
