[2026-02-26T17:33:44.109Z] 
→ Starting: Pre-Analysis
[2026-02-26T17:33:44.109Z] ════════════════════════════════════════════════════════════
[2026-02-26T17:33:44.109Z] 🔷  Step 0: Pre-Analysis - Analyzing Recent Changes
[2026-02-26T17:33:44.109Z] ════════════════════════════════════════════════════════════
[2026-02-26T17:33:44.131Z] Commits ahead of remote: 0
[2026-02-26T17:33:44.131Z] Modified files: 2
[2026-02-26T17:33:44.134Z] ✓ Project kind from config: nodejs_automation (configured)
[2026-02-26T17:33:44.157Z] ✓ Pre-analysis complete:
  • Commits ahead: 0
  • Modified files: 2
  • Change scope: mixed-changes
  • Documentation: 0 files
  • Tests: 0 files
  • Source: 0 files
  • Config: 0 files
  • Project kind: nodejs_automation (100% confidence)

[2026-02-26T17:33:44.161Z] ✓ Step step_00 completed in 53ms
[2026-02-26T17:33:44.162Z] [DEBUG] [Performance] step_00: 52ms
[2026-02-26T17:33:44.162Z] [DEBUG] Recorded outcome for step_00: success
[2026-02-26T17:33:44.162Z] ✓ Completed: Pre-Analysis (0s)
