[2026-02-26T17:09:23.718Z] 
→ Starting: Documentation Optimization
[2026-02-26T17:09:23.718Z] Documentation optimization initialized
[2026-02-26T17:09:23.718Z] ════════════════════════════════════════════════════════════
[2026-02-26T17:09:23.718Z] 🔷  Step 2.5: Documentation Optimization
[2026-02-26T17:09:23.718Z] ════════════════════════════════════════════════════════════
[2026-02-26T17:09:23.719Z] Phase 1: Heuristics Analysis (103 files)
[2026-02-26T17:09:23.725Z] Calculating content hashes...
[2026-02-26T17:09:23.727Z] Found 0 duplicate groups (0 redundant files)
[2026-02-26T17:09:23.727Z] Analyzing document similarity...
[2026-02-26T17:09:25.395Z] Found 0 redundant pairs above 80% similarity
[2026-02-26T17:09:25.395Z] Found 0 exact duplicates, 0 redundant pairs
[2026-02-26T17:09:25.395Z] Phase 2: Git History Analysis
[2026-02-26T17:09:25.395Z] Analyzing git history for 103 files...
[2026-02-26T17:09:26.039Z] Completed git analysis for 103 files
[2026-02-26T17:09:26.040Z] Found 0 outdated files
[2026-02-26T17:09:26.040Z] Phase 3: Version Reference Analysis
[2026-02-26T17:09:26.041Z] Detected version from package.json: 1.3.4
[2026-02-26T17:09:26.041Z] Analyzing version references in 103 files (current: 1.3.4)...
[2026-02-26T17:09:26.051Z] Completed version analysis for 103 files
[2026-02-26T17:09:26.051Z] Version analysis complete (0 total outdated)
[2026-02-26T17:09:26.051Z] Phase 4: AI Edge Case Analysis (skipped - no AI analyzer)
[2026-02-26T17:09:26.051Z] Phase 5: Optimization Summary
[2026-02-26T17:09:26.051Z] 
📊 Analysis Results:
───────────────────
  Total files analyzed: 103
  Exact duplicates: 0
  Redundant pairs: 0
  Outdated files: 0
  Files to optimize: 0

[2026-02-26T17:09:26.051Z] No optimizations needed
[2026-02-26T17:09:26.052Z] ✓ Workflow complete (2s)
[2026-02-26T17:09:26.052Z] ✓ Step step_02_5 completed in 2334ms
[2026-02-26T17:09:26.052Z] [DEBUG] [Performance] step_02_5: 2.3s
[2026-02-26T17:09:26.052Z] [DEBUG] Recorded outcome for step_02_5: success
[2026-02-26T17:09:26.052Z] ✓ Completed: Documentation Optimization (2s)
