[2026-02-26T17:09:12.912Z] 
→ Starting: Pre-Analysis
[2026-02-26T17:09:12.912Z] ════════════════════════════════════════════════════════════
[2026-02-26T17:09:12.912Z] 🔷  Step 0: Pre-Analysis - Analyzing Recent Changes
[2026-02-26T17:09:12.912Z] ════════════════════════════════════════════════════════════
[2026-02-26T17:09:12.932Z] Commits ahead of remote: 0
[2026-02-26T17:09:12.932Z] Modified files: 3
[2026-02-26T17:09:12.936Z] ✓ Project kind from config: nodejs_automation (configured)
[2026-02-26T17:09:12.954Z] ✓ Pre-analysis complete:
  • Commits ahead: 0
  • Modified files: 3
  • Change scope: configuration
  • Documentation: 0 files
  • Tests: 0 files
  • Source: 0 files
  • Config: 1 files
  • Project kind: nodejs_automation (100% confidence)

[2026-02-26T17:09:12.958Z] ✓ Step step_00 completed in 46ms
[2026-02-26T17:09:12.959Z] [DEBUG] [Performance] step_00: 47ms
[2026-02-26T17:09:12.959Z] [DEBUG] Recorded outcome for step_00: success
[2026-02-26T17:09:12.959Z] ✓ Completed: Pre-Analysis (0s)
