[2026-02-26T17:09:12.959Z] 
→ Starting: Bootstrap Documentation
[2026-02-26T17:09:12.960Z] [DEBUG] Step0bBootstrapDocs.execute()
[2026-02-26T17:09:12.960Z] ════════════════════════════════════════════════════════════
[2026-02-26T17:09:12.960Z] 🔷  Step 0b: Documentation Gap Analysis and Generation
[2026-02-26T17:09:12.960Z] ════════════════════════════════════════════════════════════
[2026-02-26T17:09:12.960Z] Phase 1: Gathering project statistics...
[2026-02-26T17:09:12.960Z] [DEBUG] Gathering project statistics by scanning files...
[2026-02-26T17:09:12.960Z] [DEBUG] Listing all files in the project directory...
[2026-02-26T17:09:12.960Z] [DEBUG] Project root: /home/mpb/Documents/GitHub/ai_workflow.js
[2026-02-26T17:09:12.964Z] [DEBUG] Total files found: 992
[2026-02-26T17:09:12.964Z] [DEBUG] Converting to relative paths...
[2026-02-26T17:09:12.967Z] Project has 415 documentation files and 211 source files
[2026-02-26T17:09:12.967Z] README.md size: 13808 bytes, Has CHANGELOG: true, Has docs/ directory: true
[2026-02-26T17:09:12.967Z] Phase 2: Evaluating documentation coverage...
[2026-02-26T17:09:12.967Z] Step 0b: Sufficient documentation exists (415 files) - skipping bootstrap
[2026-02-26T17:09:12.967Z] ✓ Step step_0b completed in 8ms
[2026-02-26T17:09:12.967Z] [DEBUG] [Performance] step_0b: 8ms
[2026-02-26T17:09:12.967Z] [DEBUG] Recorded outcome for step_0b: success
[2026-02-26T17:09:12.967Z] ✓ Completed: Bootstrap Documentation (0s)
