[2026-02-26T17:04:29.331Z] 
→ Starting: Pre-Analysis
[2026-02-26T17:04:29.331Z] ════════════════════════════════════════════════════════════
[2026-02-26T17:04:29.331Z] 🔷  Step 0: Pre-Analysis - Analyzing Recent Changes
[2026-02-26T17:04:29.331Z] ════════════════════════════════════════════════════════════
[2026-02-26T17:04:29.352Z] Commits ahead of remote: 0
[2026-02-26T17:04:29.352Z] Modified files: 3
[2026-02-26T17:04:29.356Z] ✓ Project kind from config: nodejs_automation (configured)
[2026-02-26T17:04:29.379Z] ✓ Pre-analysis complete:
  • Commits ahead: 0
  • Modified files: 3
  • Change scope: configuration
  • Documentation: 0 files
  • Tests: 0 files
  • Source: 0 files
  • Config: 1 files
  • Project kind: nodejs_automation (100% confidence)

[2026-02-26T17:04:29.385Z] ✓ Step step_00 completed in 55ms
[2026-02-26T17:04:29.385Z] [DEBUG] [Performance] step_00: 55ms
[2026-02-26T17:04:29.386Z] [DEBUG] Recorded outcome for step_00: success
[2026-02-26T17:04:29.386Z] ✓ Completed: Pre-Analysis (0s)
