[2026-02-26T17:04:29.386Z] 
→ Starting: Bootstrap Documentation
[2026-02-26T17:04:29.386Z] [DEBUG] Step0bBootstrapDocs.execute()
[2026-02-26T17:04:29.386Z] ════════════════════════════════════════════════════════════
[2026-02-26T17:04:29.386Z] 🔷  Step 0b: Documentation Gap Analysis and Generation
[2026-02-26T17:04:29.386Z] ════════════════════════════════════════════════════════════
[2026-02-26T17:04:29.386Z] Phase 1: Gathering project statistics...
[2026-02-26T17:04:29.386Z] [DEBUG] Gathering project statistics by scanning files...
[2026-02-26T17:04:29.386Z] [DEBUG] Listing all files in the project directory...
[2026-02-26T17:04:29.386Z] [DEBUG] Project root: /home/mpb/Documents/GitHub/ai_workflow.js
[2026-02-26T17:04:29.391Z] [DEBUG] Total files found: 978
[2026-02-26T17:04:29.391Z] [DEBUG] Converting to relative paths...
[2026-02-26T17:04:29.394Z] Project has 404 documentation files and 211 source files
[2026-02-26T17:04:29.394Z] README.md size: 13808 bytes, Has CHANGELOG: true, Has docs/ directory: true
[2026-02-26T17:04:29.394Z] Phase 2: Evaluating documentation coverage...
[2026-02-26T17:04:29.394Z] Step 0b: Sufficient documentation exists (404 files) - skipping bootstrap
[2026-02-26T17:04:29.395Z] ✓ Step step_0b completed in 9ms
[2026-02-26T17:04:29.395Z] [DEBUG] [Performance] step_0b: 9ms
[2026-02-26T17:04:29.395Z] [DEBUG] Recorded outcome for step_0b: success
[2026-02-26T17:04:29.395Z] ✓ Completed: Bootstrap Documentation (0s)
