[2026-02-26T17:04:39.313Z] 
→ Starting: Documentation Optimization
[2026-02-26T17:04:39.314Z] Documentation optimization initialized
[2026-02-26T17:04:39.314Z] ════════════════════════════════════════════════════════════
[2026-02-26T17:04:39.314Z] 🔷  Step 2.5: Documentation Optimization
[2026-02-26T17:04:39.314Z] ════════════════════════════════════════════════════════════
[2026-02-26T17:04:39.315Z] Phase 1: Heuristics Analysis (103 files)
[2026-02-26T17:04:39.321Z] Calculating content hashes...
[2026-02-26T17:04:39.323Z] Found 0 duplicate groups (0 redundant files)
[2026-02-26T17:04:39.323Z] Analyzing document similarity...
[2026-02-26T17:04:40.997Z] Found 0 redundant pairs above 80% similarity
[2026-02-26T17:04:40.997Z] Found 0 exact duplicates, 0 redundant pairs
[2026-02-26T17:04:40.997Z] Phase 2: Git History Analysis
[2026-02-26T17:04:40.997Z] Analyzing git history for 103 files...
[2026-02-26T17:04:41.663Z] Completed git analysis for 103 files
[2026-02-26T17:04:41.663Z] Found 0 outdated files
[2026-02-26T17:04:41.663Z] Phase 3: Version Reference Analysis
[2026-02-26T17:04:41.664Z] Detected version from package.json: 1.3.4
[2026-02-26T17:04:41.665Z] Analyzing version references in 103 files (current: 1.3.4)...
[2026-02-26T17:04:41.676Z] Completed version analysis for 103 files
[2026-02-26T17:04:41.676Z] Version analysis complete (0 total outdated)
[2026-02-26T17:04:41.676Z] Phase 4: AI Edge Case Analysis (skipped - no AI analyzer)
[2026-02-26T17:04:41.676Z] Phase 5: Optimization Summary
[2026-02-26T17:04:41.676Z] 
📊 Analysis Results:
───────────────────
  Total files analyzed: 103
  Exact duplicates: 0
  Redundant pairs: 0
  Outdated files: 0
  Files to optimize: 0

[2026-02-26T17:04:41.676Z] No optimizations needed
[2026-02-26T17:04:41.676Z] ✓ Workflow complete (2s)
[2026-02-26T17:04:41.676Z] ✓ Step step_02_5 completed in 2363ms
[2026-02-26T17:04:41.676Z] [DEBUG] [Performance] step_02_5: 2.4s
[2026-02-26T17:04:41.676Z] [DEBUG] Recorded outcome for step_02_5: success
[2026-02-26T17:04:41.676Z] ✓ Completed: Documentation Optimization (2s)
