[2026-03-04T22:34:27.909Z] 
→ Starting: Documentation Optimization
[2026-03-04T22:34:27.910Z] Documentation optimization initialized
[2026-03-04T22:34:27.910Z] ════════════════════════════════════════════════════════════
[2026-03-04T22:34:27.910Z] 🔷  Step 2.5: Documentation Optimization
[2026-03-04T22:34:27.910Z] ════════════════════════════════════════════════════════════
[2026-03-04T22:34:27.911Z] Phase 1: Heuristics Analysis (115 files)
[2026-03-04T22:34:27.918Z] Calculating content hashes...
[2026-03-04T22:34:27.922Z] Found 0 duplicate groups (0 redundant files)
[2026-03-04T22:34:27.922Z] Analyzing document similarity...
[2026-03-04T22:34:29.899Z] Found 0 redundant pairs above 80% similarity
[2026-03-04T22:34:29.899Z] Found 0 exact duplicates, 0 redundant pairs
[2026-03-04T22:34:29.899Z] Phase 2: Git History Analysis
[2026-03-04T22:34:29.899Z] Analyzing git history for 115 files...
[2026-03-04T22:34:31.113Z] Completed git analysis for 115 files
[2026-03-04T22:34:31.114Z] Found 0 outdated files
[2026-03-04T22:34:31.114Z] Phase 3: Version Reference Analysis
[2026-03-04T22:34:31.115Z] Detected version from package.json: 1.3.13
[2026-03-04T22:34:31.115Z] Analyzing version references in 115 files (current: 1.3.13)...
[2026-03-04T22:34:31.129Z] Completed version analysis for 115 files
[2026-03-04T22:34:31.129Z] Version analysis complete (0 total outdated)
[2026-03-04T22:34:31.129Z] Phase 4: AI Edge Case Analysis (skipped - no AI analyzer)
[2026-03-04T22:34:31.129Z] Phase 5: Optimization Summary
[2026-03-04T22:34:31.130Z] 
📊 Analysis Results:
───────────────────
  Total files analyzed: 115
  Exact duplicates: 0
  Redundant pairs: 0
  Outdated files: 0
  Files to optimize: 0

[2026-03-04T22:34:31.130Z] No optimizations needed
[2026-03-04T22:34:31.130Z] ✓ Workflow complete (3s)
[2026-03-04T22:34:31.130Z] ✓ Step step_02_5 completed in 3221ms
[2026-03-04T22:34:31.130Z] [DEBUG] [Performance] step_02_5: 3.2s
[2026-03-04T22:34:31.130Z] [DEBUG] Recorded outcome for step_02_5: success
[2026-03-04T22:34:31.130Z] ✓ Completed: Documentation Optimization (3s)
