[2026-03-04T22:33:38.278Z] 
→ Starting: Bootstrap Documentation
[2026-03-04T22:33:38.279Z] [DEBUG] Step0bBootstrapDocs.execute()
[2026-03-04T22:33:38.279Z] ════════════════════════════════════════════════════════════
[2026-03-04T22:33:38.279Z] 🔷  Step 0b: Documentation Gap Analysis and Generation
[2026-03-04T22:33:38.279Z] ════════════════════════════════════════════════════════════
[2026-03-04T22:33:38.279Z] Phase 1: Gathering project statistics...
[2026-03-04T22:33:38.279Z] [DEBUG] Gathering project statistics by scanning files...
[2026-03-04T22:33:38.279Z] [DEBUG] Listing all files in the project directory...
[2026-03-04T22:33:38.279Z] [DEBUG] Project root: /home/mpb/Documents/GitHub/ai_workflow.js
[2026-03-04T22:33:38.286Z] [DEBUG] Total files found: 1229
[2026-03-04T22:33:38.286Z] [DEBUG] Converting to relative paths...
[2026-03-04T22:33:38.293Z] Project has 498 documentation files and 236 source files
[2026-03-04T22:33:38.293Z] README.md size: 14577 bytes, Has CHANGELOG: true, Has docs/ directory: true
[2026-03-04T22:33:38.293Z] Phase 2: Evaluating documentation coverage...
[2026-03-04T22:33:38.293Z] Step 0b: Documentation coverage adequate - no bootstrap needed
[2026-03-04T22:33:38.293Z] ✓ Step step_0b completed in 15ms
[2026-03-04T22:33:38.293Z] [DEBUG] [Performance] step_0b: 15ms
[2026-03-04T22:33:38.293Z] [DEBUG] Recorded outcome for step_0b: success
[2026-03-04T22:33:38.293Z] ✓ Completed: Bootstrap Documentation (0s)
