[2026-03-04T22:33:38.189Z] 
→ Starting: Pre-Analysis
[2026-03-04T22:33:38.190Z] ════════════════════════════════════════════════════════════
[2026-03-04T22:33:38.190Z] 🔷  Step 0: Pre-Analysis - Analyzing Recent Changes
[2026-03-04T22:33:38.190Z] ════════════════════════════════════════════════════════════
[2026-03-04T22:33:38.238Z] Commits ahead of remote: 0
[2026-03-04T22:33:38.238Z] Modified files: 1198
[2026-03-04T22:33:38.243Z] ✓ Project kind from config: nodejs_automation (configured)
[2026-03-04T22:33:38.270Z] ✓ Pre-analysis complete:
  • Commits ahead: 0
  • Modified files: 1198
  • Change scope: full-stack
  • Documentation: 17 files
  • Tests: 11 files
  • Source: 7 files
  • Config: 3 files
  • Project kind: nodejs_automation (100% confidence)

[2026-03-04T22:33:38.277Z] ✓ Step step_00 completed in 88ms
[2026-03-04T22:33:38.277Z] [DEBUG] [Performance] step_00: 88ms
[2026-03-04T22:33:38.278Z] [DEBUG] Recorded outcome for step_00: success
[2026-03-04T22:33:38.278Z] ✓ Completed: Pre-Analysis (0s)
