[2026-02-26T18:37:54.282Z] 
→ Starting: Documentation Optimization
[2026-02-26T18:37:54.282Z] Documentation optimization initialized
[2026-02-26T18:37:54.283Z] ════════════════════════════════════════════════════════════
[2026-02-26T18:37:54.283Z] 🔷  Step 2.5: Documentation Optimization
[2026-02-26T18:37:54.283Z] ════════════════════════════════════════════════════════════
[2026-02-26T18:37:54.284Z] Phase 1: Heuristics Analysis (103 files)
[2026-02-26T18:37:54.292Z] Calculating content hashes...
[2026-02-26T18:37:54.296Z] Found 0 duplicate groups (0 redundant files)
[2026-02-26T18:37:54.296Z] Analyzing document similarity...
[2026-02-26T18:37:56.034Z] Found 0 redundant pairs above 80% similarity
[2026-02-26T18:37:56.034Z] Found 0 exact duplicates, 0 redundant pairs
[2026-02-26T18:37:56.034Z] Phase 2: Git History Analysis
[2026-02-26T18:37:56.034Z] Analyzing git history for 103 files...
[2026-02-26T18:37:56.951Z] Completed git analysis for 103 files
[2026-02-26T18:37:56.951Z] Found 0 outdated files
[2026-02-26T18:37:56.951Z] Phase 3: Version Reference Analysis
[2026-02-26T18:37:56.952Z] Detected version from package.json: 1.3.10
[2026-02-26T18:37:56.952Z] Analyzing version references in 103 files (current: 1.3.10)...
[2026-02-26T18:37:56.962Z] Completed version analysis for 103 files
[2026-02-26T18:37:56.962Z] Version analysis complete (0 total outdated)
[2026-02-26T18:37:56.962Z] Phase 4: AI Edge Case Analysis (skipped - no AI analyzer)
[2026-02-26T18:37:56.962Z] Phase 5: Optimization Summary
[2026-02-26T18:37:56.962Z] 
📊 Analysis Results:
───────────────────
  Total files analyzed: 103
  Exact duplicates: 0
  Redundant pairs: 0
  Outdated files: 0
  Files to optimize: 0

[2026-02-26T18:37:56.962Z] No optimizations needed
[2026-02-26T18:37:56.962Z] ✓ Workflow complete (3s)
[2026-02-26T18:37:56.962Z] ✓ Step step_02_5 completed in 2680ms
[2026-02-26T18:37:56.962Z] [DEBUG] [Performance] step_02_5: 2.7s
[2026-02-26T18:37:56.962Z] [DEBUG] Recorded outcome for step_02_5: success
[2026-02-26T18:37:56.962Z] ✓ Completed: Documentation Optimization (3s)
