[2026-02-26T18:35:33.069Z] 
→ Starting: Pre-Analysis
[2026-02-26T18:35:33.069Z] ════════════════════════════════════════════════════════════
[2026-02-26T18:35:33.069Z] 🔷  Step 0: Pre-Analysis - Analyzing Recent Changes
[2026-02-26T18:35:33.069Z] ════════════════════════════════════════════════════════════
[2026-02-26T18:35:33.094Z] Working tree is clean — using 878 file(s) from commit history since last run
[2026-02-26T18:35:33.094Z] Commits ahead of remote: 0
[2026-02-26T18:35:33.094Z] Modified files: 878
[2026-02-26T18:35:33.098Z] ✓ Project kind from config: nodejs_automation (configured)
[2026-02-26T18:35:33.121Z] ✓ Pre-analysis complete:
  • Commits ahead: 0
  • Modified files: 878
  • Change scope: full-stack
  • Documentation: 6 files
  • Tests: 2 files
  • Source: 1 files
  • Config: 2 files
  • Project kind: nodejs_automation (100% confidence)

[2026-02-26T18:35:33.126Z] ✓ Step step_00 completed in 57ms
[2026-02-26T18:35:33.126Z] [DEBUG] [Performance] step_00: 57ms
[2026-02-26T18:35:33.126Z] [DEBUG] Recorded outcome for step_00: success
[2026-02-26T18:35:33.126Z] ✓ Completed: Pre-Analysis (0s)
