[2026-02-26T18:35:33.126Z] 
→ Starting: Bootstrap Documentation
[2026-02-26T18:35:33.127Z] [DEBUG] Step0bBootstrapDocs.execute()
[2026-02-26T18:35:33.127Z] ════════════════════════════════════════════════════════════
[2026-02-26T18:35:33.127Z] 🔷  Step 0b: Documentation Gap Analysis and Generation
[2026-02-26T18:35:33.127Z] ════════════════════════════════════════════════════════════
[2026-02-26T18:35:33.127Z] Phase 1: Gathering project statistics...
[2026-02-26T18:35:33.127Z] [DEBUG] Gathering project statistics by scanning files...
[2026-02-26T18:35:33.127Z] [DEBUG] Listing all files in the project directory...
[2026-02-26T18:35:33.127Z] [DEBUG] Project root: /home/mpb/Documents/GitHub/ai_workflow.js
[2026-02-26T18:35:33.134Z] [DEBUG] Total files found: 1224
[2026-02-26T18:35:33.134Z] [DEBUG] Converting to relative paths...
[2026-02-26T18:35:33.141Z] Project has 549 documentation files and 211 source files
[2026-02-26T18:35:33.141Z] README.md size: 13808 bytes, Has CHANGELOG: true, Has docs/ directory: true
[2026-02-26T18:35:33.141Z] Phase 2: Evaluating documentation coverage...
[2026-02-26T18:35:33.141Z] Step 0b: Sufficient documentation exists (549 files) - skipping bootstrap
[2026-02-26T18:35:33.141Z] ✓ Step step_0b completed in 15ms
[2026-02-26T18:35:33.141Z] [DEBUG] [Performance] step_0b: 15ms
[2026-02-26T18:35:33.141Z] [DEBUG] Recorded outcome for step_0b: success
[2026-02-26T18:35:33.141Z] ✓ Completed: Bootstrap Documentation (0s)
