[2026-03-11T22:51:40.200Z] 
→ Starting: Documentation Optimization
[2026-03-11T22:51:40.230Z] Documentation optimization initialized
[2026-03-11T22:51:40.230Z] ════════════════════════════════════════════════════════════
[2026-03-11T22:51:40.230Z] 🔷  Step 2.5: Documentation Optimization
[2026-03-11T22:51:40.230Z] ════════════════════════════════════════════════════════════
[2026-03-11T22:51:40.236Z] Phase 1: Heuristics Analysis (132 files)
[2026-03-11T22:51:40.291Z] Calculating content hashes...
[2026-03-11T22:51:40.298Z] Found 9 duplicate groups (9 redundant files)
[2026-03-11T22:51:40.299Z] Analyzing document similarity...
[2026-03-11T22:51:43.568Z] Found 11 redundant pairs above 80% similarity
[2026-03-11T22:51:43.568Z] Found 9 exact duplicates, 11 redundant pairs
[2026-03-11T22:51:43.568Z] Phase 2: Git History Analysis
[2026-03-11T22:51:43.569Z] Analyzing git history for 132 files...
[2026-03-11T22:51:46.233Z] Completed git analysis for 132 files
[2026-03-11T22:51:46.233Z] Found 0 outdated files
[2026-03-11T22:51:46.233Z] Phase 3: Version Reference Analysis
[2026-03-11T22:51:46.235Z] Detected version from package.json: 1.7.0
[2026-03-11T22:51:46.236Z] Analyzing version references in 132 files (current: 1.7.0)...
[2026-03-11T22:51:46.299Z] Completed version analysis for 132 files
[2026-03-11T22:51:46.299Z] Version analysis complete (72 total outdated)
[2026-03-11T22:51:46.300Z] Phase 4: AI Edge Case Analysis (skipped - no AI analyzer)
[2026-03-11T22:51:46.300Z] Phase 5: Optimization Summary
[2026-03-11T22:51:46.300Z] 
📊 Analysis Results:
───────────────────
  Total files analyzed: 132
  Exact duplicates: 9
  Redundant pairs: 11
  Outdated files: 72
  Files to optimize: 81

[2026-03-11T22:51:46.300Z] Phase 6: Applying Optimizations
[2026-03-11T22:51:46.300Z] Consolidating 9 duplicate groups...
[2026-03-11T22:51:46.302Z] Created archive: /home/mpb/Documents/GitHub/ai_workflow.js/.ai_workflow/archive/docs/20260311_195146
[2026-03-11T22:51:46.303Z] Archived: /home/mpb/Documents/GitHub/ai_workflow.js/docs/api/html/media/WORKFLOW_ENGINE_REQUIREMENTS.md
[2026-03-11T22:51:46.304Z] Archived: /home/mpb/Documents/GitHub/ai_workflow.js/docs/api/html/media/README.md
[2026-03-11T22:51:46.305Z] Archived: /home/mpb/Documents/GitHub/ai_workflow.js/docs/api/html/media/CLEANUP_ARTIFACTS.md
[2026-03-11T22:51:46.306Z] Archived: /home/mpb/Documents/GitHub/ai_workflow.js/docs/api/html/media/CLI_QUICK_REFERENCE.md
[2026-03-11T22:51:46.306Z] Archived: /home/mpb/Documents/GitHub/ai_workflow.js/docs/api/html/media/CLI_USAGE_GUIDE.md
[2026-03-11T22:51:46.307Z] Archived: /home/mpb/Documents/GitHub/ai_workflow.js/docs/api/html/media/PREPARE_RELEASE.md
[2026-03-11T22:51:46.308Z] Archived: /home/mpb/Documents/GitHub/ai_workflow.js/docs/api/html/media/SETUP.md
[2026-03-11T22:51:46.308Z] Archived: /home/mpb/Documents/GitHub/ai_workflow.js/docs/api/html/media/TEST_INTEGRATION.md
[2026-03-11T22:51:46.337Z] Archived: /home/mpb/Documents/GitHub/ai_workflow.js/docs/api/html/media/VALIDATE.md
[2026-03-11T22:51:46.337Z] Consolidation complete: 9 removed, 9 kept
[2026-03-11T22:51:46.337Z] Archiving 72 outdated files...
[2026-03-11T22:51:46.338Z] Created archive: /home/mpb/Documents/GitHub/ai_workflow.js/.ai_workflow/archive/docs/20260311_195146
[2026-03-11T22:51:46.339Z] Archived: /home/mpb/Documents/GitHub/ai_workflow.js/docs/FUNCTIONAL_REQUIREMENTS.md
[2026-03-11T22:51:46.339Z] Archived outdated: /home/mpb/Documents/GitHub/ai_workflow.js/docs/FUNCTIONAL_REQUIREMENTS.md
[2026-03-11T22:51:46.340Z] Archived: /home/mpb/Documents/GitHub/ai_workflow.js/docs/PHASE_C_COMPLETION_SUMMARY.md
[2026-03-11T22:51:46.340Z] Archived outdated: /home/mpb/Documents/GitHub/ai_workflow.js/docs/PHASE_C_COMPLETION_SUMMARY.md
[2026-03-11T22:51:46.341Z] Archived: /home/mpb/Documents/GitHub/ai_workflow.js/docs/PHASE_D_COMPLETION_SUMMARY.md
[2026-03-11T22:51:46.341Z] Archived outdated: /home/mpb/Documents/GitHub/ai_workflow.js/docs/PHASE_D_COMPLETION_SUMMARY.md
[2026-03-11T22:51:46.341Z] Archived: /home/mpb/Documents/GitHub/ai_workflow.js/docs/README.md
[2026-03-11T22:51:46.341Z] Archived outdated: /home/mpb/Documents/GitHub/ai_workflow.js/docs/README.md
[2026-03-11T22:51:46.342Z] Archived: /home/mpb/Documents/GitHub/ai_workflow.js/docs/WORKFLOW_ENGINE_REQUIREMENTS.md
[2026-03-11T22:51:46.342Z] Archived outdated: /home/mpb/Documents/GitHub/ai_workflow.js/docs/WORKFLOW_ENGINE_REQUIREMENTS.md
[2026-03-11T22:51:46.342Z] Archived: /home/mpb/Documents/GitHub/ai_workflow.js/docs/api/API_DOCS_INDEX.md
[2026-03-11T22:51:46.342Z] Archived outdated: /home/mpb/Documents/GitHub/ai_workflow.js/docs/api/API_DOCS_INDEX.md
[2026-03-11T22:51:46.343Z] Archived: /home/mpb/Documents/GitHub/ai_workflow.js/docs/api/EXAMPLES.md
[2026-03-11T22:51:46.343Z] Archived outdated: /home/mpb/Documents/GitHub/ai_workflow.js/docs/api/EXAMPLES.md
[2026-03-11T22:51:46.344Z] Archived: /home/mpb/Documents/GitHub/ai_workflow.js/docs/api/GENERATION_SUMMARY.md
[2026-03-11T22:51:46.344Z] Archived outdated: /home/mpb/Documents/GitHub/ai_workflow.js/docs/api/GENERATION_SUMMARY.md
[2026-03-11T22:51:46.361Z] Archived: /home/mpb/Documents/GitHub/ai_workflow.js/docs/api/README.md
[2026-03-11T22:51:46.361Z] Archived outdated: /home/mpb/Documents/GitHub/ai_workflow.js/docs/api/README.md
[2026-03-11T22:51:46.362Z] Archived: /home/mpb/Documents/GitHub/ai_workflow.js/docs/api/cleanup_handlers.md
[2026-03-11T22:51:46.362Z] Archived outdated: /home/mpb/Documents/GitHub/ai_workflow.js/docs/api/cleanup_handlers.md
[2026-03-11T22:51:46.363Z] Archived: /home/mpb/Documents/GitHub/ai_workflow.js/docs/api/core/colors.md
[2026-03-11T22:51:46.363Z] Archived outdated: /home/mpb/Documents/GitHub/ai_workflow.js/docs/api/core/colors.md
[2026-03-11T22:51:46.364Z] Archived: /home/mpb/Documents/GitHub/ai_workflow.js/docs/api/core/logger.md
[2026-03-11T22:51:46.364Z] Archived outdated: /home/mpb/Documents/GitHub/ai_workflow.js/docs/api/core/logger.md
[2026-03-11T22:51:46.364Z] Archived: /home/mpb/Documents/GitHub/ai_workflow.js/docs/api/core/version.md
[2026-03-11T22:51:46.364Z] Archived outdated: /home/mpb/Documents/GitHub/ai_workflow.js/docs/api/core/version.md
[2026-03-11T22:51:46.365Z] Archived: /home/mpb/Documents/GitHub/ai_workflow.js/docs/api/html/media/CLEANUP_ARTIFACTS.md
[2026-03-11T22:51:46.365Z] Archived outdated: /home/mpb/Documents/GitHub/ai_workflow.js/docs/api/html/media/CLEANUP_ARTIFACTS.md
[2026-03-11T22:51:46.365Z] Archived: /home/mpb/Documents/GitHub/ai_workflow.js/docs/api/html/media/CLI_USAGE_GUIDE.md
[2026-03-11T22:51:46.366Z] Archived outdated: /home/mpb/Documents/GitHub/ai_workflow.js/docs/api/html/media/CLI_USAGE_GUIDE.md
[2026-03-11T22:51:46.366Z] Archived: /home/mpb/Documents/GitHub/ai_workflow.js/docs/api/html/media/FUNCTIONAL_REQUIREMENTS.md
[2026-03-11T22:51:46.366Z] Archived outdated: /home/mpb/Documents/GitHub/ai_workflow.js/docs/api/html/media/FUNCTIONAL_REQUIREMENTS.md
[2026-03-11T22:51:46.367Z] Archived: /home/mpb/Documents/GitHub/ai_workflow.js/docs/api/html/media/MIGRATION_PLAN.md
[2026-03-11T22:51:46.367Z] Archived outdated: /home/mpb/Documents/GitHub/ai_workflow.js/docs/api/html/media/MIGRATION_PLAN.md
[2026-03-11T22:51:46.367Z] Archived: /home/mpb/Documents/GitHub/ai_workflow.js/docs/api/html/media/PREPARE_RELEASE.md
[2026-03-11T22:51:46.367Z] Archived outdated: /home/mpb/Documents/GitHub/ai_workflow.js/docs/api/html/media/PREPARE_RELEASE.md
[2026-03-11T22:51:46.367Z] Archived: /home/mpb/Documents/GitHub/ai_workflow.js/docs/api/html/media/README.md
[2026-03-11T22:51:46.367Z] Archived outdated: /home/mpb/Documents/GitHub/ai_workflow.js/docs/api/html/media/README.md
[2026-03-11T22:51:46.368Z] Archived: /home/mpb/Documents/GitHub/ai_workflow.js/docs/api/html/media/WORKFLOW_ENGINE_REQUIREMENTS.md
[2026-03-11T22:51:46.368Z] Archived outdated: /home/mpb/Documents/GitHub/ai_workflow.js/docs/api/html/media/WORKFLOW_ENGINE_REQUIREMENTS.md
[2026-03-11T22:51:46.368Z] Archived: /home/mpb/Documents/GitHub/ai_workflow.js/docs/api/lib/analysis_cache.md
[2026-03-11T22:51:46.368Z] Archived outdated: /home/mpb/Documents/GitHub/ai_workflow.js/docs/api/lib/analysis_cache.md
[2026-03-11T22:51:46.369Z] Archived: /home/mpb/Documents/GitHub/ai_workflow.js/docs/api/lib/backlog.md
[2026-03-11T22:51:46.369Z] Archived outdated: /home/mpb/Documents/GitHub/ai_workflow.js/docs/api/lib/backlog.md
[2026-03-11T22:51:46.369Z] Archived: /home/mpb/Documents/GitHub/ai_workflow.js/docs/api/lib/file_operations.md
[2026-03-11T22:51:46.369Z] Archived outdated: /home/mpb/Documents/GitHub/ai_workflow.js/docs/api/lib/file_operations.md
[2026-03-11T22:51:46.370Z] Archived: /home/mpb/Documents/GitHub/ai_workflow.js/docs/api/lib/incremental_analysis.md
[2026-03-11T22:51:46.370Z] Archived outdated: /home/mpb/Documents/GitHub/ai_workflow.js/docs/api/lib/incremental_analysis.md
[2026-03-11T22:51:46.370Z] Archived: /home/mpb/Documents/GitHub/ai_workflow.js/docs/api/lib/jq_wrapper.md
[2026-03-11T22:51:46.370Z] Archived outdated: /home/mpb/Documents/GitHub/ai_workflow.js/docs/api/lib/jq_wrapper.md
[2026-03-11T22:51:46.371Z] Archived: /home/mpb/Documents/GitHub/ai_workflow.js/docs/api/lib/performance.md
[2026-03-11T22:51:46.371Z] Archived outdated: /home/mpb/Documents/GitHub/ai_workflow.js/docs/api/lib/performance.md
[2026-03-11T22:51:46.371Z] Archived: /home/mpb/Documents/GitHub/ai_workflow.js/docs/api/lib/project_kind_config.md
[2026-03-11T22:51:46.371Z] Archived outdated: /home/mpb/Documents/GitHub/ai_workflow.js/docs/api/lib/project_kind_config.md
[2026-03-11T22:51:46.372Z] Archived: /home/mpb/Documents/GitHub/ai_workflow.js/docs/api/lib/project_kind_detection.md
[2026-03-11T22:51:46.372Z] Archived outdated: /home/mpb/Documents/GitHub/ai_workflow.js/docs/api/lib/project_kind_detection.md
[2026-03-11T22:51:46.372Z] Archived: /home/mpb/Documents/GitHub/ai_workflow.js/docs/api/lib/session_manager.md
[2026-03-11T22:51:46.372Z] Archived outdated: /home/mpb/Documents/GitHub/ai_workflow.js/docs/api/lib/session_manager.md
[2026-03-11T22:51:46.373Z] Archived: /home/mpb/Documents/GitHub/ai_workflow.js/docs/api/lib/tech_stack.md
[2026-03-11T22:51:46.373Z] Archived outdated: /home/mpb/Documents/GitHub/ai_workflow.js/docs/api/lib/tech_stack.md
[2026-03-11T22:51:46.373Z] Archived: /home/mpb/Documents/GitHub/ai_workflow.js/docs/api/lib/third_party_exclusion.md
[2026-03-11T22:51:46.373Z] Archived outdated: /home/mpb/Documents/GitHub/ai_workflow.js/docs/api/lib/third_party_exclusion.md
[2026-03-11T22:51:46.374Z] Archived: /home/mpb/Documents/GitHub/ai_workflow.js/docs/api/lib/utils.md
[2026-03-11T22:51:46.374Z] Archived outdated: /home/mpb/Documents/GitHub/ai_workflow.js/docs/api/lib/utils.md
[2026-03-11T22:51:46.374Z] Archived: /home/mpb/Documents/GitHub/ai_workflow.js/docs/api/logger.md
[2026-03-11T22:51:46.374Z] Archived outdated: /home/mpb/Documents/GitHub/ai_workflow.js/docs/api/logger.md
[2026-03-11T22:51:46.375Z] Archived: /home/mpb/Documents/GitHub/ai_workflow.js/docs/api/metrics.md
[2026-03-11T22:51:46.375Z] Archived outdated: /home/mpb/Documents/GitHub/ai_workflow.js/docs/api/metrics.md
[2026-03-11T22:51:46.375Z] Archived: /home/mpb/Documents/GitHub/ai_workflow.js/docs/api/orchestrator/checkpoint_manager.md
[2026-03-11T22:51:46.375Z] Archived outdated: /home/mpb/Documents/GitHub/ai_workflow.js/docs/api/orchestrator/checkpoint_manager.md
[2026-03-11T22:51:46.376Z] Archived: /home/mpb/Documents/GitHub/ai_workflow.js/docs/api/orchestrator/step_registry.md
[2026-03-11T22:51:46.376Z] Archived outdated: /home/mpb/Documents/GitHub/ai_workflow.js/docs/api/orchestrator/step_registry.md
[2026-03-11T22:51:46.376Z] Archived: /home/mpb/Documents/GitHub/ai_workflow.js/docs/api/orchestrator/workflow_engine.md
[2026-03-11T22:51:46.376Z] Archived outdated: /home/mpb/Documents/GitHub/ai_workflow.js/docs/api/orchestrator/workflow_engine.md
[2026-03-11T22:51:46.377Z] Archived: /home/mpb/Documents/GitHub/ai_workflow.js/docs/api/steps/step_01_documentation.md
[2026-03-11T22:51:46.377Z] Archived outdated: /home/mpb/Documents/GitHub/ai_workflow.js/docs/api/steps/step_01_documentation.md
[2026-03-11T22:51:46.378Z] Archived: /home/mpb/Documents/GitHub/ai_workflow.js/docs/api/steps/step_02_consistency.md
[2026-03-11T22:51:46.378Z] Archived outdated: /home/mpb/Documents/GitHub/ai_workflow.js/docs/api/steps/step_02_consistency.md
[2026-03-11T22:51:46.378Z] Archived: /home/mpb/Documents/GitHub/ai_workflow.js/docs/api/steps/step_16_version_update.md
[2026-03-11T22:51:46.378Z] Archived outdated: /home/mpb/Documents/GitHub/ai_workflow.js/docs/api/steps/step_16_version_update.md
[2026-03-11T22:51:46.379Z] Archived: /home/mpb/Documents/GitHub/ai_workflow.js/docs/api/utils/errors.md
[2026-03-11T22:51:46.379Z] Archived outdated: /home/mpb/Documents/GitHub/ai_workflow.js/docs/api/utils/errors.md
[2026-03-11T22:51:46.379Z] Archived: /home/mpb/Documents/GitHub/ai_workflow.js/docs/architecture/DEPENDENCY_GRAPH.md
[2026-03-11T22:51:46.379Z] Archived outdated: /home/mpb/Documents/GitHub/ai_workflow.js/docs/architecture/DEPENDENCY_GRAPH.md
[2026-03-11T22:51:46.380Z] Archived: /home/mpb/Documents/GitHub/ai_workflow.js/docs/architecture/DESIGN_PRINCIPLES.md
[2026-03-11T22:51:46.380Z] Archived outdated: /home/mpb/Documents/GitHub/ai_workflow.js/docs/architecture/DESIGN_PRINCIPLES.md
[2026-03-11T22:51:46.380Z] Archived: /home/mpb/Documents/GitHub/ai_workflow.js/docs/architecture/MODULE_STRUCTURE.md
[2026-03-11T22:51:46.380Z] Archived outdated: /home/mpb/Documents/GitHub/ai_workflow.js/docs/architecture/MODULE_STRUCTURE.md
[2026-03-11T22:51:46.381Z] Archived: /home/mpb/Documents/GitHub/ai_workflow.js/docs/examples/advanced/README.md
[2026-03-11T22:51:46.381Z] Archived outdated: /home/mpb/Documents/GitHub/ai_workflow.js/docs/examples/advanced/README.md
[2026-03-11T22:51:46.382Z] Archived: /home/mpb/Documents/GitHub/ai_workflow.js/docs/examples/basic/README.md
[2026-03-11T22:51:46.382Z] Archived outdated: /home/mpb/Documents/GitHub/ai_workflow.js/docs/examples/basic/README.md
[2026-03-11T22:51:46.382Z] Archived: /home/mpb/Documents/GitHub/ai_workflow.js/docs/getting-started/FIRST_WORKFLOW.md
[2026-03-11T22:51:46.382Z] Archived outdated: /home/mpb/Documents/GitHub/ai_workflow.js/docs/getting-started/FIRST_WORKFLOW.md
[2026-03-11T22:51:46.383Z] Archived: /home/mpb/Documents/GitHub/ai_workflow.js/docs/getting-started/QUICK_START.md
[2026-03-11T22:51:46.383Z] Archived outdated: /home/mpb/Documents/GitHub/ai_workflow.js/docs/getting-started/QUICK_START.md
[2026-03-11T22:51:46.383Z] Archived: /home/mpb/Documents/GitHub/ai_workflow.js/docs/guides/CLEANUP_ARTIFACTS.md
[2026-03-11T22:51:46.383Z] Archived outdated: /home/mpb/Documents/GitHub/ai_workflow.js/docs/guides/CLEANUP_ARTIFACTS.md
[2026-03-11T22:51:46.384Z] Archived: /home/mpb/Documents/GitHub/ai_workflow.js/docs/guides/CLI_USAGE_GUIDE.md
[2026-03-11T22:51:46.384Z] Archived outdated: /home/mpb/Documents/GitHub/ai_workflow.js/docs/guides/CLI_USAGE_GUIDE.md
[2026-03-11T22:51:46.384Z] Archived: /home/mpb/Documents/GitHub/ai_workflow.js/docs/guides/CONFIGURATION_GUIDE.md
[2026-03-11T22:51:46.384Z] Archived outdated: /home/mpb/Documents/GitHub/ai_workflow.js/docs/guides/CONFIGURATION_GUIDE.md
[2026-03-11T22:51:46.385Z] Archived: /home/mpb/Documents/GitHub/ai_workflow.js/docs/guides/PHASE_C_COMPLETION_SUMMARY.md
[2026-03-11T22:51:46.385Z] Archived outdated: /home/mpb/Documents/GitHub/ai_workflow.js/docs/guides/PHASE_C_COMPLETION_SUMMARY.md
[2026-03-11T22:51:46.385Z] Archived: /home/mpb/Documents/GitHub/ai_workflow.js/docs/guides/PREPARE_RELEASE.md
[2026-03-11T22:51:46.385Z] Archived outdated: /home/mpb/Documents/GitHub/ai_workflow.js/docs/guides/PREPARE_RELEASE.md
[2026-03-11T22:51:46.386Z] Archived: /home/mpb/Documents/GitHub/ai_workflow.js/docs/guides/TESTING_GUIDE.md
[2026-03-11T22:51:46.386Z] Archived outdated: /home/mpb/Documents/GitHub/ai_workflow.js/docs/guides/TESTING_GUIDE.md
[2026-03-11T22:51:46.386Z] Archived: /home/mpb/Documents/GitHub/ai_workflow.js/docs/guides/TEST_SPLITTING.md
[2026-03-11T22:51:46.386Z] Archived outdated: /home/mpb/Documents/GitHub/ai_workflow.js/docs/guides/TEST_SPLITTING.md
[2026-03-11T22:51:46.387Z] Archived: /home/mpb/Documents/GitHub/ai_workflow.js/docs/guides/TROUBLESHOOTING.md
[2026-03-11T22:51:46.387Z] Archived outdated: /home/mpb/Documents/GitHub/ai_workflow.js/docs/guides/TROUBLESHOOTING.md
[2026-03-11T22:51:46.387Z] Archived: /home/mpb/Documents/GitHub/ai_workflow.js/docs/guides/USER_GUIDE.md
[2026-03-11T22:51:46.387Z] Archived outdated: /home/mpb/Documents/GitHub/ai_workflow.js/docs/guides/USER_GUIDE.md
[2026-03-11T22:51:46.388Z] Archived: /home/mpb/Documents/GitHub/ai_workflow.js/docs/guides/VALIDATION_SCRIPTS.md
[2026-03-11T22:51:46.388Z] Archived outdated: /home/mpb/Documents/GitHub/ai_workflow.js/docs/guides/VALIDATION_SCRIPTS.md
[2026-03-11T22:51:46.388Z] Archived: /home/mpb/Documents/GitHub/ai_workflow.js/docs/guides/WORKFLOW_VALIDATION_GUIDE.md
[2026-03-11T22:51:46.389Z] Archived outdated: /home/mpb/Documents/GitHub/ai_workflow.js/docs/guides/WORKFLOW_VALIDATION_GUIDE.md
[2026-03-11T22:51:46.389Z] Archived: /home/mpb/Documents/GitHub/ai_workflow.js/docs/misc/documentation_analysis_parallel.md
[2026-03-11T22:51:46.389Z] Archived outdated: /home/mpb/Documents/GitHub/ai_workflow.js/docs/misc/documentation_analysis_parallel.md
[2026-03-11T22:51:46.390Z] Archived: /home/mpb/Documents/GitHub/ai_workflow.js/docs/misc/documentation_updates.md
[2026-03-11T22:51:46.390Z] Archived outdated: /home/mpb/Documents/GitHub/ai_workflow.js/docs/misc/documentation_updates.md
[2026-03-11T22:51:46.390Z] Archived: /home/mpb/Documents/GitHub/ai_workflow.js/docs/reference/CLI_REFERENCE.md
[2026-03-11T22:51:46.390Z] Archived outdated: /home/mpb/Documents/GitHub/ai_workflow.js/docs/reference/CLI_REFERENCE.md
[2026-03-11T22:51:46.390Z] Archived: /home/mpb/Documents/GitHub/ai_workflow.js/docs/reference/COMMIT_HISTORY_SCHEMA.md
[2026-03-11T22:51:46.391Z] Archived outdated: /home/mpb/Documents/GitHub/ai_workflow.js/docs/reference/COMMIT_HISTORY_SCHEMA.md
[2026-03-11T22:51:46.391Z] Archived: /home/mpb/Documents/GitHub/ai_workflow.js/docs/reference/CONFIGURATION_SCHEMA.md
[2026-03-11T22:51:46.391Z] Archived outdated: /home/mpb/Documents/GitHub/ai_workflow.js/docs/reference/CONFIGURATION_SCHEMA.md
[2026-03-11T22:51:46.391Z] Archived: /home/mpb/Documents/GitHub/ai_workflow.js/docs/reference/ERROR_CODES.md
[2026-03-11T22:51:46.391Z] Archived outdated: /home/mpb/Documents/GitHub/ai_workflow.js/docs/reference/ERROR_CODES.md
[2026-03-11T22:51:46.392Z] Archived: /home/mpb/Documents/GitHub/ai_workflow.js/docs/reports/analysis/CLI_ENHANCEMENT_SUMMARY.md
[2026-03-11T22:51:46.392Z] Archived outdated: /home/mpb/Documents/GitHub/ai_workflow.js/docs/reports/analysis/CLI_ENHANCEMENT_SUMMARY.md
[2026-03-11T22:51:46.392Z] Archived: /home/mpb/Documents/GitHub/ai_workflow.js/docs/reports/analysis/CORRECTION_REPORT.md
[2026-03-11T22:51:46.392Z] Archived outdated: /home/mpb/Documents/GitHub/ai_workflow.js/docs/reports/analysis/CORRECTION_REPORT.md
[2026-03-11T22:51:46.393Z] Archived: /home/mpb/Documents/GitHub/ai_workflow.js/docs/reports/analysis/SCRIPT_VALIDATION_REPORT.md
[2026-03-11T22:51:46.393Z] Archived outdated: /home/mpb/Documents/GitHub/ai_workflow.js/docs/reports/analysis/SCRIPT_VALIDATION_REPORT.md
[2026-03-11T22:51:46.393Z] Archived: /home/mpb/Documents/GitHub/ai_workflow.js/docs/reports/bugfixes/BUGFIX_SUMMARY_2026_02_17.md
[2026-03-11T22:51:46.393Z] Archived outdated: /home/mpb/Documents/GitHub/ai_workflow.js/docs/reports/bugfixes/BUGFIX_SUMMARY_2026_02_17.md
[2026-03-11T22:51:46.394Z] Archived: /home/mpb/Documents/GitHub/ai_workflow.js/docs/reports/implementation/MIGRATION_PLAN.md
[2026-03-11T22:51:46.394Z] Archived outdated: /home/mpb/Documents/GitHub/ai_workflow.js/docs/reports/implementation/MIGRATION_PLAN.md
[2026-03-11T22:51:46.395Z] Archived: /home/mpb/Documents/GitHub/ai_workflow.js/docs/testing/REGRESSION_TESTS_2026_02_17.md
[2026-03-11T22:51:46.395Z] Archived outdated: /home/mpb/Documents/GitHub/ai_workflow.js/docs/testing/REGRESSION_TESTS_2026_02_17.md
[2026-03-11T22:51:46.395Z] Archived: /home/mpb/Documents/GitHub/ai_workflow.js/docs/tutorials/YOUR_FIRST_WORKFLOW.md
[2026-03-11T22:51:46.395Z] Archived outdated: /home/mpb/Documents/GitHub/ai_workflow.js/docs/tutorials/YOUR_FIRST_WORKFLOW.md
[2026-03-11T22:51:46.395Z] Archived 72 outdated files
[2026-03-11T22:51:46.396Z] Phase 7: Generating Report
[2026-03-11T22:51:46.396Z] Generating optimization report...
[2026-03-11T22:51:46.398Z] Report saved: /home/mpb/Documents/GitHub/ai_workflow.js/.ai_workflow/archive/docs/20260311_195146/optimization_report.md
[2026-03-11T22:51:46.398Z] 
📊 Optimization Complete!
═══════════════════════
  Files analyzed: 132
  Files optimized: 81
  Size saved: 0KB (0%)
  Token savings: ~0

[2026-03-11T22:51:46.398Z] 
Full report: /home/mpb/Documents/GitHub/ai_workflow.js/.ai_workflow/archive/docs/20260311_195146/optimization_report.md
[2026-03-11T22:51:46.398Z] ✓ Workflow complete (6s)
[2026-03-11T22:51:46.399Z] ✓ Step step_02_5 completed in 6199ms
[2026-03-11T22:51:46.399Z] [DEBUG] [Performance] step_02_5: 6.2s
[2026-03-11T22:51:46.399Z] ⚠ [WARNING] Operation 'step_02_5' took 6.2s (memory: 37.8MB)
[2026-03-11T22:51:46.399Z] [DEBUG] Recorded outcome for step_02_5: success
[2026-03-11T22:51:46.399Z] ✓ Completed: Documentation Optimization (6s)
