[2026-03-11T22:49:21.865Z] 
→ Starting: Pre-Analysis
[2026-03-11T22:49:21.898Z] ════════════════════════════════════════════════════════════
[2026-03-11T22:49:21.899Z] 🔷  Step 0: Pre-Analysis - Analyzing Recent Changes
[2026-03-11T22:49:21.899Z] ════════════════════════════════════════════════════════════
[2026-03-11T22:49:21.977Z] Commits ahead of remote: 0
[2026-03-11T22:49:21.977Z] Modified files: 272
[2026-03-11T22:49:21.986Z] ✓ Project kind from config: nodejs_automation (configured)
[2026-03-11T22:49:22.065Z] ✓ Pre-analysis complete:
  • Commits ahead: 0
  • Modified files: 272
  • Change scope: code-and-docs
  • Documentation: 22 files
  • Tests: 0 files
  • Source: 5 files
  • Config: 3 files
  • Project kind: nodejs_automation (100% confidence)

[2026-03-11T22:49:22.078Z] ✓ Step step_00 completed in 215ms
[2026-03-11T22:49:22.079Z] [DEBUG] [Performance] step_00: 215ms
[2026-03-11T22:49:22.080Z] [DEBUG] Recorded outcome for step_00: success
[2026-03-11T22:49:22.080Z] ✓ Completed: Pre-Analysis (0s)
