[2026-03-11T22:49:22.081Z] 
→ Starting: Bootstrap Documentation
[2026-03-11T22:49:22.104Z] [DEBUG] Step0bBootstrapDocs.execute()
[2026-03-11T22:49:22.104Z] ════════════════════════════════════════════════════════════
[2026-03-11T22:49:22.104Z] 🔷  Step 0b: Documentation Gap Analysis and Generation
[2026-03-11T22:49:22.104Z] ════════════════════════════════════════════════════════════
[2026-03-11T22:49:22.104Z] Phase 1: Gathering project statistics...
[2026-03-11T22:49:22.104Z] [DEBUG] Gathering project statistics by scanning files...
[2026-03-11T22:49:22.104Z] [DEBUG] Listing all files in the project directory...
[2026-03-11T22:49:22.104Z] [DEBUG] Project root: /home/mpb/Documents/GitHub/ai_workflow.js
[2026-03-11T22:49:22.121Z] [DEBUG] Total files found: 1083
[2026-03-11T22:49:22.121Z] [DEBUG] Converting to relative paths...
[2026-03-11T22:49:22.128Z] Project has 504 documentation files and 300 source files
[2026-03-11T22:49:22.128Z] README.md size: 16040 bytes, Has CHANGELOG: true, Has docs/ directory: true
[2026-03-11T22:49:22.128Z] Phase 2: Evaluating documentation coverage...
[2026-03-11T22:49:22.129Z] Step 0b: Documentation coverage adequate - no bootstrap needed
[2026-03-11T22:49:22.130Z] ✓ Step step_0b completed in 50ms
[2026-03-11T22:49:22.130Z] [DEBUG] [Performance] step_0b: 50ms
[2026-03-11T22:49:22.130Z] [DEBUG] Recorded outcome for step_0b: success
[2026-03-11T22:49:22.130Z] ✓ Completed: Bootstrap Documentation (0s)
