[2026-03-03T22:20:04.562Z] 
→ Starting: Documentation Optimization
[2026-03-03T22:20:04.563Z] Documentation optimization initialized
[2026-03-03T22:20:04.563Z] ════════════════════════════════════════════════════════════
[2026-03-03T22:20:04.563Z] 🔷  Step 2.5: Documentation Optimization
[2026-03-03T22:20:04.563Z] ════════════════════════════════════════════════════════════
[2026-03-03T22:20:04.564Z] Phase 1: Heuristics Analysis (103 files)
[2026-03-03T22:20:04.570Z] Calculating content hashes...
[2026-03-03T22:20:04.572Z] Found 0 duplicate groups (0 redundant files)
[2026-03-03T22:20:04.572Z] Analyzing document similarity...
[2026-03-03T22:20:06.265Z] Found 0 redundant pairs above 80% similarity
[2026-03-03T22:20:06.265Z] Found 0 exact duplicates, 0 redundant pairs
[2026-03-03T22:20:06.265Z] Phase 2: Git History Analysis
[2026-03-03T22:20:06.266Z] Analyzing git history for 103 files...
[2026-03-03T22:20:07.146Z] Completed git analysis for 103 files
[2026-03-03T22:20:07.147Z] Found 0 outdated files
[2026-03-03T22:20:07.147Z] Phase 3: Version Reference Analysis
[2026-03-03T22:20:07.148Z] Detected version from package.json: 1.3.11
[2026-03-03T22:20:07.148Z] Analyzing version references in 103 files (current: 1.3.11)...
[2026-03-03T22:20:07.159Z] Completed version analysis for 103 files
[2026-03-03T22:20:07.159Z] Version analysis complete (0 total outdated)
[2026-03-03T22:20:07.159Z] Phase 4: AI Edge Case Analysis (skipped - no AI analyzer)
[2026-03-03T22:20:07.159Z] Phase 5: Optimization Summary
[2026-03-03T22:20:07.159Z] 
📊 Analysis Results:
───────────────────
  Total files analyzed: 103
  Exact duplicates: 0
  Redundant pairs: 0
  Outdated files: 0
  Files to optimize: 0

[2026-03-03T22:20:07.159Z] No optimizations needed
[2026-03-03T22:20:07.159Z] ✓ Workflow complete (3s)
[2026-03-03T22:20:07.159Z] ✓ Step step_02_5 completed in 2597ms
[2026-03-03T22:20:07.159Z] [DEBUG] [Performance] step_02_5: 2.6s
[2026-03-03T22:20:07.159Z] [DEBUG] Recorded outcome for step_02_5: success
[2026-03-03T22:20:07.159Z] ✓ Completed: Documentation Optimization (3s)
