[2026-03-03T22:17:28.644Z] 
→ Starting: Bootstrap Documentation
[2026-03-03T22:17:28.645Z] [DEBUG] Step0bBootstrapDocs.execute()
[2026-03-03T22:17:28.645Z] ════════════════════════════════════════════════════════════
[2026-03-03T22:17:28.645Z] 🔷  Step 0b: Documentation Gap Analysis and Generation
[2026-03-03T22:17:28.645Z] ════════════════════════════════════════════════════════════
[2026-03-03T22:17:28.645Z] Phase 1: Gathering project statistics...
[2026-03-03T22:17:28.645Z] [DEBUG] Gathering project statistics by scanning files...
[2026-03-03T22:17:28.645Z] [DEBUG] Listing all files in the project directory...
[2026-03-03T22:17:28.645Z] [DEBUG] Project root: /home/mpb/Documents/GitHub/ai_workflow.js
[2026-03-03T22:17:28.651Z] [DEBUG] Total files found: 1422
[2026-03-03T22:17:28.651Z] [DEBUG] Converting to relative paths...
[2026-03-03T22:17:28.654Z] Project has 764 documentation files and 217 source files
[2026-03-03T22:17:28.654Z] README.md size: 13808 bytes, Has CHANGELOG: true, Has docs/ directory: true
[2026-03-03T22:17:28.654Z] Phase 2: Evaluating documentation coverage...
[2026-03-03T22:17:28.654Z] Step 0b: Documentation coverage adequate - no bootstrap needed
[2026-03-03T22:17:28.654Z] ✓ Step step_0b completed in 10ms
[2026-03-03T22:17:28.654Z] [DEBUG] [Performance] step_0b: 10ms
[2026-03-03T22:17:28.654Z] [DEBUG] Recorded outcome for step_0b: success
[2026-03-03T22:17:28.654Z] ✓ Completed: Bootstrap Documentation (0s)
