[2026-03-03T22:17:28.543Z] 
→ Starting: Pre-Analysis
[2026-03-03T22:17:28.543Z] ════════════════════════════════════════════════════════════
[2026-03-03T22:17:28.543Z] 🔷  Step 0: Pre-Analysis - Analyzing Recent Changes
[2026-03-03T22:17:28.543Z] ════════════════════════════════════════════════════════════
[2026-03-03T22:17:28.605Z] Commits ahead of remote: 0
[2026-03-03T22:17:28.605Z] Modified files: 465
[2026-03-03T22:17:28.612Z] ✓ Project kind from config: nodejs_automation (configured)
[2026-03-03T22:17:28.640Z] ✓ Pre-analysis complete:
  • Commits ahead: 0
  • Modified files: 465
  • Change scope: full-stack
  • Documentation: 8 files
  • Tests: 18 files
  • Source: 25 files
  • Config: 4 files
  • Project kind: nodejs_automation (100% confidence)

[2026-03-03T22:17:28.644Z] ✓ Step step_00 completed in 101ms
[2026-03-03T22:17:28.644Z] [DEBUG] [Performance] step_00: 101ms
[2026-03-03T22:17:28.644Z] [DEBUG] Recorded outcome for step_00: success
[2026-03-03T22:17:28.644Z] ✓ Completed: Pre-Analysis (0s)
