[2026-03-11T20:56:33.176Z] 
→ Starting: Pre-Analysis
[2026-03-11T20:56:33.204Z] ════════════════════════════════════════════════════════════
[2026-03-11T20:56:33.204Z] 🔷  Step 0: Pre-Analysis - Analyzing Recent Changes
[2026-03-11T20:56:33.204Z] ════════════════════════════════════════════════════════════
[2026-03-11T20:56:33.276Z] Commits ahead of remote: 0
[2026-03-11T20:56:33.276Z] Modified files: 100
[2026-03-11T20:56:33.284Z] ✓ Project kind from config: nodejs_automation (configured)
[2026-03-11T20:56:33.345Z] ✓ Pre-analysis complete:
  • Commits ahead: 0
  • Modified files: 100
  • Change scope: full-stack
  • Documentation: 2 files
  • Tests: 9 files
  • Source: 14 files
  • Config: 3 files
  • Project kind: nodejs_automation (100% confidence)

[2026-03-11T20:56:33.358Z] ✓ Step step_00 completed in 183ms
[2026-03-11T20:56:33.359Z] [DEBUG] [Performance] step_00: 183ms
[2026-03-11T20:56:33.360Z] [DEBUG] Recorded outcome for step_00: success
[2026-03-11T20:56:33.360Z] ✓ Completed: Pre-Analysis (0s)
