[2026-03-11T20:57:42.102Z] 
→ Starting: Version Update
[2026-03-11T20:57:42.132Z] ════════════════════════════════════════════════════════════
[2026-03-11T20:57:42.132Z] 🔷  Step 16: Version Update
[2026-03-11T20:57:42.132Z] ════════════════════════════════════════════════════════════
[2026-03-11T20:57:42.132Z] Phase 1: Detecting current version...
[2026-03-11T20:57:42.134Z] ✓ Current version: 1.6.1
[2026-03-11T20:57:42.134Z] Phase 2: Determining bump type...
[2026-03-11T20:57:42.134Z] Heuristic bump type: patch
[2026-03-11T20:57:44.947Z] ✗ SDK initialization failed: An onPermissionRequest handler is required when creating a session. For example, to allow all permissions, use { onPermissionRequest: approveAll }.
[2026-03-11T20:57:44.948Z] [VERSION BUMP] previous: 1.6.1 → next: 1.6.2 (patch)
[2026-03-11T20:57:44.948Z] ✓ New version: 1.6.1 → 1.6.2
[2026-03-11T20:57:44.948Z] Phase 3: Updating versions in files...
[2026-03-11T20:57:44.979Z] Version scan found 183 file(s) referencing 1.6.1
[2026-03-11T20:57:45.071Z] ✓ Updated 183 files, skipped 88, failed 0
[2026-03-11T20:57:45.073Z] ✓ Step 16: Version update completed
[2026-03-11T20:57:45.073Z] ✓ Step step_16 completed in 2972ms
[2026-03-11T20:57:45.073Z] [DEBUG] [Performance] step_16: 3.0s
[2026-03-11T20:57:45.073Z] [DEBUG] Recorded outcome for step_16: success
[2026-03-11T20:57:45.073Z] ✓ Completed: Version Update (3s)
