[2026-03-11T20:57:23.036Z] 
→ Starting: Code Quality
[2026-03-11T20:57:23.067Z] ════════════════════════════════════════════════════════════
[2026-03-11T20:57:23.067Z] 🔷  Step 10: Code Quality Analysis
[2026-03-11T20:57:23.067Z] ════════════════════════════════════════════════════════════
[2026-03-11T20:57:23.135Z] Detected languages: javascript, markdown, html, json, yaml, bash, typescript, css, python
[2026-03-11T20:57:25.323Z] javascript: 133 source file(s), linter: npm run lint
[2026-03-11T20:57:25.323Z] [DEBUG] [AnalysisCache] Cache miss: linter_fa2ea3df
[2026-03-11T20:57:25.324Z] [DEBUG] [AnalysisCache] Cached: linter_fa2ea3df (67 bytes)
[2026-03-11T20:57:25.324Z] ✓ javascript: no issues
[2026-03-11T20:57:25.718Z] json: 66 source file(s), linter: (native JSON.parse)
[2026-03-11T20:57:25.718Z] [DEBUG] [AnalysisCache] Cache miss: linter_bcda9f1f
[2026-03-11T20:57:25.820Z] [DEBUG] [AnalysisCache] Cached: linter_bcda9f1f (51 bytes)
[2026-03-11T20:57:25.820Z] ✓ json: no issues
[2026-03-11T20:57:26.255Z] bash: 6 source file(s), linter: find . -name "*.sh" -not -path "*/node_modules/*" -not -path "*/.git/*" | xargs shellcheck
[2026-03-11T20:57:26.255Z] [DEBUG] [AnalysisCache] Cache miss: linter_0a9904d6
[2026-03-11T20:57:26.255Z] [DEBUG] [AnalysisCache] Cached: linter_0a9904d6 (61 bytes)
[2026-03-11T20:57:26.255Z] ✓ bash: no issues
[2026-03-11T20:57:26.661Z] typescript: 4 source file(s), linter: npm run lint
[2026-03-11T20:57:26.661Z] [DEBUG] [AnalysisCache] Cache miss: linter_c2331179
[2026-03-11T20:57:26.662Z] [DEBUG] [AnalysisCache] Cached: linter_c2331179 (67 bytes)
[2026-03-11T20:57:26.662Z] ✓ typescript: no issues
[2026-03-11T20:57:27.052Z] python: 2 source file(s), linter: flake8 .
[2026-03-11T20:57:27.052Z] [DEBUG] [AnalysisCache] Cache miss: linter_659e11d0
[2026-03-11T20:57:27.052Z] [DEBUG] [AnalysisCache] Cached: linter_659e11d0 (67 bytes)
[2026-03-11T20:57:27.052Z] ✓ python: no issues
[2026-03-11T20:57:27.053Z] Total: 0 issue(s) across 5 language(s)
[2026-03-11T20:57:29.809Z] ✗ SDK initialization failed: An onPermissionRequest handler is required when creating a session. For example, to allow all permissions, use { onPermissionRequest: approveAll }.
[2026-03-11T20:57:29.810Z] ⚠ AI helper not available - skipping AI code quality review
[2026-03-11T20:57:29.810Z] ✓ Step 10 completed - code quality validated!
[2026-03-11T20:57:29.810Z] ✓ Step step_10 completed in 6775ms
[2026-03-11T20:57:29.810Z] [DEBUG] [Performance] step_10: 6.8s
[2026-03-11T20:57:29.810Z] ⚠ [WARNING] Operation 'step_10' took 6.8s (memory: 71.99MB)
[2026-03-11T20:57:29.810Z] [DEBUG] Recorded outcome for step_10: success
[2026-03-11T20:57:29.810Z] ✓ Completed: Code Quality (7s)
