[2026-03-11T20:57:30.006Z] 
→ Starting: Markdown Linting
[2026-03-11T20:57:30.026Z] ════════════════════════════════════════════════════════════
[2026-03-11T20:57:30.026Z] 🔷  Step 13: Markdown Linting
[2026-03-11T20:57:30.026Z] ════════════════════════════════════════════════════════════
[2026-03-11T20:57:30.027Z] Enumerating markdown files...
[2026-03-11T20:57:30.094Z] Found 158 markdown files
[2026-03-11T20:57:30.094Z] Checking for mdl (markdownlint)...
[2026-03-11T20:57:30.331Z] mdl is installed: 0.13.0
[2026-03-11T20:57:30.331Z] Running mdl on all markdown files...
[2026-03-11T20:57:33.010Z] ⚠ Found 4637 markdown linting violations
[2026-03-11T20:57:33.010Z] Auto-fixing markdown violations via markdownlint-cli...
[2026-03-11T20:57:33.214Z] ✅ Auto-fix applied via npm run lint:md:fix
[2026-03-11T20:57:33.214Z] Running mdl on all markdown files...
[2026-03-11T20:57:35.711Z] ⚠ Found 4637 markdown linting violations
[2026-03-11T20:57:35.711Z] Auto-fix applied. Remaining violations: 4637
[2026-03-11T20:57:35.711Z] Checking for common markdown anti-patterns...
[2026-03-11T20:57:35.759Z] No common anti-patterns detected
[2026-03-11T20:57:38.291Z] ✗ SDK initialization failed: An onPermissionRequest handler is required when creating a session. For example, to allow all permissions, use { onPermissionRequest: approveAll }.
[2026-03-11T20:57:38.292Z] ⚠ AI helper not available - skipping AI analysis
[2026-03-11T20:57:38.292Z] ✓ Step step_13 completed in 8286ms
[2026-03-11T20:57:38.292Z] [DEBUG] [Performance] step_13: 8.3s
[2026-03-11T20:57:38.292Z] ⚠ [WARNING] Operation 'step_13' took 8.3s (memory: 86.17MB)
[2026-03-11T20:57:38.292Z] [DEBUG] Recorded outcome for step_13: success
[2026-03-11T20:57:38.292Z] ✓ Completed: Markdown Linting (8s)
