[2026-03-11T20:57:20.093Z] 
→ Starting: Dependency Analysis
[2026-03-11T20:57:20.127Z] ════════════════════════════════════════════════════════════
[2026-03-11T20:57:20.127Z] 🔷  Step 9: Dependency Validation
[2026-03-11T20:57:20.127Z] ════════════════════════════════════════════════════════════
[2026-03-11T20:57:20.178Z] Detected language: javascript
[2026-03-11T20:57:20.179Z] Found dependency files: package.json, package-lock.json
[2026-03-11T20:57:20.181Z] Total dependencies: 27
[2026-03-11T20:57:20.188Z] ⚠ Lockfile integrity issues found (1):
[2026-03-11T20:57:20.188Z] ⚠   • node_modules/olinda_utils.js: non-HTTPS resolved URL "git+ssh://git@github.com/mpbarbosa/olinda_utils.js.git#959aaf049bfed6f36a44c9874d8bad52627e84a3"
[2026-03-11T20:57:20.190Z] ✓ No vulnerabilities found
[2026-03-11T20:57:20.190Z] ⚠ npm install --dry-run failed — possible unresolvable lockfile entries
[2026-03-11T20:57:20.190Z] ⚠   
[2026-03-11T20:57:23.034Z] ✗ SDK initialization failed: An onPermissionRequest handler is required when creating a session. For example, to allow all permissions, use { onPermissionRequest: approveAll }.
[2026-03-11T20:57:23.035Z] ⚠ AI helper not available - skipping AI dependency analysis
[2026-03-11T20:57:23.035Z] ✓ Step 9 completed - dependencies validated!
[2026-03-11T20:57:23.035Z] ✓ Step step_09 completed in 2943ms
[2026-03-11T20:57:23.035Z] [DEBUG] [Performance] step_09: 2.9s
[2026-03-11T20:57:23.035Z] [DEBUG] Recorded outcome for step_09: success
[2026-03-11T20:57:23.035Z] ✓ Completed: Dependency Analysis (3s)
