[2026-03-11T20:56:49.287Z] 
→ Starting: Documentation Optimization
[2026-03-11T20:56:49.315Z] Documentation optimization initialized
[2026-03-11T20:56:49.315Z] ════════════════════════════════════════════════════════════
[2026-03-11T20:56:49.315Z] 🔷  Step 2.5: Documentation Optimization
[2026-03-11T20:56:49.315Z] ════════════════════════════════════════════════════════════
[2026-03-11T20:56:49.323Z] Phase 1: Heuristics Analysis (133 files)
[2026-03-11T20:56:49.348Z] Calculating content hashes...
[2026-03-11T20:56:49.355Z] Found 11 duplicate groups (11 redundant files)
[2026-03-11T20:56:49.355Z] Analyzing document similarity...
[2026-03-11T20:56:53.176Z] Found 11 redundant pairs above 80% similarity
[2026-03-11T20:56:53.177Z] Found 11 exact duplicates, 11 redundant pairs
[2026-03-11T20:56:53.177Z] Phase 2: Git History Analysis
[2026-03-11T20:56:53.177Z] Analyzing git history for 133 files...
[2026-03-11T20:56:55.836Z] Completed git analysis for 133 files
[2026-03-11T20:56:55.836Z] Found 0 outdated files
[2026-03-11T20:56:55.837Z] Phase 3: Version Reference Analysis
[2026-03-11T20:56:55.837Z] Detected version from package.json: 1.6.1
[2026-03-11T20:56:55.838Z] Analyzing version references in 133 files (current: 1.6.1)...
[2026-03-11T20:56:55.873Z] Completed version analysis for 133 files
[2026-03-11T20:56:55.874Z] Version analysis complete (68 total outdated)
[2026-03-11T20:56:55.874Z] Phase 4: AI Edge Case Analysis (skipped - no AI analyzer)
[2026-03-11T20:56:55.874Z] Phase 5: Optimization Summary
[2026-03-11T20:56:55.874Z] 
📊 Analysis Results:
───────────────────
  Total files analyzed: 133
  Exact duplicates: 11
  Redundant pairs: 11
  Outdated files: 68
  Files to optimize: 79

[2026-03-11T20:56:55.874Z] Phase 6: Applying Optimizations
[2026-03-11T20:56:55.874Z] Consolidating 11 duplicate groups...
[2026-03-11T20:56:55.875Z] Created archive: /home/mpb/Documents/GitHub/ai_workflow.js/.ai_workflow/archive/docs/20260311_175655
[2026-03-11T20:56:55.876Z] Archived: /home/mpb/Documents/GitHub/ai_workflow.js/docs/api/html/media/FUNCTIONAL_REQUIREMENTS.md
[2026-03-11T20:56:55.877Z] Archived: /home/mpb/Documents/GitHub/ai_workflow.js/docs/api/html/media/WORKFLOW_ENGINE_REQUIREMENTS.md
[2026-03-11T20:56:55.877Z] Archived: /home/mpb/Documents/GitHub/ai_workflow.js/docs/api/html/media/README.md
[2026-03-11T20:56:55.878Z] Archived: /home/mpb/Documents/GitHub/ai_workflow.js/docs/api/html/media/CLEANUP_ARTIFACTS.md
[2026-03-11T20:56:55.878Z] Archived: /home/mpb/Documents/GitHub/ai_workflow.js/docs/api/html/media/CLI_QUICK_REFERENCE.md
[2026-03-11T20:56:55.879Z] Archived: /home/mpb/Documents/GitHub/ai_workflow.js/docs/api/html/media/CLI_USAGE_GUIDE.md
[2026-03-11T20:56:55.879Z] Archived: /home/mpb/Documents/GitHub/ai_workflow.js/docs/api/html/media/MIGRATION_PLAN.md
[2026-03-11T20:56:55.879Z] Archived: /home/mpb/Documents/GitHub/ai_workflow.js/docs/api/html/media/PREPARE_RELEASE.md
[2026-03-11T20:56:55.880Z] Archived: /home/mpb/Documents/GitHub/ai_workflow.js/docs/api/html/media/SETUP.md
[2026-03-11T20:56:55.880Z] Archived: /home/mpb/Documents/GitHub/ai_workflow.js/docs/api/html/media/TEST_INTEGRATION.md
[2026-03-11T20:56:55.881Z] Archived: /home/mpb/Documents/GitHub/ai_workflow.js/docs/api/html/media/VALIDATE.md
[2026-03-11T20:56:55.881Z] Consolidation complete: 11 removed, 11 kept
[2026-03-11T20:56:55.881Z] Archiving 68 outdated files...
[2026-03-11T20:56:55.881Z] Created archive: /home/mpb/Documents/GitHub/ai_workflow.js/.ai_workflow/archive/docs/20260311_175655
[2026-03-11T20:56:55.882Z] Archived: /home/mpb/Documents/GitHub/ai_workflow.js/docs/FUNCTIONAL_REQUIREMENTS.md
[2026-03-11T20:56:55.882Z] Archived outdated: /home/mpb/Documents/GitHub/ai_workflow.js/docs/FUNCTIONAL_REQUIREMENTS.md
[2026-03-11T20:56:55.882Z] Archived: /home/mpb/Documents/GitHub/ai_workflow.js/docs/PHASE_C_COMPLETION_SUMMARY.md
[2026-03-11T20:56:55.882Z] Archived outdated: /home/mpb/Documents/GitHub/ai_workflow.js/docs/PHASE_C_COMPLETION_SUMMARY.md
[2026-03-11T20:56:55.882Z] Archived: /home/mpb/Documents/GitHub/ai_workflow.js/docs/PHASE_D_COMPLETION_SUMMARY.md
[2026-03-11T20:56:55.882Z] Archived outdated: /home/mpb/Documents/GitHub/ai_workflow.js/docs/PHASE_D_COMPLETION_SUMMARY.md
[2026-03-11T20:56:55.883Z] Archived: /home/mpb/Documents/GitHub/ai_workflow.js/docs/README.md
[2026-03-11T20:56:55.883Z] Archived outdated: /home/mpb/Documents/GitHub/ai_workflow.js/docs/README.md
[2026-03-11T20:56:55.883Z] Archived: /home/mpb/Documents/GitHub/ai_workflow.js/docs/WORKFLOW_ENGINE_REQUIREMENTS.md
[2026-03-11T20:56:55.883Z] Archived outdated: /home/mpb/Documents/GitHub/ai_workflow.js/docs/WORKFLOW_ENGINE_REQUIREMENTS.md
[2026-03-11T20:56:55.883Z] Archived: /home/mpb/Documents/GitHub/ai_workflow.js/docs/api/API_DOCS_INDEX.md
[2026-03-11T20:56:55.883Z] Archived outdated: /home/mpb/Documents/GitHub/ai_workflow.js/docs/api/API_DOCS_INDEX.md
[2026-03-11T20:56:55.884Z] Archived: /home/mpb/Documents/GitHub/ai_workflow.js/docs/api/EXAMPLES.md
[2026-03-11T20:56:55.884Z] Archived outdated: /home/mpb/Documents/GitHub/ai_workflow.js/docs/api/EXAMPLES.md
[2026-03-11T20:56:55.884Z] Archived: /home/mpb/Documents/GitHub/ai_workflow.js/docs/api/GENERATION_SUMMARY.md
[2026-03-11T20:56:55.884Z] Archived outdated: /home/mpb/Documents/GitHub/ai_workflow.js/docs/api/GENERATION_SUMMARY.md
[2026-03-11T20:56:55.884Z] Archived: /home/mpb/Documents/GitHub/ai_workflow.js/docs/api/README.md
[2026-03-11T20:56:55.884Z] Archived outdated: /home/mpb/Documents/GitHub/ai_workflow.js/docs/api/README.md
[2026-03-11T20:56:55.885Z] Archived: /home/mpb/Documents/GitHub/ai_workflow.js/docs/api/cleanup_handlers.md
[2026-03-11T20:56:55.885Z] Archived outdated: /home/mpb/Documents/GitHub/ai_workflow.js/docs/api/cleanup_handlers.md
[2026-03-11T20:56:55.885Z] Archived: /home/mpb/Documents/GitHub/ai_workflow.js/docs/api/core/colors.md
[2026-03-11T20:56:55.885Z] Archived outdated: /home/mpb/Documents/GitHub/ai_workflow.js/docs/api/core/colors.md
[2026-03-11T20:56:55.885Z] Archived: /home/mpb/Documents/GitHub/ai_workflow.js/docs/api/core/logger.md
[2026-03-11T20:56:55.885Z] Archived outdated: /home/mpb/Documents/GitHub/ai_workflow.js/docs/api/core/logger.md
[2026-03-11T20:56:55.885Z] Archived: /home/mpb/Documents/GitHub/ai_workflow.js/docs/api/core/version.md
[2026-03-11T20:56:55.885Z] Archived outdated: /home/mpb/Documents/GitHub/ai_workflow.js/docs/api/core/version.md
[2026-03-11T20:56:55.886Z] Archived: /home/mpb/Documents/GitHub/ai_workflow.js/docs/api/html/media/CLEANUP_ARTIFACTS.md
[2026-03-11T20:56:55.886Z] Archived outdated: /home/mpb/Documents/GitHub/ai_workflow.js/docs/api/html/media/CLEANUP_ARTIFACTS.md
[2026-03-11T20:56:55.886Z] Archived: /home/mpb/Documents/GitHub/ai_workflow.js/docs/api/html/media/CLI_USAGE_GUIDE.md
[2026-03-11T20:56:55.886Z] Archived outdated: /home/mpb/Documents/GitHub/ai_workflow.js/docs/api/html/media/CLI_USAGE_GUIDE.md
[2026-03-11T20:56:55.886Z] Archived: /home/mpb/Documents/GitHub/ai_workflow.js/docs/api/html/media/FUNCTIONAL_REQUIREMENTS.md
[2026-03-11T20:56:55.886Z] Archived outdated: /home/mpb/Documents/GitHub/ai_workflow.js/docs/api/html/media/FUNCTIONAL_REQUIREMENTS.md
[2026-03-11T20:56:55.887Z] Archived: /home/mpb/Documents/GitHub/ai_workflow.js/docs/api/html/media/MIGRATION_PLAN.md
[2026-03-11T20:56:55.887Z] Archived outdated: /home/mpb/Documents/GitHub/ai_workflow.js/docs/api/html/media/MIGRATION_PLAN.md
[2026-03-11T20:56:55.887Z] Archived: /home/mpb/Documents/GitHub/ai_workflow.js/docs/api/html/media/README.md
[2026-03-11T20:56:55.887Z] Archived outdated: /home/mpb/Documents/GitHub/ai_workflow.js/docs/api/html/media/README.md
[2026-03-11T20:56:55.887Z] Archived: /home/mpb/Documents/GitHub/ai_workflow.js/docs/api/html/media/WORKFLOW_ENGINE_REQUIREMENTS.md
[2026-03-11T20:56:55.887Z] Archived outdated: /home/mpb/Documents/GitHub/ai_workflow.js/docs/api/html/media/WORKFLOW_ENGINE_REQUIREMENTS.md
[2026-03-11T20:56:55.888Z] Archived: /home/mpb/Documents/GitHub/ai_workflow.js/docs/api/lib/analysis_cache.md
[2026-03-11T20:56:55.888Z] Archived outdated: /home/mpb/Documents/GitHub/ai_workflow.js/docs/api/lib/analysis_cache.md
[2026-03-11T20:56:55.888Z] Archived: /home/mpb/Documents/GitHub/ai_workflow.js/docs/api/lib/backlog.md
[2026-03-11T20:56:55.888Z] Archived outdated: /home/mpb/Documents/GitHub/ai_workflow.js/docs/api/lib/backlog.md
[2026-03-11T20:56:55.888Z] Archived: /home/mpb/Documents/GitHub/ai_workflow.js/docs/api/lib/file_operations.md
[2026-03-11T20:56:55.888Z] Archived outdated: /home/mpb/Documents/GitHub/ai_workflow.js/docs/api/lib/file_operations.md
[2026-03-11T20:56:55.888Z] Archived: /home/mpb/Documents/GitHub/ai_workflow.js/docs/api/lib/incremental_analysis.md
[2026-03-11T20:56:55.888Z] Archived outdated: /home/mpb/Documents/GitHub/ai_workflow.js/docs/api/lib/incremental_analysis.md
[2026-03-11T20:56:55.889Z] Archived: /home/mpb/Documents/GitHub/ai_workflow.js/docs/api/lib/jq_wrapper.md
[2026-03-11T20:56:55.889Z] Archived outdated: /home/mpb/Documents/GitHub/ai_workflow.js/docs/api/lib/jq_wrapper.md
[2026-03-11T20:56:55.889Z] Archived: /home/mpb/Documents/GitHub/ai_workflow.js/docs/api/lib/performance.md
[2026-03-11T20:56:55.889Z] Archived outdated: /home/mpb/Documents/GitHub/ai_workflow.js/docs/api/lib/performance.md
[2026-03-11T20:56:55.889Z] Archived: /home/mpb/Documents/GitHub/ai_workflow.js/docs/api/lib/project_kind_config.md
[2026-03-11T20:56:55.889Z] Archived outdated: /home/mpb/Documents/GitHub/ai_workflow.js/docs/api/lib/project_kind_config.md
[2026-03-11T20:56:55.889Z] Archived: /home/mpb/Documents/GitHub/ai_workflow.js/docs/api/lib/project_kind_detection.md
[2026-03-11T20:56:55.889Z] Archived outdated: /home/mpb/Documents/GitHub/ai_workflow.js/docs/api/lib/project_kind_detection.md
[2026-03-11T20:56:55.890Z] Archived: /home/mpb/Documents/GitHub/ai_workflow.js/docs/api/lib/session_manager.md
[2026-03-11T20:56:55.890Z] Archived outdated: /home/mpb/Documents/GitHub/ai_workflow.js/docs/api/lib/session_manager.md
[2026-03-11T20:56:55.890Z] Archived: /home/mpb/Documents/GitHub/ai_workflow.js/docs/api/lib/tech_stack.md
[2026-03-11T20:56:55.890Z] Archived outdated: /home/mpb/Documents/GitHub/ai_workflow.js/docs/api/lib/tech_stack.md
[2026-03-11T20:56:55.890Z] Archived: /home/mpb/Documents/GitHub/ai_workflow.js/docs/api/lib/third_party_exclusion.md
[2026-03-11T20:56:55.890Z] Archived outdated: /home/mpb/Documents/GitHub/ai_workflow.js/docs/api/lib/third_party_exclusion.md
[2026-03-11T20:56:55.890Z] Archived: /home/mpb/Documents/GitHub/ai_workflow.js/docs/api/lib/utils.md
[2026-03-11T20:56:55.890Z] Archived outdated: /home/mpb/Documents/GitHub/ai_workflow.js/docs/api/lib/utils.md
[2026-03-11T20:56:55.891Z] Archived: /home/mpb/Documents/GitHub/ai_workflow.js/docs/api/logger.md
[2026-03-11T20:56:55.891Z] Archived outdated: /home/mpb/Documents/GitHub/ai_workflow.js/docs/api/logger.md
[2026-03-11T20:56:55.891Z] Archived: /home/mpb/Documents/GitHub/ai_workflow.js/docs/api/metrics.md
[2026-03-11T20:56:55.891Z] Archived outdated: /home/mpb/Documents/GitHub/ai_workflow.js/docs/api/metrics.md
[2026-03-11T20:56:55.891Z] Archived: /home/mpb/Documents/GitHub/ai_workflow.js/docs/api/orchestrator/checkpoint_manager.md
[2026-03-11T20:56:55.891Z] Archived outdated: /home/mpb/Documents/GitHub/ai_workflow.js/docs/api/orchestrator/checkpoint_manager.md
[2026-03-11T20:56:55.892Z] Archived: /home/mpb/Documents/GitHub/ai_workflow.js/docs/api/orchestrator/step_registry.md
[2026-03-11T20:56:55.892Z] Archived outdated: /home/mpb/Documents/GitHub/ai_workflow.js/docs/api/orchestrator/step_registry.md
[2026-03-11T20:56:55.892Z] Archived: /home/mpb/Documents/GitHub/ai_workflow.js/docs/api/orchestrator/workflow_engine.md
[2026-03-11T20:56:55.892Z] Archived outdated: /home/mpb/Documents/GitHub/ai_workflow.js/docs/api/orchestrator/workflow_engine.md
[2026-03-11T20:56:55.892Z] Archived: /home/mpb/Documents/GitHub/ai_workflow.js/docs/api/steps/step_01_documentation.md
[2026-03-11T20:56:55.892Z] Archived outdated: /home/mpb/Documents/GitHub/ai_workflow.js/docs/api/steps/step_01_documentation.md
[2026-03-11T20:56:55.892Z] Archived: /home/mpb/Documents/GitHub/ai_workflow.js/docs/api/steps/step_02_consistency.md
[2026-03-11T20:56:55.892Z] Archived outdated: /home/mpb/Documents/GitHub/ai_workflow.js/docs/api/steps/step_02_consistency.md
[2026-03-11T20:56:55.893Z] Archived: /home/mpb/Documents/GitHub/ai_workflow.js/docs/api/utils/errors.md
[2026-03-11T20:56:55.893Z] Archived outdated: /home/mpb/Documents/GitHub/ai_workflow.js/docs/api/utils/errors.md
[2026-03-11T20:56:55.893Z] Archived: /home/mpb/Documents/GitHub/ai_workflow.js/docs/architecture/DEPENDENCY_GRAPH.md
[2026-03-11T20:56:55.893Z] Archived outdated: /home/mpb/Documents/GitHub/ai_workflow.js/docs/architecture/DEPENDENCY_GRAPH.md
[2026-03-11T20:56:55.893Z] Archived: /home/mpb/Documents/GitHub/ai_workflow.js/docs/architecture/DESIGN_PRINCIPLES.md
[2026-03-11T20:56:55.893Z] Archived outdated: /home/mpb/Documents/GitHub/ai_workflow.js/docs/architecture/DESIGN_PRINCIPLES.md
[2026-03-11T20:56:55.893Z] Archived: /home/mpb/Documents/GitHub/ai_workflow.js/docs/architecture/MODULE_STRUCTURE.md
[2026-03-11T20:56:55.893Z] Archived outdated: /home/mpb/Documents/GitHub/ai_workflow.js/docs/architecture/MODULE_STRUCTURE.md
[2026-03-11T20:56:55.893Z] Archived: /home/mpb/Documents/GitHub/ai_workflow.js/docs/examples/advanced/README.md
[2026-03-11T20:56:55.893Z] Archived outdated: /home/mpb/Documents/GitHub/ai_workflow.js/docs/examples/advanced/README.md
[2026-03-11T20:56:55.894Z] Archived: /home/mpb/Documents/GitHub/ai_workflow.js/docs/examples/basic/README.md
[2026-03-11T20:56:55.894Z] Archived outdated: /home/mpb/Documents/GitHub/ai_workflow.js/docs/examples/basic/README.md
[2026-03-11T20:56:55.894Z] Archived: /home/mpb/Documents/GitHub/ai_workflow.js/docs/getting-started/FIRST_WORKFLOW.md
[2026-03-11T20:56:55.894Z] Archived outdated: /home/mpb/Documents/GitHub/ai_workflow.js/docs/getting-started/FIRST_WORKFLOW.md
[2026-03-11T20:56:55.894Z] Archived: /home/mpb/Documents/GitHub/ai_workflow.js/docs/getting-started/QUICK_START.md
[2026-03-11T20:56:55.894Z] Archived outdated: /home/mpb/Documents/GitHub/ai_workflow.js/docs/getting-started/QUICK_START.md
[2026-03-11T20:56:55.895Z] Archived: /home/mpb/Documents/GitHub/ai_workflow.js/docs/guides/CLEANUP_ARTIFACTS.md
[2026-03-11T20:56:55.895Z] Archived outdated: /home/mpb/Documents/GitHub/ai_workflow.js/docs/guides/CLEANUP_ARTIFACTS.md
[2026-03-11T20:56:55.895Z] Archived: /home/mpb/Documents/GitHub/ai_workflow.js/docs/guides/CLI_USAGE_GUIDE.md
[2026-03-11T20:56:55.895Z] Archived outdated: /home/mpb/Documents/GitHub/ai_workflow.js/docs/guides/CLI_USAGE_GUIDE.md
[2026-03-11T20:56:55.896Z] Archived: /home/mpb/Documents/GitHub/ai_workflow.js/docs/guides/CONFIGURATION_GUIDE.md
[2026-03-11T20:56:55.896Z] Archived outdated: /home/mpb/Documents/GitHub/ai_workflow.js/docs/guides/CONFIGURATION_GUIDE.md
[2026-03-11T20:56:55.896Z] Archived: /home/mpb/Documents/GitHub/ai_workflow.js/docs/guides/PHASE_C_COMPLETION_SUMMARY.md
[2026-03-11T20:56:55.896Z] Archived outdated: /home/mpb/Documents/GitHub/ai_workflow.js/docs/guides/PHASE_C_COMPLETION_SUMMARY.md
[2026-03-11T20:56:55.896Z] Archived: /home/mpb/Documents/GitHub/ai_workflow.js/docs/guides/TESTING_GUIDE.md
[2026-03-11T20:56:55.896Z] Archived outdated: /home/mpb/Documents/GitHub/ai_workflow.js/docs/guides/TESTING_GUIDE.md
[2026-03-11T20:56:55.896Z] Archived: /home/mpb/Documents/GitHub/ai_workflow.js/docs/guides/TEST_SPLITTING.md
[2026-03-11T20:56:55.896Z] Archived outdated: /home/mpb/Documents/GitHub/ai_workflow.js/docs/guides/TEST_SPLITTING.md
[2026-03-11T20:56:55.897Z] Archived: /home/mpb/Documents/GitHub/ai_workflow.js/docs/guides/TROUBLESHOOTING.md
[2026-03-11T20:56:55.897Z] Archived outdated: /home/mpb/Documents/GitHub/ai_workflow.js/docs/guides/TROUBLESHOOTING.md
[2026-03-11T20:56:55.897Z] Archived: /home/mpb/Documents/GitHub/ai_workflow.js/docs/guides/USER_GUIDE.md
[2026-03-11T20:56:55.897Z] Archived outdated: /home/mpb/Documents/GitHub/ai_workflow.js/docs/guides/USER_GUIDE.md
[2026-03-11T20:56:55.897Z] Archived: /home/mpb/Documents/GitHub/ai_workflow.js/docs/guides/VALIDATION_SCRIPTS.md
[2026-03-11T20:56:55.897Z] Archived outdated: /home/mpb/Documents/GitHub/ai_workflow.js/docs/guides/VALIDATION_SCRIPTS.md
[2026-03-11T20:56:55.897Z] Archived: /home/mpb/Documents/GitHub/ai_workflow.js/docs/misc/documentation_analysis_parallel.md
[2026-03-11T20:56:55.897Z] Archived outdated: /home/mpb/Documents/GitHub/ai_workflow.js/docs/misc/documentation_analysis_parallel.md
[2026-03-11T20:56:55.898Z] Archived: /home/mpb/Documents/GitHub/ai_workflow.js/docs/misc/documentation_updates.md
[2026-03-11T20:56:55.898Z] Archived outdated: /home/mpb/Documents/GitHub/ai_workflow.js/docs/misc/documentation_updates.md
[2026-03-11T20:56:55.898Z] Archived: /home/mpb/Documents/GitHub/ai_workflow.js/docs/reference/CLI_REFERENCE.md
[2026-03-11T20:56:55.898Z] Archived outdated: /home/mpb/Documents/GitHub/ai_workflow.js/docs/reference/CLI_REFERENCE.md
[2026-03-11T20:56:55.898Z] Archived: /home/mpb/Documents/GitHub/ai_workflow.js/docs/reference/COMMIT_HISTORY_SCHEMA.md
[2026-03-11T20:56:55.898Z] Archived outdated: /home/mpb/Documents/GitHub/ai_workflow.js/docs/reference/COMMIT_HISTORY_SCHEMA.md
[2026-03-11T20:56:55.898Z] Archived: /home/mpb/Documents/GitHub/ai_workflow.js/docs/reference/CONFIGURATION_SCHEMA.md
[2026-03-11T20:56:55.898Z] Archived outdated: /home/mpb/Documents/GitHub/ai_workflow.js/docs/reference/CONFIGURATION_SCHEMA.md
[2026-03-11T20:56:55.899Z] Archived: /home/mpb/Documents/GitHub/ai_workflow.js/docs/reference/ERROR_CODES.md
[2026-03-11T20:56:55.899Z] Archived outdated: /home/mpb/Documents/GitHub/ai_workflow.js/docs/reference/ERROR_CODES.md
[2026-03-11T20:56:55.899Z] Archived: /home/mpb/Documents/GitHub/ai_workflow.js/docs/reports/analysis/CLI_ENHANCEMENT_SUMMARY.md
[2026-03-11T20:56:55.899Z] Archived outdated: /home/mpb/Documents/GitHub/ai_workflow.js/docs/reports/analysis/CLI_ENHANCEMENT_SUMMARY.md
[2026-03-11T20:56:55.899Z] Archived: /home/mpb/Documents/GitHub/ai_workflow.js/docs/reports/analysis/CORRECTION_REPORT.md
[2026-03-11T20:56:55.899Z] Archived outdated: /home/mpb/Documents/GitHub/ai_workflow.js/docs/reports/analysis/CORRECTION_REPORT.md
[2026-03-11T20:56:55.899Z] Archived: /home/mpb/Documents/GitHub/ai_workflow.js/docs/reports/analysis/SCRIPT_VALIDATION_REPORT.md
[2026-03-11T20:56:55.899Z] Archived outdated: /home/mpb/Documents/GitHub/ai_workflow.js/docs/reports/analysis/SCRIPT_VALIDATION_REPORT.md
[2026-03-11T20:56:55.900Z] Archived: /home/mpb/Documents/GitHub/ai_workflow.js/docs/reports/bugfixes/BUGFIX_SUMMARY_2026_02_17.md
[2026-03-11T20:56:55.900Z] Archived outdated: /home/mpb/Documents/GitHub/ai_workflow.js/docs/reports/bugfixes/BUGFIX_SUMMARY_2026_02_17.md
[2026-03-11T20:56:55.900Z] Archived: /home/mpb/Documents/GitHub/ai_workflow.js/docs/reports/implementation/MIGRATION_PLAN.md
[2026-03-11T20:56:55.900Z] Archived outdated: /home/mpb/Documents/GitHub/ai_workflow.js/docs/reports/implementation/MIGRATION_PLAN.md
[2026-03-11T20:56:55.900Z] Archived: /home/mpb/Documents/GitHub/ai_workflow.js/docs/testing/REGRESSION_TESTS_2026_02_17.md
[2026-03-11T20:56:55.900Z] Archived outdated: /home/mpb/Documents/GitHub/ai_workflow.js/docs/testing/REGRESSION_TESTS_2026_02_17.md
[2026-03-11T20:56:55.900Z] Archived: /home/mpb/Documents/GitHub/ai_workflow.js/docs/tutorials/YOUR_FIRST_WORKFLOW.md
[2026-03-11T20:56:55.900Z] Archived outdated: /home/mpb/Documents/GitHub/ai_workflow.js/docs/tutorials/YOUR_FIRST_WORKFLOW.md
[2026-03-11T20:56:55.900Z] Archived 68 outdated files
[2026-03-11T20:56:55.901Z] Phase 7: Generating Report
[2026-03-11T20:56:55.901Z] Generating optimization report...
[2026-03-11T20:56:55.902Z] Report saved: /home/mpb/Documents/GitHub/ai_workflow.js/.ai_workflow/archive/docs/20260311_175655/optimization_report.md
[2026-03-11T20:56:55.902Z] 
📊 Optimization Complete!
═══════════════════════
  Files analyzed: 133
  Files optimized: 79
  Size saved: 0KB (0%)
  Token savings: ~0

[2026-03-11T20:56:55.902Z] 
Full report: /home/mpb/Documents/GitHub/ai_workflow.js/.ai_workflow/archive/docs/20260311_175655/optimization_report.md
[2026-03-11T20:56:55.902Z] ✓ Workflow complete (7s)
[2026-03-11T20:56:55.902Z] ✓ Step step_02_5 completed in 6616ms
[2026-03-11T20:56:55.903Z] [DEBUG] [Performance] step_02_5: 6.6s
[2026-03-11T20:56:55.903Z] ⚠ [WARNING] Operation 'step_02_5' took 6.6s (memory: 151.36MB)
[2026-03-11T20:56:55.903Z] [DEBUG] Recorded outcome for step_02_5: success
[2026-03-11T20:56:55.903Z] ✓ Completed: Documentation Optimization (7s)
