[2026-02-26T16:22:04.869Z] 
→ Starting: Pre-Analysis
[2026-02-26T16:22:04.870Z] ════════════════════════════════════════════════════════════
[2026-02-26T16:22:04.870Z] 🔷  Step 0: Pre-Analysis - Analyzing Recent Changes
[2026-02-26T16:22:04.870Z] ════════════════════════════════════════════════════════════
[2026-02-26T16:22:04.922Z] Commits ahead of remote: 0
[2026-02-26T16:22:04.922Z] Modified files: 3
[2026-02-26T16:22:04.931Z] ✓ Project kind from config: nodejs_automation (configured)
[2026-02-26T16:22:04.981Z] ✓ Pre-analysis complete:
  • Commits ahead: 0
  • Modified files: 3
  • Change scope: configuration
  • Documentation: 0 files
  • Tests: 0 files
  • Source: 0 files
  • Config: 1 files
  • Project kind: nodejs_automation (100% confidence)

[2026-02-26T16:22:04.993Z] ✓ Step step_00 completed in 125ms
[2026-02-26T16:22:04.994Z] [DEBUG] [Performance] step_00: 125ms
[2026-02-26T16:22:04.994Z] [DEBUG] Recorded outcome for step_00: success
[2026-02-26T16:22:04.994Z] ✓ Completed: Pre-Analysis (0s)
