[2026-02-26T16:22:04.995Z] 
→ Starting: Bootstrap Documentation
[2026-02-26T16:22:04.996Z] [DEBUG] Step0bBootstrapDocs.execute()
[2026-02-26T16:22:04.996Z] ════════════════════════════════════════════════════════════
[2026-02-26T16:22:04.996Z] 🔷  Step 0b: Documentation Gap Analysis and Generation
[2026-02-26T16:22:04.996Z] ════════════════════════════════════════════════════════════
[2026-02-26T16:22:04.996Z] Phase 1: Gathering project statistics...
[2026-02-26T16:22:04.996Z] [DEBUG] Gathering project statistics by scanning files...
[2026-02-26T16:22:04.996Z] [DEBUG] Listing all files in the project directory...
[2026-02-26T16:22:04.996Z] [DEBUG] Project root: /home/mpb/Documents/GitHub/ai_workflow.js
[2026-02-26T16:22:05.023Z] [DEBUG] Total files found: 944
[2026-02-26T16:22:05.024Z] [DEBUG] Converting to relative paths...
[2026-02-26T16:22:05.031Z] Project has 385 documentation files and 211 source files
[2026-02-26T16:22:05.031Z] README.md size: 13808 bytes, Has CHANGELOG: true, Has docs/ directory: true
[2026-02-26T16:22:05.031Z] Phase 2: Evaluating documentation coverage...
[2026-02-26T16:22:05.031Z] Step 0b: Sufficient documentation exists (385 files) - skipping bootstrap
[2026-02-26T16:22:05.032Z] ✓ Step step_0b completed in 38ms
[2026-02-26T16:22:05.032Z] [DEBUG] [Performance] step_0b: 38ms
[2026-02-26T16:22:05.033Z] [DEBUG] Recorded outcome for step_0b: success
[2026-02-26T16:22:05.033Z] ✓ Completed: Bootstrap Documentation (0s)
