[2026-02-26T16:22:19.014Z] 
→ Starting: Documentation Optimization
[2026-02-26T16:22:19.015Z] Documentation optimization initialized
[2026-02-26T16:22:19.015Z] ════════════════════════════════════════════════════════════
[2026-02-26T16:22:19.015Z] 🔷  Step 2.5: Documentation Optimization
[2026-02-26T16:22:19.015Z] ════════════════════════════════════════════════════════════
[2026-02-26T16:22:19.021Z] Phase 1: Heuristics Analysis (103 files)
[2026-02-26T16:22:19.047Z] Calculating content hashes...
[2026-02-26T16:22:19.053Z] Found 0 duplicate groups (0 redundant files)
[2026-02-26T16:22:19.053Z] Analyzing document similarity...
[2026-02-26T16:22:21.106Z] Found 0 redundant pairs above 80% similarity
[2026-02-26T16:22:21.106Z] Found 0 exact duplicates, 0 redundant pairs
[2026-02-26T16:22:21.106Z] Phase 2: Git History Analysis
[2026-02-26T16:22:21.106Z] Analyzing git history for 103 files...
[2026-02-26T16:22:22.599Z] Completed git analysis for 103 files
[2026-02-26T16:22:22.599Z] Found 0 outdated files
[2026-02-26T16:22:22.599Z] Phase 3: Version Reference Analysis
[2026-02-26T16:22:22.602Z] Detected version from package.json: 1.3.3
[2026-02-26T16:22:22.602Z] Analyzing version references in 103 files (current: 1.3.3)...
[2026-02-26T16:22:22.646Z] Completed version analysis for 103 files
[2026-02-26T16:22:22.646Z] Version analysis complete (0 total outdated)
[2026-02-26T16:22:22.647Z] Phase 4: AI Edge Case Analysis (skipped - no AI analyzer)
[2026-02-26T16:22:22.647Z] Phase 5: Optimization Summary
[2026-02-26T16:22:22.647Z] 
📊 Analysis Results:
───────────────────
  Total files analyzed: 103
  Exact duplicates: 0
  Redundant pairs: 0
  Outdated files: 0
  Files to optimize: 0

[2026-02-26T16:22:22.647Z] No optimizations needed
[2026-02-26T16:22:22.647Z] ✓ Workflow complete (4s)
[2026-02-26T16:22:22.647Z] ✓ Step step_02_5 completed in 3634ms
[2026-02-26T16:22:22.647Z] [DEBUG] [Performance] step_02_5: 3.6s
[2026-02-26T16:22:22.647Z] [DEBUG] Recorded outcome for step_02_5: success
[2026-02-26T16:22:22.647Z] ✓ Completed: Documentation Optimization (4s)
