[2026-02-26T16:14:37.247Z] 
→ Starting: Documentation Optimization
[2026-02-26T16:14:37.248Z] Documentation optimization initialized
[2026-02-26T16:14:37.248Z] ════════════════════════════════════════════════════════════
[2026-02-26T16:14:37.248Z] 🔷  Step 2.5: Documentation Optimization
[2026-02-26T16:14:37.248Z] ════════════════════════════════════════════════════════════
[2026-02-26T16:14:37.253Z] Phase 1: Heuristics Analysis (103 files)
[2026-02-26T16:14:37.280Z] Calculating content hashes...
[2026-02-26T16:14:37.287Z] Found 0 duplicate groups (0 redundant files)
[2026-02-26T16:14:37.288Z] Analyzing document similarity...
[2026-02-26T16:14:39.392Z] Found 0 redundant pairs above 80% similarity
[2026-02-26T16:14:39.392Z] Found 0 exact duplicates, 0 redundant pairs
[2026-02-26T16:14:39.392Z] Phase 2: Git History Analysis
[2026-02-26T16:14:39.393Z] Analyzing git history for 103 files...
[2026-02-26T16:14:40.896Z] Completed git analysis for 103 files
[2026-02-26T16:14:40.896Z] Found 0 outdated files
[2026-02-26T16:14:40.897Z] Phase 3: Version Reference Analysis
[2026-02-26T16:14:40.900Z] Detected version from package.json: 1.3.2
[2026-02-26T16:14:40.900Z] Analyzing version references in 103 files (current: 1.3.2)...
[2026-02-26T16:14:40.943Z] Completed version analysis for 103 files
[2026-02-26T16:14:40.943Z] Version analysis complete (0 total outdated)
[2026-02-26T16:14:40.943Z] Phase 4: AI Edge Case Analysis (skipped - no AI analyzer)
[2026-02-26T16:14:40.944Z] Phase 5: Optimization Summary
[2026-02-26T16:14:40.944Z] 
📊 Analysis Results:
───────────────────
  Total files analyzed: 103
  Exact duplicates: 0
  Redundant pairs: 0
  Outdated files: 0
  Files to optimize: 0

[2026-02-26T16:14:40.944Z] No optimizations needed
[2026-02-26T16:14:40.944Z] ✓ Workflow complete (4s)
[2026-02-26T16:14:40.944Z] ✓ Step step_02_5 completed in 3697ms
[2026-02-26T16:14:40.944Z] [DEBUG] [Performance] step_02_5: 3.7s
[2026-02-26T16:14:40.944Z] [DEBUG] Recorded outcome for step_02_5: success
[2026-02-26T16:14:40.944Z] ✓ Completed: Documentation Optimization (4s)
