[2026-02-26T16:14:23.087Z] 
→ Starting: Bootstrap Documentation
[2026-02-26T16:14:23.087Z] [DEBUG] Step0bBootstrapDocs.execute()
[2026-02-26T16:14:23.087Z] ════════════════════════════════════════════════════════════
[2026-02-26T16:14:23.087Z] 🔷  Step 0b: Documentation Gap Analysis and Generation
[2026-02-26T16:14:23.087Z] ════════════════════════════════════════════════════════════
[2026-02-26T16:14:23.087Z] Phase 1: Gathering project statistics...
[2026-02-26T16:14:23.088Z] [DEBUG] Gathering project statistics by scanning files...
[2026-02-26T16:14:23.088Z] [DEBUG] Listing all files in the project directory...
[2026-02-26T16:14:23.088Z] [DEBUG] Project root: /home/mpb/Documents/GitHub/ai_workflow.js
[2026-02-26T16:14:23.106Z] [DEBUG] Total files found: 912
[2026-02-26T16:14:23.106Z] [DEBUG] Converting to relative paths...
[2026-02-26T16:14:23.114Z] Project has 366 documentation files and 211 source files
[2026-02-26T16:14:23.114Z] README.md size: 13808 bytes, Has CHANGELOG: true, Has docs/ directory: true
[2026-02-26T16:14:23.114Z] Phase 2: Evaluating documentation coverage...
[2026-02-26T16:14:23.114Z] Step 0b: Sufficient documentation exists (366 files) - skipping bootstrap
[2026-02-26T16:14:23.115Z] ✓ Step step_0b completed in 29ms
[2026-02-26T16:14:23.115Z] [DEBUG] [Performance] step_0b: 29ms
[2026-02-26T16:14:23.116Z] [DEBUG] Recorded outcome for step_0b: success
[2026-02-26T16:14:23.116Z] ✓ Completed: Bootstrap Documentation (0s)
