[2026-02-26T16:14:22.964Z] 
→ Starting: Pre-Analysis
[2026-02-26T16:14:22.965Z] ════════════════════════════════════════════════════════════
[2026-02-26T16:14:22.965Z] 🔷  Step 0: Pre-Analysis - Analyzing Recent Changes
[2026-02-26T16:14:22.965Z] ════════════════════════════════════════════════════════════
[2026-02-26T16:14:23.018Z] Commits ahead of remote: 0
[2026-02-26T16:14:23.018Z] Modified files: 3
[2026-02-26T16:14:23.026Z] ✓ Project kind from config: nodejs_automation (configured)
[2026-02-26T16:14:23.073Z] ✓ Pre-analysis complete:
  • Commits ahead: 0
  • Modified files: 3
  • Change scope: configuration
  • Documentation: 0 files
  • Tests: 0 files
  • Source: 0 files
  • Config: 1 files
  • Project kind: nodejs_automation (100% confidence)

[2026-02-26T16:14:23.084Z] ✓ Step step_00 completed in 121ms
[2026-02-26T16:14:23.085Z] [DEBUG] [Performance] step_00: 122ms
[2026-02-26T16:14:23.086Z] [DEBUG] Recorded outcome for step_00: success
[2026-02-26T16:14:23.086Z] ✓ Completed: Pre-Analysis (0s)
