[2026-02-26T17:27:07.310Z] 
→ Starting: Bootstrap Documentation
[2026-02-26T17:27:07.310Z] [DEBUG] Step0bBootstrapDocs.execute()
[2026-02-26T17:27:07.310Z] ════════════════════════════════════════════════════════════
[2026-02-26T17:27:07.310Z] 🔷  Step 0b: Documentation Gap Analysis and Generation
[2026-02-26T17:27:07.310Z] ════════════════════════════════════════════════════════════
[2026-02-26T17:27:07.310Z] Phase 1: Gathering project statistics...
[2026-02-26T17:27:07.310Z] [DEBUG] Gathering project statistics by scanning files...
[2026-02-26T17:27:07.310Z] [DEBUG] Listing all files in the project directory...
[2026-02-26T17:27:07.310Z] [DEBUG] Project root: /home/mpb/Documents/GitHub/ai_workflow.js
[2026-02-26T17:27:07.316Z] [DEBUG] Total files found: 1056
[2026-02-26T17:27:07.316Z] [DEBUG] Converting to relative paths...
[2026-02-26T17:27:07.321Z] Project has 453 documentation files and 211 source files
[2026-02-26T17:27:07.321Z] README.md size: 13808 bytes, Has CHANGELOG: true, Has docs/ directory: true
[2026-02-26T17:27:07.321Z] Phase 2: Evaluating documentation coverage...
[2026-02-26T17:27:07.321Z] Step 0b: Sufficient documentation exists (453 files) - skipping bootstrap
[2026-02-26T17:27:07.322Z] ✓ Step step_0b completed in 11ms
[2026-02-26T17:27:07.322Z] [DEBUG] [Performance] step_0b: 12ms
[2026-02-26T17:27:07.322Z] [DEBUG] Recorded outcome for step_0b: success
[2026-02-26T17:27:07.322Z] ✓ Completed: Bootstrap Documentation (0s)
