[2026-02-26T17:27:07.254Z] 
→ Starting: Pre-Analysis
[2026-02-26T17:27:07.255Z] ════════════════════════════════════════════════════════════
[2026-02-26T17:27:07.255Z] 🔷  Step 0: Pre-Analysis - Analyzing Recent Changes
[2026-02-26T17:27:07.255Z] ════════════════════════════════════════════════════════════
[2026-02-26T17:27:07.276Z] Commits ahead of remote: 0
[2026-02-26T17:27:07.276Z] Modified files: 2
[2026-02-26T17:27:07.281Z] ✓ Project kind from config: nodejs_automation (configured)
[2026-02-26T17:27:07.305Z] ✓ Pre-analysis complete:
  • Commits ahead: 0
  • Modified files: 2
  • Change scope: mixed-changes
  • Documentation: 0 files
  • Tests: 0 files
  • Source: 0 files
  • Config: 0 files
  • Project kind: nodejs_automation (100% confidence)

[2026-02-26T17:27:07.309Z] ✓ Step step_00 completed in 55ms
[2026-02-26T17:27:07.309Z] [DEBUG] [Performance] step_00: 55ms
[2026-02-26T17:27:07.310Z] [DEBUG] Recorded outcome for step_00: success
[2026-02-26T17:27:07.310Z] ✓ Completed: Pre-Analysis (0s)
