[2026-02-26T17:27:20.103Z] 
→ Starting: Documentation Optimization
[2026-02-26T17:27:20.103Z] Documentation optimization initialized
[2026-02-26T17:27:20.103Z] ════════════════════════════════════════════════════════════
[2026-02-26T17:27:20.103Z] 🔷  Step 2.5: Documentation Optimization
[2026-02-26T17:27:20.103Z] ════════════════════════════════════════════════════════════
[2026-02-26T17:27:20.104Z] Phase 1: Heuristics Analysis (103 files)
[2026-02-26T17:27:20.112Z] Calculating content hashes...
[2026-02-26T17:27:20.116Z] Found 0 duplicate groups (0 redundant files)
[2026-02-26T17:27:20.116Z] Analyzing document similarity...
[2026-02-26T17:27:21.814Z] Found 0 redundant pairs above 80% similarity
[2026-02-26T17:27:21.814Z] Found 0 exact duplicates, 0 redundant pairs
[2026-02-26T17:27:21.814Z] Phase 2: Git History Analysis
[2026-02-26T17:27:21.814Z] Analyzing git history for 103 files...
[2026-02-26T17:27:22.503Z] Completed git analysis for 103 files
[2026-02-26T17:27:22.504Z] Found 0 outdated files
[2026-02-26T17:27:22.504Z] Phase 3: Version Reference Analysis
[2026-02-26T17:27:22.505Z] Detected version from package.json: 1.3.6
[2026-02-26T17:27:22.505Z] Analyzing version references in 103 files (current: 1.3.6)...
[2026-02-26T17:27:22.521Z] Completed version analysis for 103 files
[2026-02-26T17:27:22.521Z] Version analysis complete (0 total outdated)
[2026-02-26T17:27:22.521Z] Phase 4: AI Edge Case Analysis (skipped - no AI analyzer)
[2026-02-26T17:27:22.521Z] Phase 5: Optimization Summary
[2026-02-26T17:27:22.522Z] 
📊 Analysis Results:
───────────────────
  Total files analyzed: 103
  Exact duplicates: 0
  Redundant pairs: 0
  Outdated files: 0
  Files to optimize: 0

[2026-02-26T17:27:22.522Z] No optimizations needed
[2026-02-26T17:27:22.522Z] ✓ Workflow complete (2s)
[2026-02-26T17:27:22.522Z] ✓ Step step_02_5 completed in 2419ms
[2026-02-26T17:27:22.522Z] [DEBUG] [Performance] step_02_5: 2.4s
[2026-02-26T17:27:22.522Z] [DEBUG] Recorded outcome for step_02_5: success
[2026-02-26T17:27:22.522Z] ✓ Completed: Documentation Optimization (2s)
