[2026-03-10T02:21:08.041Z] 
→ Starting: Pre-Analysis
[2026-03-10T02:21:08.042Z] ════════════════════════════════════════════════════════════
[2026-03-10T02:21:08.042Z] 🔷  Step 0: Pre-Analysis - Analyzing Recent Changes
[2026-03-10T02:21:08.042Z] ════════════════════════════════════════════════════════════
[2026-03-10T02:21:08.087Z] Commits ahead of remote: 0
[2026-03-10T02:21:08.088Z] Modified files: 194
[2026-03-10T02:21:08.106Z] ✓ Project kind from config: nodejs_automation (configured)
[2026-03-10T02:21:08.122Z] ✓ Pre-analysis complete:
  • Commits ahead: 0
  • Modified files: 194
  • Change scope: full-stack
  • Documentation: 2 files
  • Tests: 7 files
  • Source: 14 files
  • Config: 2 files
  • Project kind: nodejs_automation (100% confidence)

[2026-03-10T02:21:08.126Z] ✓ Step step_00 completed in 85ms
[2026-03-10T02:21:08.126Z] [DEBUG] [Performance] step_00: 85ms
[2026-03-10T02:21:08.126Z] [DEBUG] Recorded outcome for step_00: success
[2026-03-10T02:21:08.126Z] ✓ Completed: Pre-Analysis (0s)
