[2026-03-10T02:21:08.127Z] 
→ Starting: Bootstrap Documentation
[2026-03-10T02:21:08.127Z] [DEBUG] Step0bBootstrapDocs.execute()
[2026-03-10T02:21:08.127Z] ════════════════════════════════════════════════════════════
[2026-03-10T02:21:08.127Z] 🔷  Step 0b: Documentation Gap Analysis and Generation
[2026-03-10T02:21:08.127Z] ════════════════════════════════════════════════════════════
[2026-03-10T02:21:08.127Z] Phase 1: Gathering project statistics...
[2026-03-10T02:21:08.127Z] [DEBUG] Gathering project statistics by scanning files...
[2026-03-10T02:21:08.127Z] [DEBUG] Listing all files in the project directory...
[2026-03-10T02:21:08.127Z] [DEBUG] Project root: /home/mpb/Documents/GitHub/ai_workflow.js
[2026-03-10T02:21:08.135Z] [DEBUG] Total files found: 789
[2026-03-10T02:21:08.135Z] [DEBUG] Converting to relative paths...
[2026-03-10T02:21:08.138Z] Project has 364 documentation files and 270 source files
[2026-03-10T02:21:08.138Z] README.md size: 15078 bytes, Has CHANGELOG: true, Has docs/ directory: true
[2026-03-10T02:21:08.138Z] Phase 2: Evaluating documentation coverage...
[2026-03-10T02:21:08.138Z] Step 0b: Documentation coverage adequate - no bootstrap needed
[2026-03-10T02:21:08.138Z] ✓ Step step_0b completed in 12ms
[2026-03-10T02:21:08.138Z] [DEBUG] [Performance] step_0b: 12ms
[2026-03-10T02:21:08.139Z] [DEBUG] Recorded outcome for step_0b: success
[2026-03-10T02:21:08.139Z] ✓ Completed: Bootstrap Documentation (0s)
