[2026-02-26T14:43:32.622Z] 
→ Starting: Bootstrap Documentation
[2026-02-26T14:43:32.623Z] [DEBUG] Step0bBootstrapDocs.execute()
[2026-02-26T14:43:32.623Z] ════════════════════════════════════════════════════════════
[2026-02-26T14:43:32.623Z] 🔷  Step 0b: Documentation Gap Analysis and Generation
[2026-02-26T14:43:32.623Z] ════════════════════════════════════════════════════════════
[2026-02-26T14:43:32.623Z] Phase 1: Gathering project statistics...
[2026-02-26T14:43:32.623Z] [DEBUG] Gathering project statistics by scanning files...
[2026-02-26T14:43:32.623Z] [DEBUG] Listing all files in the project directory...
[2026-02-26T14:43:32.623Z] [DEBUG] Project root: /home/mpb/Documents/GitHub/ai_workflow.js
[2026-02-26T14:43:32.649Z] [DEBUG] Total files found: 765
[2026-02-26T14:43:32.649Z] [DEBUG] Converting to relative paths...
[2026-02-26T14:43:32.656Z] Project has 293 documentation files and 211 source files
[2026-02-26T14:43:32.656Z] README.md size: 13808 bytes, Has CHANGELOG: true, Has docs/ directory: true
[2026-02-26T14:43:32.656Z] Phase 2: Evaluating documentation coverage...
[2026-02-26T14:43:32.656Z] Step 0b: Sufficient documentation exists (293 files) - skipping bootstrap
[2026-02-26T14:43:32.658Z] ✓ Step step_0b completed in 36ms
[2026-02-26T14:43:32.658Z] [DEBUG] [Performance] step_0b: 36ms
[2026-02-26T14:43:32.658Z] [DEBUG] Recorded outcome for step_0b: success
[2026-02-26T14:43:32.658Z] ✓ Completed: Bootstrap Documentation (0s)
