[2026-02-26T14:43:54.415Z] 
→ Starting: Documentation Optimization
[2026-02-26T14:43:54.417Z] Documentation optimization initialized
[2026-02-26T14:43:54.417Z] ════════════════════════════════════════════════════════════
[2026-02-26T14:43:54.417Z] 🔷  Step 2.5: Documentation Optimization
[2026-02-26T14:43:54.417Z] ════════════════════════════════════════════════════════════
[2026-02-26T14:43:54.421Z] Phase 1: Heuristics Analysis (103 files)
[2026-02-26T14:43:54.459Z] Calculating content hashes...
[2026-02-26T14:43:54.466Z] Found 0 duplicate groups (0 redundant files)
[2026-02-26T14:43:54.466Z] Analyzing document similarity...
[2026-02-26T14:43:56.594Z] Found 0 redundant pairs above 80% similarity
[2026-02-26T14:43:56.595Z] Found 0 exact duplicates, 0 redundant pairs
[2026-02-26T14:43:56.595Z] Phase 2: Git History Analysis
[2026-02-26T14:43:56.595Z] Analyzing git history for 103 files...
[2026-02-26T14:43:57.880Z] Completed git analysis for 103 files
[2026-02-26T14:43:57.880Z] Found 0 outdated files
[2026-02-26T14:43:57.881Z] Phase 3: Version Reference Analysis
[2026-02-26T14:43:57.883Z] Detected version from package.json: 1.3.0
[2026-02-26T14:43:57.884Z] Analyzing version references in 103 files (current: 1.3.0)...
[2026-02-26T14:43:57.913Z] Completed version analysis for 103 files
[2026-02-26T14:43:57.913Z] Version analysis complete (0 total outdated)
[2026-02-26T14:43:57.913Z] Phase 4: AI Edge Case Analysis (skipped - no AI analyzer)
[2026-02-26T14:43:57.914Z] Phase 5: Optimization Summary
[2026-02-26T14:43:57.914Z] 
📊 Analysis Results:
───────────────────
  Total files analyzed: 103
  Exact duplicates: 0
  Redundant pairs: 0
  Outdated files: 0
  Files to optimize: 0

[2026-02-26T14:43:57.914Z] No optimizations needed
[2026-02-26T14:43:57.914Z] ✓ Workflow complete (3s)
[2026-02-26T14:43:57.914Z] ✓ Step step_02_5 completed in 3499ms
[2026-02-26T14:43:57.914Z] [DEBUG] [Performance] step_02_5: 3.5s
[2026-02-26T14:43:57.914Z] [DEBUG] Recorded outcome for step_02_5: success
[2026-02-26T14:43:57.914Z] ✓ Completed: Documentation Optimization (3s)
