[2026-02-26T14:43:32.456Z] 
→ Starting: Pre-Analysis
[2026-02-26T14:43:32.456Z] ════════════════════════════════════════════════════════════
[2026-02-26T14:43:32.456Z] 🔷  Step 0: Pre-Analysis - Analyzing Recent Changes
[2026-02-26T14:43:32.456Z] ════════════════════════════════════════════════════════════
[2026-02-26T14:43:32.554Z] Commits ahead of remote: 0
[2026-02-26T14:43:32.554Z] Modified files: 752
[2026-02-26T14:43:32.564Z] ✓ Project kind from config: nodejs_automation (configured)
[2026-02-26T14:43:32.610Z] ✓ Pre-analysis complete:
  • Commits ahead: 0
  • Modified files: 752
  • Change scope: full-stack
  • Documentation: 3 files
  • Tests: 22 files
  • Source: 18 files
  • Config: 3 files
  • Project kind: nodejs_automation (100% confidence)

[2026-02-26T14:43:32.620Z] ✓ Step step_00 completed in 165ms
[2026-02-26T14:43:32.621Z] [DEBUG] [Performance] step_00: 166ms
[2026-02-26T14:43:32.621Z] [DEBUG] Recorded outcome for step_00: success
[2026-02-26T14:43:32.621Z] ✓ Completed: Pre-Analysis (0s)
