[2026-03-06T01:48:07.814Z] 
→ Starting: Documentation Optimization
[2026-03-06T01:48:07.814Z] Documentation optimization initialized
[2026-03-06T01:48:07.815Z] ════════════════════════════════════════════════════════════
[2026-03-06T01:48:07.815Z] 🔷  Step 2.5: Documentation Optimization
[2026-03-06T01:48:07.815Z] ════════════════════════════════════════════════════════════
[2026-03-06T01:48:07.816Z] Phase 1: Heuristics Analysis (118 files)
[2026-03-06T01:48:07.824Z] Calculating content hashes...
[2026-03-06T01:48:07.829Z] Found 0 duplicate groups (0 redundant files)
[2026-03-06T01:48:07.829Z] Analyzing document similarity...
[2026-03-06T01:48:09.889Z] Found 0 redundant pairs above 80% similarity
[2026-03-06T01:48:09.889Z] Found 0 exact duplicates, 0 redundant pairs
[2026-03-06T01:48:09.889Z] Phase 2: Git History Analysis
[2026-03-06T01:48:09.889Z] Analyzing git history for 118 files...
[2026-03-06T01:48:10.766Z] Completed git analysis for 118 files
[2026-03-06T01:48:10.766Z] Found 0 outdated files
[2026-03-06T01:48:10.766Z] Phase 3: Version Reference Analysis
[2026-03-06T01:48:10.767Z] Detected version from package.json: 1.5.2
[2026-03-06T01:48:10.767Z] Analyzing version references in 118 files (current: 1.5.2)...
[2026-03-06T01:48:10.777Z] Completed version analysis for 118 files
[2026-03-06T01:48:10.777Z] Version analysis complete (61 total outdated)
[2026-03-06T01:48:10.777Z] Phase 4: AI Edge Case Analysis (skipped - no AI analyzer)
[2026-03-06T01:48:10.777Z] Phase 5: Optimization Summary
[2026-03-06T01:48:10.777Z] 
📊 Analysis Results:
───────────────────
  Total files analyzed: 118
  Exact duplicates: 0
  Redundant pairs: 0
  Outdated files: 61
  Files to optimize: 61

[2026-03-06T01:48:10.777Z] Phase 6: Applying Optimizations
[2026-03-06T01:48:10.777Z] Consolidating 0 duplicate groups...
[2026-03-06T01:48:10.778Z] Created archive: /home/mpb/Documents/GitHub/ai_workflow.js/.ai_workflow/archive/docs/20260305_224810
[2026-03-06T01:48:10.778Z] Consolidation complete: 0 removed, 0 kept
[2026-03-06T01:48:10.778Z] Archiving 61 outdated files...
[2026-03-06T01:48:10.778Z] Created archive: /home/mpb/Documents/GitHub/ai_workflow.js/.ai_workflow/archive/docs/20260305_224810
[2026-03-06T01:48:10.778Z] Archived: /home/mpb/Documents/GitHub/ai_workflow.js/docs/FUNCTIONAL_REQUIREMENTS.md
[2026-03-06T01:48:10.778Z] Archived outdated: /home/mpb/Documents/GitHub/ai_workflow.js/docs/FUNCTIONAL_REQUIREMENTS.md
[2026-03-06T01:48:10.778Z] Archived: /home/mpb/Documents/GitHub/ai_workflow.js/docs/PHASE_C_COMPLETION_SUMMARY.md
[2026-03-06T01:48:10.779Z] Archived outdated: /home/mpb/Documents/GitHub/ai_workflow.js/docs/PHASE_C_COMPLETION_SUMMARY.md
[2026-03-06T01:48:10.779Z] Archived: /home/mpb/Documents/GitHub/ai_workflow.js/docs/PHASE_D_COMPLETION_SUMMARY.md
[2026-03-06T01:48:10.779Z] Archived outdated: /home/mpb/Documents/GitHub/ai_workflow.js/docs/PHASE_D_COMPLETION_SUMMARY.md
[2026-03-06T01:48:10.779Z] Archived: /home/mpb/Documents/GitHub/ai_workflow.js/docs/README.md
[2026-03-06T01:48:10.779Z] Archived outdated: /home/mpb/Documents/GitHub/ai_workflow.js/docs/README.md
[2026-03-06T01:48:10.779Z] Archived: /home/mpb/Documents/GitHub/ai_workflow.js/docs/api/API_DOCS_INDEX.md
[2026-03-06T01:48:10.779Z] Archived outdated: /home/mpb/Documents/GitHub/ai_workflow.js/docs/api/API_DOCS_INDEX.md
[2026-03-06T01:48:10.779Z] Archived: /home/mpb/Documents/GitHub/ai_workflow.js/docs/api/EXAMPLES.md
[2026-03-06T01:48:10.779Z] Archived outdated: /home/mpb/Documents/GitHub/ai_workflow.js/docs/api/EXAMPLES.md
[2026-03-06T01:48:10.779Z] Archived: /home/mpb/Documents/GitHub/ai_workflow.js/docs/api/GENERATION_SUMMARY.md
[2026-03-06T01:48:10.779Z] Archived outdated: /home/mpb/Documents/GitHub/ai_workflow.js/docs/api/GENERATION_SUMMARY.md
[2026-03-06T01:48:10.780Z] Archived: /home/mpb/Documents/GitHub/ai_workflow.js/docs/api/README.md
[2026-03-06T01:48:10.780Z] Archived outdated: /home/mpb/Documents/GitHub/ai_workflow.js/docs/api/README.md
[2026-03-06T01:48:10.780Z] Archived: /home/mpb/Documents/GitHub/ai_workflow.js/docs/api/cleanup_handlers.md
[2026-03-06T01:48:10.780Z] Archived outdated: /home/mpb/Documents/GitHub/ai_workflow.js/docs/api/cleanup_handlers.md
[2026-03-06T01:48:10.780Z] Archived: /home/mpb/Documents/GitHub/ai_workflow.js/docs/api/core/colors.md
[2026-03-06T01:48:10.780Z] Archived outdated: /home/mpb/Documents/GitHub/ai_workflow.js/docs/api/core/colors.md
[2026-03-06T01:48:10.780Z] Archived: /home/mpb/Documents/GitHub/ai_workflow.js/docs/api/core/logger.md
[2026-03-06T01:48:10.780Z] Archived outdated: /home/mpb/Documents/GitHub/ai_workflow.js/docs/api/core/logger.md
[2026-03-06T01:48:10.781Z] Archived: /home/mpb/Documents/GitHub/ai_workflow.js/docs/api/core/version.md
[2026-03-06T01:48:10.781Z] Archived outdated: /home/mpb/Documents/GitHub/ai_workflow.js/docs/api/core/version.md
[2026-03-06T01:48:10.781Z] Archived: /home/mpb/Documents/GitHub/ai_workflow.js/docs/api/lib/analysis_cache.md
[2026-03-06T01:48:10.781Z] Archived outdated: /home/mpb/Documents/GitHub/ai_workflow.js/docs/api/lib/analysis_cache.md
[2026-03-06T01:48:10.781Z] Archived: /home/mpb/Documents/GitHub/ai_workflow.js/docs/api/lib/backlog.md
[2026-03-06T01:48:10.781Z] Archived outdated: /home/mpb/Documents/GitHub/ai_workflow.js/docs/api/lib/backlog.md
[2026-03-06T01:48:10.781Z] Archived: /home/mpb/Documents/GitHub/ai_workflow.js/docs/api/lib/file_operations.md
[2026-03-06T01:48:10.781Z] Archived outdated: /home/mpb/Documents/GitHub/ai_workflow.js/docs/api/lib/file_operations.md
[2026-03-06T01:48:10.782Z] Archived: /home/mpb/Documents/GitHub/ai_workflow.js/docs/api/lib/incremental_analysis.md
[2026-03-06T01:48:10.782Z] Archived outdated: /home/mpb/Documents/GitHub/ai_workflow.js/docs/api/lib/incremental_analysis.md
[2026-03-06T01:48:10.782Z] Archived: /home/mpb/Documents/GitHub/ai_workflow.js/docs/api/lib/jq_wrapper.md
[2026-03-06T01:48:10.782Z] Archived outdated: /home/mpb/Documents/GitHub/ai_workflow.js/docs/api/lib/jq_wrapper.md
[2026-03-06T01:48:10.782Z] Archived: /home/mpb/Documents/GitHub/ai_workflow.js/docs/api/lib/performance.md
[2026-03-06T01:48:10.782Z] Archived outdated: /home/mpb/Documents/GitHub/ai_workflow.js/docs/api/lib/performance.md
[2026-03-06T01:48:10.782Z] Archived: /home/mpb/Documents/GitHub/ai_workflow.js/docs/api/lib/project_kind_config.md
[2026-03-06T01:48:10.782Z] Archived outdated: /home/mpb/Documents/GitHub/ai_workflow.js/docs/api/lib/project_kind_config.md
[2026-03-06T01:48:10.782Z] Archived: /home/mpb/Documents/GitHub/ai_workflow.js/docs/api/lib/project_kind_detection.md
[2026-03-06T01:48:10.782Z] Archived outdated: /home/mpb/Documents/GitHub/ai_workflow.js/docs/api/lib/project_kind_detection.md
[2026-03-06T01:48:10.782Z] Archived: /home/mpb/Documents/GitHub/ai_workflow.js/docs/api/lib/session_manager.md
[2026-03-06T01:48:10.783Z] Archived outdated: /home/mpb/Documents/GitHub/ai_workflow.js/docs/api/lib/session_manager.md
[2026-03-06T01:48:10.783Z] Archived: /home/mpb/Documents/GitHub/ai_workflow.js/docs/api/lib/tech_stack.md
[2026-03-06T01:48:10.783Z] Archived outdated: /home/mpb/Documents/GitHub/ai_workflow.js/docs/api/lib/tech_stack.md
[2026-03-06T01:48:10.783Z] Archived: /home/mpb/Documents/GitHub/ai_workflow.js/docs/api/lib/third_party_exclusion.md
[2026-03-06T01:48:10.783Z] Archived outdated: /home/mpb/Documents/GitHub/ai_workflow.js/docs/api/lib/third_party_exclusion.md
[2026-03-06T01:48:10.783Z] Archived: /home/mpb/Documents/GitHub/ai_workflow.js/docs/api/lib/utils.md
[2026-03-06T01:48:10.783Z] Archived outdated: /home/mpb/Documents/GitHub/ai_workflow.js/docs/api/lib/utils.md
[2026-03-06T01:48:10.783Z] Archived: /home/mpb/Documents/GitHub/ai_workflow.js/docs/api/logger.md
[2026-03-06T01:48:10.783Z] Archived outdated: /home/mpb/Documents/GitHub/ai_workflow.js/docs/api/logger.md
[2026-03-06T01:48:10.783Z] Archived: /home/mpb/Documents/GitHub/ai_workflow.js/docs/api/metrics.md
[2026-03-06T01:48:10.783Z] Archived outdated: /home/mpb/Documents/GitHub/ai_workflow.js/docs/api/metrics.md
[2026-03-06T01:48:10.784Z] Archived: /home/mpb/Documents/GitHub/ai_workflow.js/docs/api/orchestrator/checkpoint_manager.md
[2026-03-06T01:48:10.784Z] Archived outdated: /home/mpb/Documents/GitHub/ai_workflow.js/docs/api/orchestrator/checkpoint_manager.md
[2026-03-06T01:48:10.784Z] Archived: /home/mpb/Documents/GitHub/ai_workflow.js/docs/api/orchestrator/step_registry.md
[2026-03-06T01:48:10.784Z] Archived outdated: /home/mpb/Documents/GitHub/ai_workflow.js/docs/api/orchestrator/step_registry.md
[2026-03-06T01:48:10.784Z] Archived: /home/mpb/Documents/GitHub/ai_workflow.js/docs/api/orchestrator/workflow_engine.md
[2026-03-06T01:48:10.784Z] Archived outdated: /home/mpb/Documents/GitHub/ai_workflow.js/docs/api/orchestrator/workflow_engine.md
[2026-03-06T01:48:10.784Z] Archived: /home/mpb/Documents/GitHub/ai_workflow.js/docs/api/steps/step_01_documentation.md
[2026-03-06T01:48:10.784Z] Archived outdated: /home/mpb/Documents/GitHub/ai_workflow.js/docs/api/steps/step_01_documentation.md
[2026-03-06T01:48:10.784Z] Archived: /home/mpb/Documents/GitHub/ai_workflow.js/docs/api/steps/step_02_consistency.md
[2026-03-06T01:48:10.784Z] Archived outdated: /home/mpb/Documents/GitHub/ai_workflow.js/docs/api/steps/step_02_consistency.md
[2026-03-06T01:48:10.785Z] Archived: /home/mpb/Documents/GitHub/ai_workflow.js/docs/api/utils/errors.md
[2026-03-06T01:48:10.785Z] Archived outdated: /home/mpb/Documents/GitHub/ai_workflow.js/docs/api/utils/errors.md
[2026-03-06T01:48:10.785Z] Archived: /home/mpb/Documents/GitHub/ai_workflow.js/docs/architecture/DEPENDENCY_GRAPH.md
[2026-03-06T01:48:10.785Z] Archived outdated: /home/mpb/Documents/GitHub/ai_workflow.js/docs/architecture/DEPENDENCY_GRAPH.md
[2026-03-06T01:48:10.785Z] Archived: /home/mpb/Documents/GitHub/ai_workflow.js/docs/architecture/DESIGN_PRINCIPLES.md
[2026-03-06T01:48:10.785Z] Archived outdated: /home/mpb/Documents/GitHub/ai_workflow.js/docs/architecture/DESIGN_PRINCIPLES.md
[2026-03-06T01:48:10.785Z] Archived: /home/mpb/Documents/GitHub/ai_workflow.js/docs/architecture/MODULE_STRUCTURE.md
[2026-03-06T01:48:10.785Z] Archived outdated: /home/mpb/Documents/GitHub/ai_workflow.js/docs/architecture/MODULE_STRUCTURE.md
[2026-03-06T01:48:10.785Z] Archived: /home/mpb/Documents/GitHub/ai_workflow.js/docs/examples/advanced/README.md
[2026-03-06T01:48:10.786Z] Archived outdated: /home/mpb/Documents/GitHub/ai_workflow.js/docs/examples/advanced/README.md
[2026-03-06T01:48:10.786Z] Archived: /home/mpb/Documents/GitHub/ai_workflow.js/docs/examples/basic/README.md
[2026-03-06T01:48:10.786Z] Archived outdated: /home/mpb/Documents/GitHub/ai_workflow.js/docs/examples/basic/README.md
[2026-03-06T01:48:10.786Z] Archived: /home/mpb/Documents/GitHub/ai_workflow.js/docs/getting-started/FIRST_WORKFLOW.md
[2026-03-06T01:48:10.786Z] Archived outdated: /home/mpb/Documents/GitHub/ai_workflow.js/docs/getting-started/FIRST_WORKFLOW.md
[2026-03-06T01:48:10.786Z] Archived: /home/mpb/Documents/GitHub/ai_workflow.js/docs/getting-started/QUICK_START.md
[2026-03-06T01:48:10.786Z] Archived outdated: /home/mpb/Documents/GitHub/ai_workflow.js/docs/getting-started/QUICK_START.md
[2026-03-06T01:48:10.786Z] Archived: /home/mpb/Documents/GitHub/ai_workflow.js/docs/guides/CLEANUP_ARTIFACTS.md
[2026-03-06T01:48:10.786Z] Archived outdated: /home/mpb/Documents/GitHub/ai_workflow.js/docs/guides/CLEANUP_ARTIFACTS.md
[2026-03-06T01:48:10.787Z] Archived: /home/mpb/Documents/GitHub/ai_workflow.js/docs/guides/CLI_USAGE_GUIDE.md
[2026-03-06T01:48:10.787Z] Archived outdated: /home/mpb/Documents/GitHub/ai_workflow.js/docs/guides/CLI_USAGE_GUIDE.md
[2026-03-06T01:48:10.787Z] Archived: /home/mpb/Documents/GitHub/ai_workflow.js/docs/guides/CONFIGURATION_GUIDE.md
[2026-03-06T01:48:10.787Z] Archived outdated: /home/mpb/Documents/GitHub/ai_workflow.js/docs/guides/CONFIGURATION_GUIDE.md
[2026-03-06T01:48:10.787Z] Archived: /home/mpb/Documents/GitHub/ai_workflow.js/docs/guides/PHASE_C_COMPLETION_SUMMARY.md
[2026-03-06T01:48:10.787Z] Archived outdated: /home/mpb/Documents/GitHub/ai_workflow.js/docs/guides/PHASE_C_COMPLETION_SUMMARY.md
[2026-03-06T01:48:10.787Z] Archived: /home/mpb/Documents/GitHub/ai_workflow.js/docs/guides/TESTING_GUIDE.md
[2026-03-06T01:48:10.787Z] Archived outdated: /home/mpb/Documents/GitHub/ai_workflow.js/docs/guides/TESTING_GUIDE.md
[2026-03-06T01:48:10.788Z] Archived: /home/mpb/Documents/GitHub/ai_workflow.js/docs/guides/TEST_SPLITTING.md
[2026-03-06T01:48:10.788Z] Archived outdated: /home/mpb/Documents/GitHub/ai_workflow.js/docs/guides/TEST_SPLITTING.md
[2026-03-06T01:48:10.788Z] Archived: /home/mpb/Documents/GitHub/ai_workflow.js/docs/guides/TROUBLESHOOTING.md
[2026-03-06T01:48:10.788Z] Archived outdated: /home/mpb/Documents/GitHub/ai_workflow.js/docs/guides/TROUBLESHOOTING.md
[2026-03-06T01:48:10.788Z] Archived: /home/mpb/Documents/GitHub/ai_workflow.js/docs/guides/USER_GUIDE.md
[2026-03-06T01:48:10.788Z] Archived outdated: /home/mpb/Documents/GitHub/ai_workflow.js/docs/guides/USER_GUIDE.md
[2026-03-06T01:48:10.788Z] Archived: /home/mpb/Documents/GitHub/ai_workflow.js/docs/guides/VALIDATION_SCRIPTS.md
[2026-03-06T01:48:10.788Z] Archived outdated: /home/mpb/Documents/GitHub/ai_workflow.js/docs/guides/VALIDATION_SCRIPTS.md
[2026-03-06T01:48:10.789Z] Archived: /home/mpb/Documents/GitHub/ai_workflow.js/docs/misc/documentation_analysis_parallel.md
[2026-03-06T01:48:10.789Z] Archived outdated: /home/mpb/Documents/GitHub/ai_workflow.js/docs/misc/documentation_analysis_parallel.md
[2026-03-06T01:48:10.789Z] Archived: /home/mpb/Documents/GitHub/ai_workflow.js/docs/misc/documentation_updates.md
[2026-03-06T01:48:10.789Z] Archived outdated: /home/mpb/Documents/GitHub/ai_workflow.js/docs/misc/documentation_updates.md
[2026-03-06T01:48:10.789Z] Archived: /home/mpb/Documents/GitHub/ai_workflow.js/docs/reference/CLI_REFERENCE.md
[2026-03-06T01:48:10.789Z] Archived outdated: /home/mpb/Documents/GitHub/ai_workflow.js/docs/reference/CLI_REFERENCE.md
[2026-03-06T01:48:10.789Z] Archived: /home/mpb/Documents/GitHub/ai_workflow.js/docs/reference/COMMIT_HISTORY_SCHEMA.md
[2026-03-06T01:48:10.789Z] Archived outdated: /home/mpb/Documents/GitHub/ai_workflow.js/docs/reference/COMMIT_HISTORY_SCHEMA.md
[2026-03-06T01:48:10.789Z] Archived: /home/mpb/Documents/GitHub/ai_workflow.js/docs/reference/CONFIGURATION_SCHEMA.md
[2026-03-06T01:48:10.789Z] Archived outdated: /home/mpb/Documents/GitHub/ai_workflow.js/docs/reference/CONFIGURATION_SCHEMA.md
[2026-03-06T01:48:10.790Z] Archived: /home/mpb/Documents/GitHub/ai_workflow.js/docs/reference/ERROR_CODES.md
[2026-03-06T01:48:10.790Z] Archived outdated: /home/mpb/Documents/GitHub/ai_workflow.js/docs/reference/ERROR_CODES.md
[2026-03-06T01:48:10.790Z] Archived: /home/mpb/Documents/GitHub/ai_workflow.js/docs/reports/analysis/CLI_ENHANCEMENT_SUMMARY.md
[2026-03-06T01:48:10.790Z] Archived outdated: /home/mpb/Documents/GitHub/ai_workflow.js/docs/reports/analysis/CLI_ENHANCEMENT_SUMMARY.md
[2026-03-06T01:48:10.790Z] Archived: /home/mpb/Documents/GitHub/ai_workflow.js/docs/reports/analysis/CORRECTION_REPORT.md
[2026-03-06T01:48:10.790Z] Archived outdated: /home/mpb/Documents/GitHub/ai_workflow.js/docs/reports/analysis/CORRECTION_REPORT.md
[2026-03-06T01:48:10.790Z] Archived: /home/mpb/Documents/GitHub/ai_workflow.js/docs/reports/analysis/SCRIPT_VALIDATION_REPORT.md
[2026-03-06T01:48:10.790Z] Archived outdated: /home/mpb/Documents/GitHub/ai_workflow.js/docs/reports/analysis/SCRIPT_VALIDATION_REPORT.md
[2026-03-06T01:48:10.790Z] Archived: /home/mpb/Documents/GitHub/ai_workflow.js/docs/reports/bugfixes/BUGFIX_SUMMARY_2026_02_17.md
[2026-03-06T01:48:10.790Z] Archived outdated: /home/mpb/Documents/GitHub/ai_workflow.js/docs/reports/bugfixes/BUGFIX_SUMMARY_2026_02_17.md
[2026-03-06T01:48:10.791Z] Archived: /home/mpb/Documents/GitHub/ai_workflow.js/docs/reports/implementation/MIGRATION_PLAN.md
[2026-03-06T01:48:10.791Z] Archived outdated: /home/mpb/Documents/GitHub/ai_workflow.js/docs/reports/implementation/MIGRATION_PLAN.md
[2026-03-06T01:48:10.791Z] Archived: /home/mpb/Documents/GitHub/ai_workflow.js/docs/testing/REGRESSION_TESTS_2026_02_17.md
[2026-03-06T01:48:10.791Z] Archived outdated: /home/mpb/Documents/GitHub/ai_workflow.js/docs/testing/REGRESSION_TESTS_2026_02_17.md
[2026-03-06T01:48:10.791Z] Archived: /home/mpb/Documents/GitHub/ai_workflow.js/docs/tutorials/YOUR_FIRST_WORKFLOW.md
[2026-03-06T01:48:10.791Z] Archived outdated: /home/mpb/Documents/GitHub/ai_workflow.js/docs/tutorials/YOUR_FIRST_WORKFLOW.md
[2026-03-06T01:48:10.791Z] Archived 61 outdated files
[2026-03-06T01:48:10.792Z] Phase 7: Generating Report
[2026-03-06T01:48:10.792Z] Generating optimization report...
[2026-03-06T01:48:10.793Z] Report saved: /home/mpb/Documents/GitHub/ai_workflow.js/.ai_workflow/archive/docs/20260305_224810/optimization_report.md
[2026-03-06T01:48:10.793Z] 
📊 Optimization Complete!
═══════════════════════
  Files analyzed: 118
  Files optimized: 61
  Size saved: 0KB (0%)
  Token savings: ~0

[2026-03-06T01:48:10.793Z] 
Full report: /home/mpb/Documents/GitHub/ai_workflow.js/.ai_workflow/archive/docs/20260305_224810/optimization_report.md
[2026-03-06T01:48:10.793Z] ✓ Workflow complete (3s)
[2026-03-06T01:48:10.793Z] ✓ Step step_02_5 completed in 2980ms
[2026-03-06T01:48:10.793Z] [DEBUG] [Performance] step_02_5: 3.0s
[2026-03-06T01:48:10.793Z] [DEBUG] Recorded outcome for step_02_5: success
[2026-03-06T01:48:10.793Z] ✓ Completed: Documentation Optimization (3s)
