[2026-03-06T01:47:17.903Z] 
→ Starting: Bootstrap Documentation
[2026-03-06T01:47:17.903Z] [DEBUG] Step0bBootstrapDocs.execute()
[2026-03-06T01:47:17.903Z] ════════════════════════════════════════════════════════════
[2026-03-06T01:47:17.903Z] 🔷  Step 0b: Documentation Gap Analysis and Generation
[2026-03-06T01:47:17.903Z] ════════════════════════════════════════════════════════════
[2026-03-06T01:47:17.903Z] Phase 1: Gathering project statistics...
[2026-03-06T01:47:17.903Z] [DEBUG] Gathering project statistics by scanning files...
[2026-03-06T01:47:17.903Z] [DEBUG] Listing all files in the project directory...
[2026-03-06T01:47:17.903Z] [DEBUG] Project root: /home/mpb/Documents/GitHub/ai_workflow.js
[2026-03-06T01:47:17.906Z] [DEBUG] Total files found: 801
[2026-03-06T01:47:17.906Z] [DEBUG] Converting to relative paths...
[2026-03-06T01:47:17.909Z] Project has 249 documentation files and 243 source files
[2026-03-06T01:47:17.909Z] README.md size: 15078 bytes, Has CHANGELOG: true, Has docs/ directory: true
[2026-03-06T01:47:17.909Z] Phase 2: Evaluating documentation coverage...
[2026-03-06T01:47:17.909Z] Step 0b: Documentation coverage adequate - no bootstrap needed
[2026-03-06T01:47:17.909Z] ✓ Step step_0b completed in 6ms
[2026-03-06T01:47:17.909Z] [DEBUG] [Performance] step_0b: 6ms
[2026-03-06T01:47:17.909Z] [DEBUG] Recorded outcome for step_0b: success
[2026-03-06T01:47:17.909Z] ✓ Completed: Bootstrap Documentation (0s)
