[2026-03-06T01:47:17.829Z] 
→ Starting: Pre-Analysis
[2026-03-06T01:47:17.829Z] ════════════════════════════════════════════════════════════
[2026-03-06T01:47:17.829Z] 🔷  Step 0: Pre-Analysis - Analyzing Recent Changes
[2026-03-06T01:47:17.829Z] ════════════════════════════════════════════════════════════
[2026-03-06T01:47:17.871Z] Commits ahead of remote: 0
[2026-03-06T01:47:17.871Z] Modified files: 104
[2026-03-06T01:47:17.874Z] ✓ Project kind from config: nodejs_automation (configured)
[2026-03-06T01:47:17.898Z] ✓ Pre-analysis complete:
  • Commits ahead: 0
  • Modified files: 104
  • Change scope: code-and-tests
  • Documentation: 0 files
  • Tests: 8 files
  • Source: 10 files
  • Config: 1 files
  • Project kind: nodejs_automation (100% confidence)

[2026-03-06T01:47:17.902Z] ✓ Step step_00 completed in 74ms
[2026-03-06T01:47:17.902Z] [DEBUG] [Performance] step_00: 74ms
[2026-03-06T01:47:17.902Z] [DEBUG] Recorded outcome for step_00: success
[2026-03-06T01:47:17.902Z] ✓ Completed: Pre-Analysis (0s)
