[2026-03-04T16:09:33.700Z] 
→ Starting: Pre-Analysis
[2026-03-04T16:09:33.701Z] ════════════════════════════════════════════════════════════
[2026-03-04T16:09:33.701Z] 🔷  Step 0: Pre-Analysis - Analyzing Recent Changes
[2026-03-04T16:09:33.701Z] ════════════════════════════════════════════════════════════
[2026-03-04T16:09:33.784Z] Commits ahead of remote: 0
[2026-03-04T16:09:33.784Z] Modified files: 537
[2026-03-04T16:09:33.795Z] ✓ Project kind from config: nodejs_automation (configured)
[2026-03-04T16:09:33.886Z] ✓ Pre-analysis complete:
  • Commits ahead: 0
  • Modified files: 537
  • Change scope: full-stack
  • Documentation: 108 files
  • Tests: 15 files
  • Source: 8 files
  • Config: 5 files
  • Project kind: nodejs_automation (100% confidence)

[2026-03-04T16:09:33.898Z] ✓ Step step_00 completed in 198ms
[2026-03-04T16:09:33.899Z] [DEBUG] [Performance] step_00: 199ms
[2026-03-04T16:09:33.900Z] [DEBUG] Recorded outcome for step_00: success
[2026-03-04T16:09:33.900Z] ✓ Completed: Pre-Analysis (0s)
