[2026-03-04T16:09:33.901Z] 
→ Starting: Bootstrap Documentation
[2026-03-04T16:09:33.902Z] [DEBUG] Step0bBootstrapDocs.execute()
[2026-03-04T16:09:33.903Z] ════════════════════════════════════════════════════════════
[2026-03-04T16:09:33.903Z] 🔷  Step 0b: Documentation Gap Analysis and Generation
[2026-03-04T16:09:33.903Z] ════════════════════════════════════════════════════════════
[2026-03-04T16:09:33.903Z] Phase 1: Gathering project statistics...
[2026-03-04T16:09:33.903Z] [DEBUG] Gathering project statistics by scanning files...
[2026-03-04T16:09:33.903Z] [DEBUG] Listing all files in the project directory...
[2026-03-04T16:09:33.903Z] [DEBUG] Project root: /home/mpb/Documents/GitHub/ai_workflow.js
[2026-03-04T16:09:33.934Z] [DEBUG] Total files found: 1651
[2026-03-04T16:09:33.935Z] [DEBUG] Converting to relative paths...
[2026-03-04T16:09:33.949Z] Project has 835 documentation files and 224 source files
[2026-03-04T16:09:33.949Z] README.md size: 14577 bytes, Has CHANGELOG: true, Has docs/ directory: true
[2026-03-04T16:09:33.949Z] Phase 2: Evaluating documentation coverage...
[2026-03-04T16:09:33.949Z] Step 0b: Documentation coverage adequate - no bootstrap needed
[2026-03-04T16:09:33.950Z] ✓ Step step_0b completed in 50ms
[2026-03-04T16:09:33.950Z] [DEBUG] [Performance] step_0b: 49ms
[2026-03-04T16:09:33.950Z] [DEBUG] Recorded outcome for step_0b: success
[2026-03-04T16:09:33.950Z] ✓ Completed: Bootstrap Documentation (0s)
