[2026-03-04T16:14:29.522Z] 
→ Starting: Documentation Optimization
[2026-03-04T16:14:29.523Z] Documentation optimization initialized
[2026-03-04T16:14:29.523Z] ════════════════════════════════════════════════════════════
[2026-03-04T16:14:29.523Z] 🔷  Step 2.5: Documentation Optimization
[2026-03-04T16:14:29.523Z] ════════════════════════════════════════════════════════════
[2026-03-04T16:14:29.526Z] Phase 1: Heuristics Analysis (108 files)
[2026-03-04T16:14:29.577Z] Calculating content hashes...
[2026-03-04T16:14:29.584Z] Found 0 duplicate groups (0 redundant files)
[2026-03-04T16:14:29.584Z] Analyzing document similarity...
[2026-03-04T16:14:31.791Z] Found 0 redundant pairs above 80% similarity
[2026-03-04T16:14:31.791Z] Found 0 exact duplicates, 0 redundant pairs
[2026-03-04T16:14:31.791Z] Phase 2: Git History Analysis
[2026-03-04T16:14:31.791Z] Analyzing git history for 108 files...
[2026-03-04T16:14:33.882Z] Completed git analysis for 108 files
[2026-03-04T16:14:33.883Z] Found 0 outdated files
[2026-03-04T16:14:33.883Z] Phase 3: Version Reference Analysis
[2026-03-04T16:14:33.886Z] Detected version from package.json: 1.3.12
[2026-03-04T16:14:33.887Z] Analyzing version references in 108 files (current: 1.3.12)...
[2026-03-04T16:14:33.915Z] Completed version analysis for 108 files
[2026-03-04T16:14:33.915Z] Version analysis complete (0 total outdated)
[2026-03-04T16:14:33.915Z] Phase 4: AI Edge Case Analysis (skipped - no AI analyzer)
[2026-03-04T16:14:33.915Z] Phase 5: Optimization Summary
[2026-03-04T16:14:33.915Z] 
📊 Analysis Results:
───────────────────
  Total files analyzed: 108
  Exact duplicates: 0
  Redundant pairs: 0
  Outdated files: 0
  Files to optimize: 0

[2026-03-04T16:14:33.915Z] No optimizations needed
[2026-03-04T16:14:33.915Z] ✓ Workflow complete (4s)
[2026-03-04T16:14:33.915Z] ✓ Step step_02_5 completed in 4393ms
[2026-03-04T16:14:33.916Z] [DEBUG] [Performance] step_02_5: 4.4s
[2026-03-04T16:14:33.916Z] [DEBUG] Recorded outcome for step_02_5: success
[2026-03-04T16:14:33.916Z] ✓ Completed: Documentation Optimization (4s)
