[2026-02-26T15:38:54.455Z] 
→ Starting: Bootstrap Documentation
[2026-02-26T15:38:54.456Z] [DEBUG] Step0bBootstrapDocs.execute()
[2026-02-26T15:38:54.456Z] ════════════════════════════════════════════════════════════
[2026-02-26T15:38:54.456Z] 🔷  Step 0b: Documentation Gap Analysis and Generation
[2026-02-26T15:38:54.456Z] ════════════════════════════════════════════════════════════
[2026-02-26T15:38:54.456Z] Phase 1: Gathering project statistics...
[2026-02-26T15:38:54.456Z] [DEBUG] Gathering project statistics by scanning files...
[2026-02-26T15:38:54.456Z] [DEBUG] Listing all files in the project directory...
[2026-02-26T15:38:54.456Z] [DEBUG] Project root: /home/mpb/Documents/GitHub/ai_workflow.js
[2026-02-26T15:38:54.486Z] [DEBUG] Total files found: 877
[2026-02-26T15:38:54.486Z] [DEBUG] Converting to relative paths...
[2026-02-26T15:38:54.494Z] Project has 347 documentation files and 211 source files
[2026-02-26T15:38:54.494Z] README.md size: 13808 bytes, Has CHANGELOG: true, Has docs/ directory: true
[2026-02-26T15:38:54.494Z] Phase 2: Evaluating documentation coverage...
[2026-02-26T15:38:54.494Z] Step 0b: Sufficient documentation exists (347 files) - skipping bootstrap
[2026-02-26T15:38:54.496Z] ✓ Step step_0b completed in 40ms
[2026-02-26T15:38:54.496Z] [DEBUG] [Performance] step_0b: 41ms
[2026-02-26T15:38:54.496Z] [DEBUG] Recorded outcome for step_0b: success
[2026-02-26T15:38:54.496Z] ✓ Completed: Bootstrap Documentation (0s)
