[2026-02-26T15:38:54.320Z] 
→ Starting: Pre-Analysis
[2026-02-26T15:38:54.320Z] ════════════════════════════════════════════════════════════
[2026-02-26T15:38:54.320Z] 🔷  Step 0: Pre-Analysis - Analyzing Recent Changes
[2026-02-26T15:38:54.320Z] ════════════════════════════════════════════════════════════
[2026-02-26T15:38:54.371Z] Commits ahead of remote: 0
[2026-02-26T15:38:54.371Z] Modified files: 3
[2026-02-26T15:38:54.378Z] ✓ Project kind from config: nodejs_automation (configured)
[2026-02-26T15:38:54.439Z] ✓ Pre-analysis complete:
  • Commits ahead: 0
  • Modified files: 3
  • Change scope: configuration
  • Documentation: 0 files
  • Tests: 0 files
  • Source: 0 files
  • Config: 1 files
  • Project kind: nodejs_automation (100% confidence)

[2026-02-26T15:38:54.453Z] ✓ Step step_00 completed in 134ms
[2026-02-26T15:38:54.454Z] [DEBUG] [Performance] step_00: 134ms
[2026-02-26T15:38:54.454Z] [DEBUG] Recorded outcome for step_00: success
[2026-02-26T15:38:54.454Z] ✓ Completed: Pre-Analysis (0s)
