[2026-02-26T18:03:22.461Z] 
→ Starting: Bootstrap Documentation
[2026-02-26T18:03:22.461Z] [DEBUG] Step0bBootstrapDocs.execute()
[2026-02-26T18:03:22.461Z] ════════════════════════════════════════════════════════════
[2026-02-26T18:03:22.461Z] 🔷  Step 0b: Documentation Gap Analysis and Generation
[2026-02-26T18:03:22.461Z] ════════════════════════════════════════════════════════════
[2026-02-26T18:03:22.461Z] Phase 1: Gathering project statistics...
[2026-02-26T18:03:22.461Z] [DEBUG] Gathering project statistics by scanning files...
[2026-02-26T18:03:22.461Z] [DEBUG] Listing all files in the project directory...
[2026-02-26T18:03:22.461Z] [DEBUG] Project root: /home/mpb/Documents/GitHub/ai_workflow.js
[2026-02-26T18:03:22.467Z] [DEBUG] Total files found: 1161
[2026-02-26T18:03:22.467Z] [DEBUG] Converting to relative paths...
[2026-02-26T18:03:22.471Z] Project has 510 documentation files and 211 source files
[2026-02-26T18:03:22.471Z] README.md size: 13808 bytes, Has CHANGELOG: true, Has docs/ directory: true
[2026-02-26T18:03:22.471Z] Phase 2: Evaluating documentation coverage...
[2026-02-26T18:03:22.471Z] Step 0b: Sufficient documentation exists (510 files) - skipping bootstrap
[2026-02-26T18:03:22.471Z] ✓ Step step_0b completed in 10ms
[2026-02-26T18:03:22.471Z] [DEBUG] [Performance] step_0b: 10ms
[2026-02-26T18:03:22.471Z] [DEBUG] Recorded outcome for step_0b: success
[2026-02-26T18:03:22.471Z] ✓ Completed: Bootstrap Documentation (0s)
