[2026-02-26T18:03:22.409Z] 
→ Starting: Pre-Analysis
[2026-02-26T18:03:22.409Z] ════════════════════════════════════════════════════════════
[2026-02-26T18:03:22.409Z] 🔷  Step 0: Pre-Analysis - Analyzing Recent Changes
[2026-02-26T18:03:22.409Z] ════════════════════════════════════════════════════════════
[2026-02-26T18:03:22.433Z] Commits ahead of remote: 0
[2026-02-26T18:03:22.433Z] Modified files: 2
[2026-02-26T18:03:22.436Z] ✓ Project kind from config: nodejs_automation (configured)
[2026-02-26T18:03:22.456Z] ✓ Pre-analysis complete:
  • Commits ahead: 0
  • Modified files: 2
  • Change scope: mixed-changes
  • Documentation: 0 files
  • Tests: 0 files
  • Source: 0 files
  • Config: 0 files
  • Project kind: nodejs_automation (100% confidence)

[2026-02-26T18:03:22.460Z] ✓ Step step_00 completed in 51ms
[2026-02-26T18:03:22.460Z] [DEBUG] [Performance] step_00: 51ms
[2026-02-26T18:03:22.461Z] [DEBUG] Recorded outcome for step_00: success
[2026-02-26T18:03:22.461Z] ✓ Completed: Pre-Analysis (0s)
