[2026-02-26T14:49:43.567Z] 
→ Starting: Bootstrap Documentation
[2026-02-26T14:49:43.568Z] [DEBUG] Step0bBootstrapDocs.execute()
[2026-02-26T14:49:43.568Z] ════════════════════════════════════════════════════════════
[2026-02-26T14:49:43.568Z] 🔷  Step 0b: Documentation Gap Analysis and Generation
[2026-02-26T14:49:43.568Z] ════════════════════════════════════════════════════════════
[2026-02-26T14:49:43.568Z] Phase 1: Gathering project statistics...
[2026-02-26T14:49:43.568Z] [DEBUG] Gathering project statistics by scanning files...
[2026-02-26T14:49:43.568Z] [DEBUG] Listing all files in the project directory...
[2026-02-26T14:49:43.568Z] [DEBUG] Project root: /home/mpb/Documents/GitHub/ai_workflow.js
[2026-02-26T14:49:43.596Z] [DEBUG] Total files found: 788
[2026-02-26T14:49:43.596Z] [DEBUG] Converting to relative paths...
[2026-02-26T14:49:43.604Z] Project has 305 documentation files and 211 source files
[2026-02-26T14:49:43.604Z] README.md size: 13808 bytes, Has CHANGELOG: true, Has docs/ directory: true
[2026-02-26T14:49:43.604Z] Phase 2: Evaluating documentation coverage...
[2026-02-26T14:49:43.604Z] Step 0b: Sufficient documentation exists (305 files) - skipping bootstrap
[2026-02-26T14:49:43.605Z] ✓ Step step_0b completed in 39ms
[2026-02-26T14:49:43.605Z] [DEBUG] [Performance] step_0b: 39ms
[2026-02-26T14:49:43.605Z] [DEBUG] Recorded outcome for step_0b: success
[2026-02-26T14:49:43.605Z] ✓ Completed: Bootstrap Documentation (0s)
