[2026-02-26T14:50:06.851Z] 
→ Starting: Documentation Optimization
[2026-02-26T14:50:06.852Z] Documentation optimization initialized
[2026-02-26T14:50:06.852Z] ════════════════════════════════════════════════════════════
[2026-02-26T14:50:06.853Z] 🔷  Step 2.5: Documentation Optimization
[2026-02-26T14:50:06.853Z] ════════════════════════════════════════════════════════════
[2026-02-26T14:50:06.856Z] Phase 1: Heuristics Analysis (103 files)
[2026-02-26T14:50:06.873Z] Calculating content hashes...
[2026-02-26T14:50:06.879Z] Found 0 duplicate groups (0 redundant files)
[2026-02-26T14:50:06.879Z] Analyzing document similarity...
[2026-02-26T14:50:08.892Z] Found 0 redundant pairs above 80% similarity
[2026-02-26T14:50:08.892Z] Found 0 exact duplicates, 0 redundant pairs
[2026-02-26T14:50:08.892Z] Phase 2: Git History Analysis
[2026-02-26T14:50:08.893Z] Analyzing git history for 103 files...
[2026-02-26T14:50:10.206Z] Completed git analysis for 103 files
[2026-02-26T14:50:10.207Z] Found 0 outdated files
[2026-02-26T14:50:10.207Z] Phase 3: Version Reference Analysis
[2026-02-26T14:50:10.209Z] Detected version from package.json: 1.3.0
[2026-02-26T14:50:10.209Z] Analyzing version references in 103 files (current: 1.3.0)...
[2026-02-26T14:50:10.254Z] Completed version analysis for 103 files
[2026-02-26T14:50:10.254Z] Version analysis complete (0 total outdated)
[2026-02-26T14:50:10.255Z] Phase 4: AI Edge Case Analysis (skipped - no AI analyzer)
[2026-02-26T14:50:10.255Z] Phase 5: Optimization Summary
[2026-02-26T14:50:10.255Z] 
📊 Analysis Results:
───────────────────
  Total files analyzed: 103
  Exact duplicates: 0
  Redundant pairs: 0
  Outdated files: 0
  Files to optimize: 0

[2026-02-26T14:50:10.255Z] No optimizations needed
[2026-02-26T14:50:10.255Z] ✓ Workflow complete (3s)
[2026-02-26T14:50:10.255Z] ✓ Step step_02_5 completed in 3404ms
[2026-02-26T14:50:10.256Z] [DEBUG] [Performance] step_02_5: 3.4s
[2026-02-26T14:50:10.256Z] [DEBUG] Recorded outcome for step_02_5: success
[2026-02-26T14:50:10.256Z] ✓ Completed: Documentation Optimization (3s)
