[2026-02-26T14:49:43.409Z] 
→ Starting: Pre-Analysis
[2026-02-26T14:49:43.410Z] ════════════════════════════════════════════════════════════
[2026-02-26T14:49:43.410Z] 🔷  Step 0: Pre-Analysis - Analyzing Recent Changes
[2026-02-26T14:49:43.410Z] ════════════════════════════════════════════════════════════
[2026-02-26T14:49:43.504Z] Commits ahead of remote: 0
[2026-02-26T14:49:43.504Z] Modified files: 751
[2026-02-26T14:49:43.512Z] ✓ Project kind from config: nodejs_automation (configured)
[2026-02-26T14:49:43.554Z] ✓ Pre-analysis complete:
  • Commits ahead: 0
  • Modified files: 751
  • Change scope: full-stack
  • Documentation: 3 files
  • Tests: 21 files
  • Source: 18 files
  • Config: 3 files
  • Project kind: nodejs_automation (100% confidence)

[2026-02-26T14:49:43.565Z] ✓ Step step_00 completed in 157ms
[2026-02-26T14:49:43.565Z] [DEBUG] [Performance] step_00: 157ms
[2026-02-26T14:49:43.566Z] [DEBUG] Recorded outcome for step_00: success
[2026-02-26T14:49:43.566Z] ✓ Completed: Pre-Analysis (0s)
