[2026-03-05T23:06:00.137Z] 
→ Starting: Pre-Analysis
[2026-03-05T23:06:00.138Z] ════════════════════════════════════════════════════════════
[2026-03-05T23:06:00.138Z] 🔷  Step 0: Pre-Analysis - Analyzing Recent Changes
[2026-03-05T23:06:00.138Z] ════════════════════════════════════════════════════════════
[2026-03-05T23:06:00.216Z] Commits ahead of remote: 0
[2026-03-05T23:06:00.216Z] Modified files: 199
[2026-03-05T23:06:00.225Z] ✓ Project kind from config: nodejs_automation (configured)
[2026-03-05T23:06:00.282Z] ✓ Pre-analysis complete:
  • Commits ahead: 0
  • Modified files: 199
  • Change scope: code-and-tests
  • Documentation: 0 files
  • Tests: 2 files
  • Source: 2 files
  • Config: 0 files
  • Project kind: nodejs_automation (100% confidence)

[2026-03-05T23:06:00.293Z] ✓ Step step_00 completed in 157ms
[2026-03-05T23:06:00.294Z] [DEBUG] [Performance] step_00: 156ms
[2026-03-05T23:06:00.294Z] [DEBUG] Recorded outcome for step_00: success
[2026-03-05T23:06:00.294Z] ✓ Completed: Pre-Analysis (0s)
