[2026-03-05T23:07:12.527Z] 
→ Starting: Documentation Optimization
[2026-03-05T23:07:12.528Z] Documentation optimization initialized
[2026-03-05T23:07:12.528Z] ════════════════════════════════════════════════════════════
[2026-03-05T23:07:12.529Z] 🔷  Step 2.5: Documentation Optimization
[2026-03-05T23:07:12.529Z] ════════════════════════════════════════════════════════════
[2026-03-05T23:07:12.532Z] Phase 1: Heuristics Analysis (118 files)
[2026-03-05T23:07:12.568Z] Calculating content hashes...
[2026-03-05T23:07:12.575Z] Found 0 duplicate groups (0 redundant files)
[2026-03-05T23:07:12.575Z] Analyzing document similarity...
[2026-03-05T23:07:15.235Z] Found 0 redundant pairs above 80% similarity
[2026-03-05T23:07:15.235Z] Found 0 exact duplicates, 0 redundant pairs
[2026-03-05T23:07:15.236Z] Phase 2: Git History Analysis
[2026-03-05T23:07:15.236Z] Analyzing git history for 118 files...
[2026-03-05T23:07:16.906Z] Completed git analysis for 118 files
[2026-03-05T23:07:16.906Z] Found 0 outdated files
[2026-03-05T23:07:16.907Z] Phase 3: Version Reference Analysis
[2026-03-05T23:07:16.908Z] Detected version from package.json: 1.5.1
[2026-03-05T23:07:16.908Z] Analyzing version references in 118 files (current: 1.5.1)...
[2026-03-05T23:07:16.938Z] Completed version analysis for 118 files
[2026-03-05T23:07:16.938Z] Version analysis complete (61 total outdated)
[2026-03-05T23:07:16.938Z] Phase 4: AI Edge Case Analysis (skipped - no AI analyzer)
[2026-03-05T23:07:16.938Z] Phase 5: Optimization Summary
[2026-03-05T23:07:16.939Z] 
📊 Analysis Results:
───────────────────
  Total files analyzed: 118
  Exact duplicates: 0
  Redundant pairs: 0
  Outdated files: 61
  Files to optimize: 61

[2026-03-05T23:07:16.939Z] Phase 6: Applying Optimizations
[2026-03-05T23:07:16.939Z] Consolidating 0 duplicate groups...
[2026-03-05T23:07:16.941Z] Created archive: /home/mpb/Documents/GitHub/ai_workflow.js/.ai_workflow/archive/docs/20260305_200716
[2026-03-05T23:07:16.941Z] Consolidation complete: 0 removed, 0 kept
[2026-03-05T23:07:16.941Z] Archiving 61 outdated files...
[2026-03-05T23:07:16.942Z] Created archive: /home/mpb/Documents/GitHub/ai_workflow.js/.ai_workflow/archive/docs/20260305_200716
[2026-03-05T23:07:16.943Z] Archived: /home/mpb/Documents/GitHub/ai_workflow.js/docs/FUNCTIONAL_REQUIREMENTS.md
[2026-03-05T23:07:16.943Z] Archived outdated: /home/mpb/Documents/GitHub/ai_workflow.js/docs/FUNCTIONAL_REQUIREMENTS.md
[2026-03-05T23:07:16.944Z] Archived: /home/mpb/Documents/GitHub/ai_workflow.js/docs/PHASE_C_COMPLETION_SUMMARY.md
[2026-03-05T23:07:16.944Z] Archived outdated: /home/mpb/Documents/GitHub/ai_workflow.js/docs/PHASE_C_COMPLETION_SUMMARY.md
[2026-03-05T23:07:16.944Z] Archived: /home/mpb/Documents/GitHub/ai_workflow.js/docs/PHASE_D_COMPLETION_SUMMARY.md
[2026-03-05T23:07:16.944Z] Archived outdated: /home/mpb/Documents/GitHub/ai_workflow.js/docs/PHASE_D_COMPLETION_SUMMARY.md
[2026-03-05T23:07:16.945Z] Archived: /home/mpb/Documents/GitHub/ai_workflow.js/docs/README.md
[2026-03-05T23:07:16.945Z] Archived outdated: /home/mpb/Documents/GitHub/ai_workflow.js/docs/README.md
[2026-03-05T23:07:16.946Z] Archived: /home/mpb/Documents/GitHub/ai_workflow.js/docs/api/API_DOCS_INDEX.md
[2026-03-05T23:07:16.946Z] Archived outdated: /home/mpb/Documents/GitHub/ai_workflow.js/docs/api/API_DOCS_INDEX.md
[2026-03-05T23:07:16.946Z] Archived: /home/mpb/Documents/GitHub/ai_workflow.js/docs/api/EXAMPLES.md
[2026-03-05T23:07:16.946Z] Archived outdated: /home/mpb/Documents/GitHub/ai_workflow.js/docs/api/EXAMPLES.md
[2026-03-05T23:07:16.947Z] Archived: /home/mpb/Documents/GitHub/ai_workflow.js/docs/api/GENERATION_SUMMARY.md
[2026-03-05T23:07:16.947Z] Archived outdated: /home/mpb/Documents/GitHub/ai_workflow.js/docs/api/GENERATION_SUMMARY.md
[2026-03-05T23:07:16.968Z] Archived: /home/mpb/Documents/GitHub/ai_workflow.js/docs/api/README.md
[2026-03-05T23:07:16.968Z] Archived outdated: /home/mpb/Documents/GitHub/ai_workflow.js/docs/api/README.md
[2026-03-05T23:07:16.969Z] Archived: /home/mpb/Documents/GitHub/ai_workflow.js/docs/api/cleanup_handlers.md
[2026-03-05T23:07:16.969Z] Archived outdated: /home/mpb/Documents/GitHub/ai_workflow.js/docs/api/cleanup_handlers.md
[2026-03-05T23:07:16.970Z] Archived: /home/mpb/Documents/GitHub/ai_workflow.js/docs/api/core/colors.md
[2026-03-05T23:07:16.970Z] Archived outdated: /home/mpb/Documents/GitHub/ai_workflow.js/docs/api/core/colors.md
[2026-03-05T23:07:16.970Z] Archived: /home/mpb/Documents/GitHub/ai_workflow.js/docs/api/core/logger.md
[2026-03-05T23:07:16.970Z] Archived outdated: /home/mpb/Documents/GitHub/ai_workflow.js/docs/api/core/logger.md
[2026-03-05T23:07:16.971Z] Archived: /home/mpb/Documents/GitHub/ai_workflow.js/docs/api/core/version.md
[2026-03-05T23:07:16.971Z] Archived outdated: /home/mpb/Documents/GitHub/ai_workflow.js/docs/api/core/version.md
[2026-03-05T23:07:16.972Z] Archived: /home/mpb/Documents/GitHub/ai_workflow.js/docs/api/lib/analysis_cache.md
[2026-03-05T23:07:16.972Z] Archived outdated: /home/mpb/Documents/GitHub/ai_workflow.js/docs/api/lib/analysis_cache.md
[2026-03-05T23:07:16.972Z] Archived: /home/mpb/Documents/GitHub/ai_workflow.js/docs/api/lib/backlog.md
[2026-03-05T23:07:16.972Z] Archived outdated: /home/mpb/Documents/GitHub/ai_workflow.js/docs/api/lib/backlog.md
[2026-03-05T23:07:16.973Z] Archived: /home/mpb/Documents/GitHub/ai_workflow.js/docs/api/lib/file_operations.md
[2026-03-05T23:07:16.973Z] Archived outdated: /home/mpb/Documents/GitHub/ai_workflow.js/docs/api/lib/file_operations.md
[2026-03-05T23:07:16.973Z] Archived: /home/mpb/Documents/GitHub/ai_workflow.js/docs/api/lib/incremental_analysis.md
[2026-03-05T23:07:16.973Z] Archived outdated: /home/mpb/Documents/GitHub/ai_workflow.js/docs/api/lib/incremental_analysis.md
[2026-03-05T23:07:16.974Z] Archived: /home/mpb/Documents/GitHub/ai_workflow.js/docs/api/lib/jq_wrapper.md
[2026-03-05T23:07:16.974Z] Archived outdated: /home/mpb/Documents/GitHub/ai_workflow.js/docs/api/lib/jq_wrapper.md
[2026-03-05T23:07:16.974Z] Archived: /home/mpb/Documents/GitHub/ai_workflow.js/docs/api/lib/performance.md
[2026-03-05T23:07:16.975Z] Archived outdated: /home/mpb/Documents/GitHub/ai_workflow.js/docs/api/lib/performance.md
[2026-03-05T23:07:16.975Z] Archived: /home/mpb/Documents/GitHub/ai_workflow.js/docs/api/lib/project_kind_config.md
[2026-03-05T23:07:16.975Z] Archived outdated: /home/mpb/Documents/GitHub/ai_workflow.js/docs/api/lib/project_kind_config.md
[2026-03-05T23:07:16.976Z] Archived: /home/mpb/Documents/GitHub/ai_workflow.js/docs/api/lib/project_kind_detection.md
[2026-03-05T23:07:16.976Z] Archived outdated: /home/mpb/Documents/GitHub/ai_workflow.js/docs/api/lib/project_kind_detection.md
[2026-03-05T23:07:16.976Z] Archived: /home/mpb/Documents/GitHub/ai_workflow.js/docs/api/lib/session_manager.md
[2026-03-05T23:07:16.976Z] Archived outdated: /home/mpb/Documents/GitHub/ai_workflow.js/docs/api/lib/session_manager.md
[2026-03-05T23:07:16.976Z] Archived: /home/mpb/Documents/GitHub/ai_workflow.js/docs/api/lib/tech_stack.md
[2026-03-05T23:07:16.976Z] Archived outdated: /home/mpb/Documents/GitHub/ai_workflow.js/docs/api/lib/tech_stack.md
[2026-03-05T23:07:16.977Z] Archived: /home/mpb/Documents/GitHub/ai_workflow.js/docs/api/lib/third_party_exclusion.md
[2026-03-05T23:07:16.977Z] Archived outdated: /home/mpb/Documents/GitHub/ai_workflow.js/docs/api/lib/third_party_exclusion.md
[2026-03-05T23:07:16.977Z] Archived: /home/mpb/Documents/GitHub/ai_workflow.js/docs/api/lib/utils.md
[2026-03-05T23:07:16.977Z] Archived outdated: /home/mpb/Documents/GitHub/ai_workflow.js/docs/api/lib/utils.md
[2026-03-05T23:07:16.977Z] Archived: /home/mpb/Documents/GitHub/ai_workflow.js/docs/api/logger.md
[2026-03-05T23:07:16.977Z] Archived outdated: /home/mpb/Documents/GitHub/ai_workflow.js/docs/api/logger.md
[2026-03-05T23:07:16.978Z] Archived: /home/mpb/Documents/GitHub/ai_workflow.js/docs/api/metrics.md
[2026-03-05T23:07:16.978Z] Archived outdated: /home/mpb/Documents/GitHub/ai_workflow.js/docs/api/metrics.md
[2026-03-05T23:07:16.978Z] Archived: /home/mpb/Documents/GitHub/ai_workflow.js/docs/api/orchestrator/checkpoint_manager.md
[2026-03-05T23:07:16.978Z] Archived outdated: /home/mpb/Documents/GitHub/ai_workflow.js/docs/api/orchestrator/checkpoint_manager.md
[2026-03-05T23:07:16.979Z] Archived: /home/mpb/Documents/GitHub/ai_workflow.js/docs/api/orchestrator/step_registry.md
[2026-03-05T23:07:16.979Z] Archived outdated: /home/mpb/Documents/GitHub/ai_workflow.js/docs/api/orchestrator/step_registry.md
[2026-03-05T23:07:16.980Z] Archived: /home/mpb/Documents/GitHub/ai_workflow.js/docs/api/orchestrator/workflow_engine.md
[2026-03-05T23:07:16.980Z] Archived outdated: /home/mpb/Documents/GitHub/ai_workflow.js/docs/api/orchestrator/workflow_engine.md
[2026-03-05T23:07:16.980Z] Archived: /home/mpb/Documents/GitHub/ai_workflow.js/docs/api/steps/step_01_documentation.md
[2026-03-05T23:07:16.980Z] Archived outdated: /home/mpb/Documents/GitHub/ai_workflow.js/docs/api/steps/step_01_documentation.md
[2026-03-05T23:07:16.981Z] Archived: /home/mpb/Documents/GitHub/ai_workflow.js/docs/api/steps/step_02_consistency.md
[2026-03-05T23:07:16.981Z] Archived outdated: /home/mpb/Documents/GitHub/ai_workflow.js/docs/api/steps/step_02_consistency.md
[2026-03-05T23:07:16.981Z] Archived: /home/mpb/Documents/GitHub/ai_workflow.js/docs/api/utils/errors.md
[2026-03-05T23:07:16.981Z] Archived outdated: /home/mpb/Documents/GitHub/ai_workflow.js/docs/api/utils/errors.md
[2026-03-05T23:07:16.981Z] Archived: /home/mpb/Documents/GitHub/ai_workflow.js/docs/architecture/DEPENDENCY_GRAPH.md
[2026-03-05T23:07:16.981Z] Archived outdated: /home/mpb/Documents/GitHub/ai_workflow.js/docs/architecture/DEPENDENCY_GRAPH.md
[2026-03-05T23:07:16.982Z] Archived: /home/mpb/Documents/GitHub/ai_workflow.js/docs/architecture/DESIGN_PRINCIPLES.md
[2026-03-05T23:07:16.982Z] Archived outdated: /home/mpb/Documents/GitHub/ai_workflow.js/docs/architecture/DESIGN_PRINCIPLES.md
[2026-03-05T23:07:16.982Z] Archived: /home/mpb/Documents/GitHub/ai_workflow.js/docs/architecture/MODULE_STRUCTURE.md
[2026-03-05T23:07:16.982Z] Archived outdated: /home/mpb/Documents/GitHub/ai_workflow.js/docs/architecture/MODULE_STRUCTURE.md
[2026-03-05T23:07:16.982Z] Archived: /home/mpb/Documents/GitHub/ai_workflow.js/docs/examples/advanced/README.md
[2026-03-05T23:07:16.983Z] Archived outdated: /home/mpb/Documents/GitHub/ai_workflow.js/docs/examples/advanced/README.md
[2026-03-05T23:07:16.983Z] Archived: /home/mpb/Documents/GitHub/ai_workflow.js/docs/examples/basic/README.md
[2026-03-05T23:07:16.983Z] Archived outdated: /home/mpb/Documents/GitHub/ai_workflow.js/docs/examples/basic/README.md
[2026-03-05T23:07:16.984Z] Archived: /home/mpb/Documents/GitHub/ai_workflow.js/docs/getting-started/FIRST_WORKFLOW.md
[2026-03-05T23:07:16.984Z] Archived outdated: /home/mpb/Documents/GitHub/ai_workflow.js/docs/getting-started/FIRST_WORKFLOW.md
[2026-03-05T23:07:16.984Z] Archived: /home/mpb/Documents/GitHub/ai_workflow.js/docs/getting-started/QUICK_START.md
[2026-03-05T23:07:16.984Z] Archived outdated: /home/mpb/Documents/GitHub/ai_workflow.js/docs/getting-started/QUICK_START.md
[2026-03-05T23:07:16.984Z] Archived: /home/mpb/Documents/GitHub/ai_workflow.js/docs/guides/CLEANUP_ARTIFACTS.md
[2026-03-05T23:07:16.984Z] Archived outdated: /home/mpb/Documents/GitHub/ai_workflow.js/docs/guides/CLEANUP_ARTIFACTS.md
[2026-03-05T23:07:16.985Z] Archived: /home/mpb/Documents/GitHub/ai_workflow.js/docs/guides/CLI_USAGE_GUIDE.md
[2026-03-05T23:07:16.985Z] Archived outdated: /home/mpb/Documents/GitHub/ai_workflow.js/docs/guides/CLI_USAGE_GUIDE.md
[2026-03-05T23:07:16.985Z] Archived: /home/mpb/Documents/GitHub/ai_workflow.js/docs/guides/CONFIGURATION_GUIDE.md
[2026-03-05T23:07:16.985Z] Archived outdated: /home/mpb/Documents/GitHub/ai_workflow.js/docs/guides/CONFIGURATION_GUIDE.md
[2026-03-05T23:07:16.986Z] Archived: /home/mpb/Documents/GitHub/ai_workflow.js/docs/guides/PHASE_C_COMPLETION_SUMMARY.md
[2026-03-05T23:07:16.986Z] Archived outdated: /home/mpb/Documents/GitHub/ai_workflow.js/docs/guides/PHASE_C_COMPLETION_SUMMARY.md
[2026-03-05T23:07:16.986Z] Archived: /home/mpb/Documents/GitHub/ai_workflow.js/docs/guides/TESTING_GUIDE.md
[2026-03-05T23:07:16.986Z] Archived outdated: /home/mpb/Documents/GitHub/ai_workflow.js/docs/guides/TESTING_GUIDE.md
[2026-03-05T23:07:16.986Z] Archived: /home/mpb/Documents/GitHub/ai_workflow.js/docs/guides/TEST_SPLITTING.md
[2026-03-05T23:07:16.986Z] Archived outdated: /home/mpb/Documents/GitHub/ai_workflow.js/docs/guides/TEST_SPLITTING.md
[2026-03-05T23:07:16.987Z] Archived: /home/mpb/Documents/GitHub/ai_workflow.js/docs/guides/TROUBLESHOOTING.md
[2026-03-05T23:07:16.987Z] Archived outdated: /home/mpb/Documents/GitHub/ai_workflow.js/docs/guides/TROUBLESHOOTING.md
[2026-03-05T23:07:16.987Z] Archived: /home/mpb/Documents/GitHub/ai_workflow.js/docs/guides/USER_GUIDE.md
[2026-03-05T23:07:16.987Z] Archived outdated: /home/mpb/Documents/GitHub/ai_workflow.js/docs/guides/USER_GUIDE.md
[2026-03-05T23:07:16.987Z] Archived: /home/mpb/Documents/GitHub/ai_workflow.js/docs/guides/VALIDATION_SCRIPTS.md
[2026-03-05T23:07:16.987Z] Archived outdated: /home/mpb/Documents/GitHub/ai_workflow.js/docs/guides/VALIDATION_SCRIPTS.md
[2026-03-05T23:07:16.988Z] Archived: /home/mpb/Documents/GitHub/ai_workflow.js/docs/misc/documentation_analysis_parallel.md
[2026-03-05T23:07:16.988Z] Archived outdated: /home/mpb/Documents/GitHub/ai_workflow.js/docs/misc/documentation_analysis_parallel.md
[2026-03-05T23:07:16.988Z] Archived: /home/mpb/Documents/GitHub/ai_workflow.js/docs/misc/documentation_updates.md
[2026-03-05T23:07:16.988Z] Archived outdated: /home/mpb/Documents/GitHub/ai_workflow.js/docs/misc/documentation_updates.md
[2026-03-05T23:07:16.988Z] Archived: /home/mpb/Documents/GitHub/ai_workflow.js/docs/reference/CLI_REFERENCE.md
[2026-03-05T23:07:16.988Z] Archived outdated: /home/mpb/Documents/GitHub/ai_workflow.js/docs/reference/CLI_REFERENCE.md
[2026-03-05T23:07:16.988Z] Archived: /home/mpb/Documents/GitHub/ai_workflow.js/docs/reference/COMMIT_HISTORY_SCHEMA.md
[2026-03-05T23:07:16.988Z] Archived outdated: /home/mpb/Documents/GitHub/ai_workflow.js/docs/reference/COMMIT_HISTORY_SCHEMA.md
[2026-03-05T23:07:16.988Z] Archived: /home/mpb/Documents/GitHub/ai_workflow.js/docs/reference/CONFIGURATION_SCHEMA.md
[2026-03-05T23:07:16.989Z] Archived outdated: /home/mpb/Documents/GitHub/ai_workflow.js/docs/reference/CONFIGURATION_SCHEMA.md
[2026-03-05T23:07:16.989Z] Archived: /home/mpb/Documents/GitHub/ai_workflow.js/docs/reference/ERROR_CODES.md
[2026-03-05T23:07:16.989Z] Archived outdated: /home/mpb/Documents/GitHub/ai_workflow.js/docs/reference/ERROR_CODES.md
[2026-03-05T23:07:16.989Z] Archived: /home/mpb/Documents/GitHub/ai_workflow.js/docs/reports/analysis/CLI_ENHANCEMENT_SUMMARY.md
[2026-03-05T23:07:16.989Z] Archived outdated: /home/mpb/Documents/GitHub/ai_workflow.js/docs/reports/analysis/CLI_ENHANCEMENT_SUMMARY.md
[2026-03-05T23:07:16.989Z] Archived: /home/mpb/Documents/GitHub/ai_workflow.js/docs/reports/analysis/CORRECTION_REPORT.md
[2026-03-05T23:07:16.989Z] Archived outdated: /home/mpb/Documents/GitHub/ai_workflow.js/docs/reports/analysis/CORRECTION_REPORT.md
[2026-03-05T23:07:16.990Z] Archived: /home/mpb/Documents/GitHub/ai_workflow.js/docs/reports/analysis/SCRIPT_VALIDATION_REPORT.md
[2026-03-05T23:07:16.990Z] Archived outdated: /home/mpb/Documents/GitHub/ai_workflow.js/docs/reports/analysis/SCRIPT_VALIDATION_REPORT.md
[2026-03-05T23:07:16.990Z] Archived: /home/mpb/Documents/GitHub/ai_workflow.js/docs/reports/bugfixes/BUGFIX_SUMMARY_2026_02_17.md
[2026-03-05T23:07:16.990Z] Archived outdated: /home/mpb/Documents/GitHub/ai_workflow.js/docs/reports/bugfixes/BUGFIX_SUMMARY_2026_02_17.md
[2026-03-05T23:07:16.990Z] Archived: /home/mpb/Documents/GitHub/ai_workflow.js/docs/reports/implementation/MIGRATION_PLAN.md
[2026-03-05T23:07:16.990Z] Archived outdated: /home/mpb/Documents/GitHub/ai_workflow.js/docs/reports/implementation/MIGRATION_PLAN.md
[2026-03-05T23:07:16.991Z] Archived: /home/mpb/Documents/GitHub/ai_workflow.js/docs/testing/REGRESSION_TESTS_2026_02_17.md
[2026-03-05T23:07:16.991Z] Archived outdated: /home/mpb/Documents/GitHub/ai_workflow.js/docs/testing/REGRESSION_TESTS_2026_02_17.md
[2026-03-05T23:07:16.991Z] Archived: /home/mpb/Documents/GitHub/ai_workflow.js/docs/tutorials/YOUR_FIRST_WORKFLOW.md
[2026-03-05T23:07:16.991Z] Archived outdated: /home/mpb/Documents/GitHub/ai_workflow.js/docs/tutorials/YOUR_FIRST_WORKFLOW.md
[2026-03-05T23:07:16.991Z] Archived 61 outdated files
[2026-03-05T23:07:16.992Z] Phase 7: Generating Report
[2026-03-05T23:07:16.992Z] Generating optimization report...
[2026-03-05T23:07:16.993Z] Report saved: /home/mpb/Documents/GitHub/ai_workflow.js/.ai_workflow/archive/docs/20260305_200716/optimization_report.md
[2026-03-05T23:07:16.994Z] 
📊 Optimization Complete!
═══════════════════════
  Files analyzed: 118
  Files optimized: 61
  Size saved: 0KB (0%)
  Token savings: ~0

[2026-03-05T23:07:16.994Z] 
Full report: /home/mpb/Documents/GitHub/ai_workflow.js/.ai_workflow/archive/docs/20260305_200716/optimization_report.md
[2026-03-05T23:07:16.994Z] ✓ Workflow complete (4s)
[2026-03-05T23:07:16.994Z] ✓ Step step_02_5 completed in 4467ms
[2026-03-05T23:07:16.994Z] [DEBUG] [Performance] step_02_5: 4.5s
[2026-03-05T23:07:16.994Z] [DEBUG] Recorded outcome for step_02_5: success
[2026-03-05T23:07:16.994Z] ✓ Completed: Documentation Optimization (4s)
