[2026-03-05T23:06:00.295Z] 
→ Starting: Bootstrap Documentation
[2026-03-05T23:06:00.296Z] [DEBUG] Step0bBootstrapDocs.execute()
[2026-03-05T23:06:00.296Z] ════════════════════════════════════════════════════════════
[2026-03-05T23:06:00.296Z] 🔷  Step 0b: Documentation Gap Analysis and Generation
[2026-03-05T23:06:00.296Z] ════════════════════════════════════════════════════════════
[2026-03-05T23:06:00.296Z] Phase 1: Gathering project statistics...
[2026-03-05T23:06:00.296Z] [DEBUG] Gathering project statistics by scanning files...
[2026-03-05T23:06:00.296Z] [DEBUG] Listing all files in the project directory...
[2026-03-05T23:06:00.296Z] [DEBUG] Project root: /home/mpb/Documents/GitHub/ai_workflow.js
[2026-03-05T23:06:00.324Z] [DEBUG] Total files found: 1128
[2026-03-05T23:06:00.325Z] [DEBUG] Converting to relative paths...
[2026-03-05T23:06:00.334Z] Project has 581 documentation files and 245 source files
[2026-03-05T23:06:00.334Z] README.md size: 15078 bytes, Has CHANGELOG: true, Has docs/ directory: true
[2026-03-05T23:06:00.334Z] Phase 2: Evaluating documentation coverage...
[2026-03-05T23:06:00.334Z] Step 0b: Documentation coverage adequate - no bootstrap needed
[2026-03-05T23:06:00.335Z] ✓ Step step_0b completed in 40ms
[2026-03-05T23:06:00.335Z] [DEBUG] [Performance] step_0b: 40ms
[2026-03-05T23:06:00.335Z] [DEBUG] Recorded outcome for step_0b: success
[2026-03-05T23:06:00.335Z] ✓ Completed: Bootstrap Documentation (0s)
