[2026-02-26T14:17:18.332Z] 
→ Starting: Bootstrap Documentation
[2026-02-26T14:17:18.333Z] [DEBUG] Step0bBootstrapDocs.execute()
[2026-02-26T14:17:18.333Z] ════════════════════════════════════════════════════════════
[2026-02-26T14:17:18.333Z] 🔷  Step 0b: Documentation Gap Analysis and Generation
[2026-02-26T14:17:18.333Z] ════════════════════════════════════════════════════════════
[2026-02-26T14:17:18.333Z] Phase 1: Gathering project statistics...
[2026-02-26T14:17:18.334Z] [DEBUG] Gathering project statistics by scanning files...
[2026-02-26T14:17:18.334Z] [DEBUG] Listing all files in the project directory...
[2026-02-26T14:17:18.334Z] [DEBUG] Project root: /home/mpb/Documents/GitHub/ai_workflow.js
[2026-02-26T14:17:18.349Z] [DEBUG] Total files found: 731
[2026-02-26T14:17:18.349Z] [DEBUG] Converting to relative paths...
[2026-02-26T14:17:18.357Z] Project has 271 documentation files and 211 source files
[2026-02-26T14:17:18.357Z] README.md size: 13808 bytes, Has CHANGELOG: true, Has docs/ directory: true
[2026-02-26T14:17:18.357Z] Phase 2: Evaluating documentation coverage...
[2026-02-26T14:17:18.358Z] Step 0b: Sufficient documentation exists (271 files) - skipping bootstrap
[2026-02-26T14:17:18.358Z] ✓ Step step_0b completed in 27ms
[2026-02-26T14:17:18.359Z] [DEBUG] [Performance] step_0b: 27ms
[2026-02-26T14:17:18.359Z] [DEBUG] Recorded outcome for step_0b: success
[2026-02-26T14:17:18.359Z] ✓ Completed: Bootstrap Documentation (0s)
