[2026-02-26T14:17:18.164Z] 
→ Starting: Pre-Analysis
[2026-02-26T14:17:18.165Z] ════════════════════════════════════════════════════════════
[2026-02-26T14:17:18.165Z] 🔷  Step 0: Pre-Analysis - Analyzing Recent Changes
[2026-02-26T14:17:18.165Z] ════════════════════════════════════════════════════════════
[2026-02-26T14:17:18.265Z] Commits ahead of remote: 0
[2026-02-26T14:17:18.265Z] Modified files: 753
[2026-02-26T14:17:18.273Z] ✓ Project kind from config: nodejs_automation (configured)
[2026-02-26T14:17:18.315Z] ✓ Pre-analysis complete:
  • Commits ahead: 0
  • Modified files: 753
  • Change scope: full-stack
  • Documentation: 3 files
  • Tests: 23 files
  • Source: 18 files
  • Config: 3 files
  • Project kind: nodejs_automation (100% confidence)

[2026-02-26T14:17:18.329Z] ✓ Step step_00 completed in 166ms
[2026-02-26T14:17:18.330Z] [DEBUG] [Performance] step_00: 166ms
[2026-02-26T14:17:18.331Z] [DEBUG] Recorded outcome for step_00: success
[2026-02-26T14:17:18.331Z] ✓ Completed: Pre-Analysis (0s)
