[2026-02-26T14:21:56.133Z] 
→ Starting: Documentation Optimization
[2026-02-26T14:21:56.134Z] Documentation optimization initialized
[2026-02-26T14:21:56.134Z] ════════════════════════════════════════════════════════════
[2026-02-26T14:21:56.134Z] 🔷  Step 2.5: Documentation Optimization
[2026-02-26T14:21:56.134Z] ════════════════════════════════════════════════════════════
[2026-02-26T14:21:56.137Z] Phase 1: Heuristics Analysis (103 files)
[2026-02-26T14:21:56.153Z] Calculating content hashes...
[2026-02-26T14:21:56.161Z] Found 0 duplicate groups (0 redundant files)
[2026-02-26T14:21:56.162Z] Analyzing document similarity...
[2026-02-26T14:21:58.582Z] Found 0 redundant pairs above 80% similarity
[2026-02-26T14:21:58.582Z] Found 0 exact duplicates, 0 redundant pairs
[2026-02-26T14:21:58.582Z] Phase 2: Git History Analysis
[2026-02-26T14:21:58.582Z] Analyzing git history for 103 files...
[2026-02-26T14:21:59.932Z] Completed git analysis for 103 files
[2026-02-26T14:21:59.933Z] Found 0 outdated files
[2026-02-26T14:21:59.933Z] Phase 3: Version Reference Analysis
[2026-02-26T14:21:59.936Z] Detected version from package.json: 1.3.0
[2026-02-26T14:21:59.936Z] Analyzing version references in 103 files (current: 1.3.0)...
[2026-02-26T14:21:59.987Z] Completed version analysis for 103 files
[2026-02-26T14:21:59.987Z] Version analysis complete (0 total outdated)
[2026-02-26T14:21:59.988Z] Phase 4: AI Edge Case Analysis (skipped - no AI analyzer)
[2026-02-26T14:21:59.988Z] Phase 5: Optimization Summary
[2026-02-26T14:21:59.988Z] 
📊 Analysis Results:
───────────────────
  Total files analyzed: 103
  Exact duplicates: 0
  Redundant pairs: 0
  Outdated files: 0
  Files to optimize: 0

[2026-02-26T14:21:59.988Z] No optimizations needed
[2026-02-26T14:21:59.988Z] ✓ Workflow complete (4s)
[2026-02-26T14:21:59.988Z] ✓ Step step_02_5 completed in 3856ms
[2026-02-26T14:21:59.988Z] [DEBUG] [Performance] step_02_5: 3.9s
[2026-02-26T14:21:59.988Z] [DEBUG] Recorded outcome for step_02_5: success
[2026-02-26T14:21:59.988Z] ✓ Completed: Documentation Optimization (4s)
