[2026-02-26T15:31:06.460Z] 
→ Starting: Documentation Optimization
[2026-02-26T15:31:06.461Z] Documentation optimization initialized
[2026-02-26T15:31:06.461Z] ════════════════════════════════════════════════════════════
[2026-02-26T15:31:06.461Z] 🔷  Step 2.5: Documentation Optimization
[2026-02-26T15:31:06.461Z] ════════════════════════════════════════════════════════════
[2026-02-26T15:31:06.464Z] Phase 1: Heuristics Analysis (103 files)
[2026-02-26T15:31:06.489Z] Calculating content hashes...
[2026-02-26T15:31:06.494Z] Found 0 duplicate groups (0 redundant files)
[2026-02-26T15:31:06.495Z] Analyzing document similarity...
[2026-02-26T15:31:08.517Z] Found 0 redundant pairs above 80% similarity
[2026-02-26T15:31:08.517Z] Found 0 exact duplicates, 0 redundant pairs
[2026-02-26T15:31:08.517Z] Phase 2: Git History Analysis
[2026-02-26T15:31:08.517Z] Analyzing git history for 103 files...
[2026-02-26T15:31:09.846Z] Completed git analysis for 103 files
[2026-02-26T15:31:09.847Z] Found 0 outdated files
[2026-02-26T15:31:09.847Z] Phase 3: Version Reference Analysis
[2026-02-26T15:31:09.849Z] Detected version from package.json: 1.3.1
[2026-02-26T15:31:09.849Z] Analyzing version references in 103 files (current: 1.3.1)...
[2026-02-26T15:31:09.878Z] Completed version analysis for 103 files
[2026-02-26T15:31:09.878Z] Version analysis complete (0 total outdated)
[2026-02-26T15:31:09.878Z] Phase 4: AI Edge Case Analysis (skipped - no AI analyzer)
[2026-02-26T15:31:09.878Z] Phase 5: Optimization Summary
[2026-02-26T15:31:09.878Z] 
📊 Analysis Results:
───────────────────
  Total files analyzed: 103
  Exact duplicates: 0
  Redundant pairs: 0
  Outdated files: 0
  Files to optimize: 0

[2026-02-26T15:31:09.878Z] No optimizations needed
[2026-02-26T15:31:09.878Z] ✓ Workflow complete (3s)
[2026-02-26T15:31:09.879Z] ✓ Step step_02_5 completed in 3420ms
[2026-02-26T15:31:09.879Z] [DEBUG] [Performance] step_02_5: 3.4s
[2026-02-26T15:31:09.879Z] [DEBUG] Recorded outcome for step_02_5: success
[2026-02-26T15:31:09.879Z] ✓ Completed: Documentation Optimization (3s)
