[2026-02-26T15:30:51.569Z] 
→ Starting: Pre-Analysis
[2026-02-26T15:30:51.570Z] ════════════════════════════════════════════════════════════
[2026-02-26T15:30:51.570Z] 🔷  Step 0: Pre-Analysis - Analyzing Recent Changes
[2026-02-26T15:30:51.570Z] ════════════════════════════════════════════════════════════
[2026-02-26T15:30:51.618Z] Commits ahead of remote: 0
[2026-02-26T15:30:51.618Z] Modified files: 3
[2026-02-26T15:30:51.627Z] ✓ Project kind from config: nodejs_automation (configured)
[2026-02-26T15:30:51.670Z] ✓ Pre-analysis complete:
  • Commits ahead: 0
  • Modified files: 3
  • Change scope: configuration
  • Documentation: 0 files
  • Tests: 0 files
  • Source: 0 files
  • Config: 1 files
  • Project kind: nodejs_automation (100% confidence)

[2026-02-26T15:30:51.681Z] ✓ Step step_00 completed in 113ms
[2026-02-26T15:30:51.682Z] [DEBUG] [Performance] step_00: 113ms
[2026-02-26T15:30:51.682Z] [DEBUG] Recorded outcome for step_00: success
[2026-02-26T15:30:51.682Z] ✓ Completed: Pre-Analysis (0s)
