[2026-02-26T15:30:51.683Z] 
→ Starting: Bootstrap Documentation
[2026-02-26T15:30:51.684Z] [DEBUG] Step0bBootstrapDocs.execute()
[2026-02-26T15:30:51.684Z] ════════════════════════════════════════════════════════════
[2026-02-26T15:30:51.684Z] 🔷  Step 0b: Documentation Gap Analysis and Generation
[2026-02-26T15:30:51.684Z] ════════════════════════════════════════════════════════════
[2026-02-26T15:30:51.684Z] Phase 1: Gathering project statistics...
[2026-02-26T15:30:51.684Z] [DEBUG] Gathering project statistics by scanning files...
[2026-02-26T15:30:51.684Z] [DEBUG] Listing all files in the project directory...
[2026-02-26T15:30:51.684Z] [DEBUG] Project root: /home/mpb/Documents/GitHub/ai_workflow.js
[2026-02-26T15:30:51.713Z] [DEBUG] Total files found: 863
[2026-02-26T15:30:51.713Z] [DEBUG] Converting to relative paths...
[2026-02-26T15:30:51.724Z] Project has 336 documentation files and 211 source files
[2026-02-26T15:30:51.724Z] README.md size: 13808 bytes, Has CHANGELOG: true, Has docs/ directory: true
[2026-02-26T15:30:51.724Z] Phase 2: Evaluating documentation coverage...
[2026-02-26T15:30:51.724Z] Step 0b: Sufficient documentation exists (336 files) - skipping bootstrap
[2026-02-26T15:30:51.725Z] ✓ Step step_0b completed in 42ms
[2026-02-26T15:30:51.725Z] [DEBUG] [Performance] step_0b: 42ms
[2026-02-26T15:30:51.725Z] [DEBUG] Recorded outcome for step_0b: success
[2026-02-26T15:30:51.725Z] ✓ Completed: Bootstrap Documentation (0s)
