[2026-02-26T17:17:15.761Z] 
→ Starting: Documentation Optimization
[2026-02-26T17:17:15.762Z] Documentation optimization initialized
[2026-02-26T17:17:15.762Z] ════════════════════════════════════════════════════════════
[2026-02-26T17:17:15.762Z] 🔷  Step 2.5: Documentation Optimization
[2026-02-26T17:17:15.762Z] ════════════════════════════════════════════════════════════
[2026-02-26T17:17:15.763Z] Phase 1: Heuristics Analysis (103 files)
[2026-02-26T17:17:15.769Z] Calculating content hashes...
[2026-02-26T17:17:15.771Z] Found 0 duplicate groups (0 redundant files)
[2026-02-26T17:17:15.771Z] Analyzing document similarity...
[2026-02-26T17:17:17.442Z] Found 0 redundant pairs above 80% similarity
[2026-02-26T17:17:17.442Z] Found 0 exact duplicates, 0 redundant pairs
[2026-02-26T17:17:17.442Z] Phase 2: Git History Analysis
[2026-02-26T17:17:17.442Z] Analyzing git history for 103 files...
[2026-02-26T17:17:18.119Z] Completed git analysis for 103 files
[2026-02-26T17:17:18.119Z] Found 0 outdated files
[2026-02-26T17:17:18.119Z] Phase 3: Version Reference Analysis
[2026-02-26T17:17:18.120Z] Detected version from package.json: 1.3.5
[2026-02-26T17:17:18.120Z] Analyzing version references in 103 files (current: 1.3.5)...
[2026-02-26T17:17:18.130Z] Completed version analysis for 103 files
[2026-02-26T17:17:18.130Z] Version analysis complete (0 total outdated)
[2026-02-26T17:17:18.130Z] Phase 4: AI Edge Case Analysis (skipped - no AI analyzer)
[2026-02-26T17:17:18.130Z] Phase 5: Optimization Summary
[2026-02-26T17:17:18.130Z] 
📊 Analysis Results:
───────────────────
  Total files analyzed: 103
  Exact duplicates: 0
  Redundant pairs: 0
  Outdated files: 0
  Files to optimize: 0

[2026-02-26T17:17:18.131Z] No optimizations needed
[2026-02-26T17:17:18.131Z] ✓ Workflow complete (2s)
[2026-02-26T17:17:18.131Z] ✓ Step step_02_5 completed in 2370ms
[2026-02-26T17:17:18.131Z] [DEBUG] [Performance] step_02_5: 2.4s
[2026-02-26T17:17:18.131Z] [DEBUG] Recorded outcome for step_02_5: success
[2026-02-26T17:17:18.131Z] ✓ Completed: Documentation Optimization (2s)
