[2026-02-26T17:17:05.017Z] 
→ Starting: Bootstrap Documentation
[2026-02-26T17:17:05.018Z] [DEBUG] Step0bBootstrapDocs.execute()
[2026-02-26T17:17:05.018Z] ════════════════════════════════════════════════════════════
[2026-02-26T17:17:05.018Z] 🔷  Step 0b: Documentation Gap Analysis and Generation
[2026-02-26T17:17:05.018Z] ════════════════════════════════════════════════════════════
[2026-02-26T17:17:05.018Z] Phase 1: Gathering project statistics...
[2026-02-26T17:17:05.018Z] [DEBUG] Gathering project statistics by scanning files...
[2026-02-26T17:17:05.018Z] [DEBUG] Listing all files in the project directory...
[2026-02-26T17:17:05.018Z] [DEBUG] Project root: /home/mpb/Documents/GitHub/ai_workflow.js
[2026-02-26T17:17:05.024Z] [DEBUG] Total files found: 1026
[2026-02-26T17:17:05.024Z] [DEBUG] Converting to relative paths...
[2026-02-26T17:17:05.027Z] Project has 434 documentation files and 211 source files
[2026-02-26T17:17:05.027Z] README.md size: 13808 bytes, Has CHANGELOG: true, Has docs/ directory: true
[2026-02-26T17:17:05.027Z] Phase 2: Evaluating documentation coverage...
[2026-02-26T17:17:05.027Z] Step 0b: Sufficient documentation exists (434 files) - skipping bootstrap
[2026-02-26T17:17:05.028Z] ✓ Step step_0b completed in 11ms
[2026-02-26T17:17:05.028Z] [DEBUG] [Performance] step_0b: 11ms
[2026-02-26T17:17:05.028Z] [DEBUG] Recorded outcome for step_0b: success
[2026-02-26T17:17:05.028Z] ✓ Completed: Bootstrap Documentation (0s)
