[2026-03-11T21:15:18.969Z] 
→ Starting: Documentation Optimization
[2026-03-11T21:15:18.994Z] Documentation optimization initialized
[2026-03-11T21:15:18.995Z] ════════════════════════════════════════════════════════════
[2026-03-11T21:15:18.995Z] 🔷  Step 2.5: Documentation Optimization
[2026-03-11T21:15:18.995Z] ════════════════════════════════════════════════════════════
[2026-03-11T21:15:19.003Z] Phase 1: Heuristics Analysis (133 files)
[2026-03-11T21:15:19.061Z] Calculating content hashes...
[2026-03-11T21:15:19.069Z] Found 9 duplicate groups (9 redundant files)
[2026-03-11T21:15:19.069Z] Analyzing document similarity...
[2026-03-11T21:15:22.286Z] Found 11 redundant pairs above 80% similarity
[2026-03-11T21:15:22.286Z] Found 9 exact duplicates, 11 redundant pairs
[2026-03-11T21:15:22.287Z] Phase 2: Git History Analysis
[2026-03-11T21:15:22.287Z] Analyzing git history for 133 files...
[2026-03-11T21:15:24.806Z] Completed git analysis for 133 files
[2026-03-11T21:15:24.807Z] Found 0 outdated files
[2026-03-11T21:15:24.807Z] Phase 3: Version Reference Analysis
[2026-03-11T21:15:24.808Z] Detected version from package.json: 1.6.0
[2026-03-11T21:15:24.808Z] Analyzing version references in 133 files (current: 1.6.0)...
[2026-03-11T21:15:24.844Z] Completed version analysis for 133 files
[2026-03-11T21:15:24.845Z] Version analysis complete (68 total outdated)
[2026-03-11T21:15:24.845Z] Phase 4: AI Edge Case Analysis (skipped - no AI analyzer)
[2026-03-11T21:15:24.845Z] Phase 5: Optimization Summary
[2026-03-11T21:15:24.845Z] 
📊 Analysis Results:
───────────────────
  Total files analyzed: 133
  Exact duplicates: 9
  Redundant pairs: 11
  Outdated files: 68
  Files to optimize: 77

[2026-03-11T21:15:24.845Z] Phase 6: Applying Optimizations
[2026-03-11T21:15:24.846Z] Consolidating 9 duplicate groups...
[2026-03-11T21:15:24.847Z] Created archive: /home/mpb/Documents/GitHub/ai_workflow.js/.ai_workflow/archive/docs/20260311_181524
[2026-03-11T21:15:24.848Z] Archived: /home/mpb/Documents/GitHub/ai_workflow.js/docs/api/html/media/WORKFLOW_ENGINE_REQUIREMENTS.md
[2026-03-11T21:15:24.849Z] Archived: /home/mpb/Documents/GitHub/ai_workflow.js/docs/api/html/media/README.md
[2026-03-11T21:15:24.849Z] Archived: /home/mpb/Documents/GitHub/ai_workflow.js/docs/api/html/media/CLEANUP_ARTIFACTS.md
[2026-03-11T21:15:24.850Z] Archived: /home/mpb/Documents/GitHub/ai_workflow.js/docs/api/html/media/CLI_QUICK_REFERENCE.md
[2026-03-11T21:15:24.850Z] Archived: /home/mpb/Documents/GitHub/ai_workflow.js/docs/api/html/media/CLI_USAGE_GUIDE.md
[2026-03-11T21:15:24.850Z] Archived: /home/mpb/Documents/GitHub/ai_workflow.js/docs/api/html/media/PREPARE_RELEASE.md
[2026-03-11T21:15:24.851Z] Archived: /home/mpb/Documents/GitHub/ai_workflow.js/docs/api/html/media/SETUP.md
[2026-03-11T21:15:24.851Z] Archived: /home/mpb/Documents/GitHub/ai_workflow.js/docs/api/html/media/TEST_INTEGRATION.md
[2026-03-11T21:15:24.851Z] Archived: /home/mpb/Documents/GitHub/ai_workflow.js/docs/api/html/media/VALIDATE.md
[2026-03-11T21:15:24.852Z] Consolidation complete: 9 removed, 9 kept
[2026-03-11T21:15:24.852Z] Archiving 68 outdated files...
[2026-03-11T21:15:24.852Z] Created archive: /home/mpb/Documents/GitHub/ai_workflow.js/.ai_workflow/archive/docs/20260311_181524
[2026-03-11T21:15:24.852Z] Archived: /home/mpb/Documents/GitHub/ai_workflow.js/docs/FUNCTIONAL_REQUIREMENTS.md
[2026-03-11T21:15:24.852Z] Archived outdated: /home/mpb/Documents/GitHub/ai_workflow.js/docs/FUNCTIONAL_REQUIREMENTS.md
[2026-03-11T21:15:24.853Z] Archived: /home/mpb/Documents/GitHub/ai_workflow.js/docs/PHASE_C_COMPLETION_SUMMARY.md
[2026-03-11T21:15:24.853Z] Archived outdated: /home/mpb/Documents/GitHub/ai_workflow.js/docs/PHASE_C_COMPLETION_SUMMARY.md
[2026-03-11T21:15:24.853Z] Archived: /home/mpb/Documents/GitHub/ai_workflow.js/docs/PHASE_D_COMPLETION_SUMMARY.md
[2026-03-11T21:15:24.853Z] Archived outdated: /home/mpb/Documents/GitHub/ai_workflow.js/docs/PHASE_D_COMPLETION_SUMMARY.md
[2026-03-11T21:15:24.853Z] Archived: /home/mpb/Documents/GitHub/ai_workflow.js/docs/README.md
[2026-03-11T21:15:24.853Z] Archived outdated: /home/mpb/Documents/GitHub/ai_workflow.js/docs/README.md
[2026-03-11T21:15:24.853Z] Archived: /home/mpb/Documents/GitHub/ai_workflow.js/docs/WORKFLOW_ENGINE_REQUIREMENTS.md
[2026-03-11T21:15:24.853Z] Archived outdated: /home/mpb/Documents/GitHub/ai_workflow.js/docs/WORKFLOW_ENGINE_REQUIREMENTS.md
[2026-03-11T21:15:24.854Z] Archived: /home/mpb/Documents/GitHub/ai_workflow.js/docs/api/API_DOCS_INDEX.md
[2026-03-11T21:15:24.854Z] Archived outdated: /home/mpb/Documents/GitHub/ai_workflow.js/docs/api/API_DOCS_INDEX.md
[2026-03-11T21:15:24.854Z] Archived: /home/mpb/Documents/GitHub/ai_workflow.js/docs/api/EXAMPLES.md
[2026-03-11T21:15:24.854Z] Archived outdated: /home/mpb/Documents/GitHub/ai_workflow.js/docs/api/EXAMPLES.md
[2026-03-11T21:15:24.854Z] Archived: /home/mpb/Documents/GitHub/ai_workflow.js/docs/api/GENERATION_SUMMARY.md
[2026-03-11T21:15:24.854Z] Archived outdated: /home/mpb/Documents/GitHub/ai_workflow.js/docs/api/GENERATION_SUMMARY.md
[2026-03-11T21:15:24.854Z] Archived: /home/mpb/Documents/GitHub/ai_workflow.js/docs/api/README.md
[2026-03-11T21:15:24.854Z] Archived outdated: /home/mpb/Documents/GitHub/ai_workflow.js/docs/api/README.md
[2026-03-11T21:15:24.854Z] Archived: /home/mpb/Documents/GitHub/ai_workflow.js/docs/api/cleanup_handlers.md
[2026-03-11T21:15:24.854Z] Archived outdated: /home/mpb/Documents/GitHub/ai_workflow.js/docs/api/cleanup_handlers.md
[2026-03-11T21:15:24.855Z] Archived: /home/mpb/Documents/GitHub/ai_workflow.js/docs/api/core/colors.md
[2026-03-11T21:15:24.855Z] Archived outdated: /home/mpb/Documents/GitHub/ai_workflow.js/docs/api/core/colors.md
[2026-03-11T21:15:24.855Z] Archived: /home/mpb/Documents/GitHub/ai_workflow.js/docs/api/core/logger.md
[2026-03-11T21:15:24.855Z] Archived outdated: /home/mpb/Documents/GitHub/ai_workflow.js/docs/api/core/logger.md
[2026-03-11T21:15:24.855Z] Archived: /home/mpb/Documents/GitHub/ai_workflow.js/docs/api/core/version.md
[2026-03-11T21:15:24.855Z] Archived outdated: /home/mpb/Documents/GitHub/ai_workflow.js/docs/api/core/version.md
[2026-03-11T21:15:24.855Z] Archived: /home/mpb/Documents/GitHub/ai_workflow.js/docs/api/html/media/CLEANUP_ARTIFACTS.md
[2026-03-11T21:15:24.855Z] Archived outdated: /home/mpb/Documents/GitHub/ai_workflow.js/docs/api/html/media/CLEANUP_ARTIFACTS.md
[2026-03-11T21:15:24.856Z] Archived: /home/mpb/Documents/GitHub/ai_workflow.js/docs/api/html/media/CLI_USAGE_GUIDE.md
[2026-03-11T21:15:24.856Z] Archived outdated: /home/mpb/Documents/GitHub/ai_workflow.js/docs/api/html/media/CLI_USAGE_GUIDE.md
[2026-03-11T21:15:24.856Z] Archived: /home/mpb/Documents/GitHub/ai_workflow.js/docs/api/html/media/FUNCTIONAL_REQUIREMENTS.md
[2026-03-11T21:15:24.856Z] Archived outdated: /home/mpb/Documents/GitHub/ai_workflow.js/docs/api/html/media/FUNCTIONAL_REQUIREMENTS.md
[2026-03-11T21:15:24.856Z] Archived: /home/mpb/Documents/GitHub/ai_workflow.js/docs/api/html/media/MIGRATION_PLAN.md
[2026-03-11T21:15:24.856Z] Archived outdated: /home/mpb/Documents/GitHub/ai_workflow.js/docs/api/html/media/MIGRATION_PLAN.md
[2026-03-11T21:15:24.857Z] Archived: /home/mpb/Documents/GitHub/ai_workflow.js/docs/api/html/media/README.md
[2026-03-11T21:15:24.857Z] Archived outdated: /home/mpb/Documents/GitHub/ai_workflow.js/docs/api/html/media/README.md
[2026-03-11T21:15:24.857Z] Archived: /home/mpb/Documents/GitHub/ai_workflow.js/docs/api/html/media/WORKFLOW_ENGINE_REQUIREMENTS.md
[2026-03-11T21:15:24.857Z] Archived outdated: /home/mpb/Documents/GitHub/ai_workflow.js/docs/api/html/media/WORKFLOW_ENGINE_REQUIREMENTS.md
[2026-03-11T21:15:24.858Z] Archived: /home/mpb/Documents/GitHub/ai_workflow.js/docs/api/lib/analysis_cache.md
[2026-03-11T21:15:24.858Z] Archived outdated: /home/mpb/Documents/GitHub/ai_workflow.js/docs/api/lib/analysis_cache.md
[2026-03-11T21:15:24.858Z] Archived: /home/mpb/Documents/GitHub/ai_workflow.js/docs/api/lib/backlog.md
[2026-03-11T21:15:24.858Z] Archived outdated: /home/mpb/Documents/GitHub/ai_workflow.js/docs/api/lib/backlog.md
[2026-03-11T21:15:24.858Z] Archived: /home/mpb/Documents/GitHub/ai_workflow.js/docs/api/lib/file_operations.md
[2026-03-11T21:15:24.859Z] Archived outdated: /home/mpb/Documents/GitHub/ai_workflow.js/docs/api/lib/file_operations.md
[2026-03-11T21:15:24.859Z] Archived: /home/mpb/Documents/GitHub/ai_workflow.js/docs/api/lib/incremental_analysis.md
[2026-03-11T21:15:24.859Z] Archived outdated: /home/mpb/Documents/GitHub/ai_workflow.js/docs/api/lib/incremental_analysis.md
[2026-03-11T21:15:24.859Z] Archived: /home/mpb/Documents/GitHub/ai_workflow.js/docs/api/lib/jq_wrapper.md
[2026-03-11T21:15:24.859Z] Archived outdated: /home/mpb/Documents/GitHub/ai_workflow.js/docs/api/lib/jq_wrapper.md
[2026-03-11T21:15:24.860Z] Archived: /home/mpb/Documents/GitHub/ai_workflow.js/docs/api/lib/performance.md
[2026-03-11T21:15:24.860Z] Archived outdated: /home/mpb/Documents/GitHub/ai_workflow.js/docs/api/lib/performance.md
[2026-03-11T21:15:24.860Z] Archived: /home/mpb/Documents/GitHub/ai_workflow.js/docs/api/lib/project_kind_config.md
[2026-03-11T21:15:24.860Z] Archived outdated: /home/mpb/Documents/GitHub/ai_workflow.js/docs/api/lib/project_kind_config.md
[2026-03-11T21:15:24.860Z] Archived: /home/mpb/Documents/GitHub/ai_workflow.js/docs/api/lib/project_kind_detection.md
[2026-03-11T21:15:24.860Z] Archived outdated: /home/mpb/Documents/GitHub/ai_workflow.js/docs/api/lib/project_kind_detection.md
[2026-03-11T21:15:24.861Z] Archived: /home/mpb/Documents/GitHub/ai_workflow.js/docs/api/lib/session_manager.md
[2026-03-11T21:15:24.861Z] Archived outdated: /home/mpb/Documents/GitHub/ai_workflow.js/docs/api/lib/session_manager.md
[2026-03-11T21:15:24.861Z] Archived: /home/mpb/Documents/GitHub/ai_workflow.js/docs/api/lib/tech_stack.md
[2026-03-11T21:15:24.861Z] Archived outdated: /home/mpb/Documents/GitHub/ai_workflow.js/docs/api/lib/tech_stack.md
[2026-03-11T21:15:24.861Z] Archived: /home/mpb/Documents/GitHub/ai_workflow.js/docs/api/lib/third_party_exclusion.md
[2026-03-11T21:15:24.861Z] Archived outdated: /home/mpb/Documents/GitHub/ai_workflow.js/docs/api/lib/third_party_exclusion.md
[2026-03-11T21:15:24.861Z] Archived: /home/mpb/Documents/GitHub/ai_workflow.js/docs/api/lib/utils.md
[2026-03-11T21:15:24.862Z] Archived outdated: /home/mpb/Documents/GitHub/ai_workflow.js/docs/api/lib/utils.md
[2026-03-11T21:15:24.862Z] Archived: /home/mpb/Documents/GitHub/ai_workflow.js/docs/api/logger.md
[2026-03-11T21:15:24.862Z] Archived outdated: /home/mpb/Documents/GitHub/ai_workflow.js/docs/api/logger.md
[2026-03-11T21:15:24.862Z] Archived: /home/mpb/Documents/GitHub/ai_workflow.js/docs/api/metrics.md
[2026-03-11T21:15:24.862Z] Archived outdated: /home/mpb/Documents/GitHub/ai_workflow.js/docs/api/metrics.md
[2026-03-11T21:15:24.863Z] Archived: /home/mpb/Documents/GitHub/ai_workflow.js/docs/api/orchestrator/checkpoint_manager.md
[2026-03-11T21:15:24.863Z] Archived outdated: /home/mpb/Documents/GitHub/ai_workflow.js/docs/api/orchestrator/checkpoint_manager.md
[2026-03-11T21:15:24.863Z] Archived: /home/mpb/Documents/GitHub/ai_workflow.js/docs/api/orchestrator/step_registry.md
[2026-03-11T21:15:24.863Z] Archived outdated: /home/mpb/Documents/GitHub/ai_workflow.js/docs/api/orchestrator/step_registry.md
[2026-03-11T21:15:24.864Z] Archived: /home/mpb/Documents/GitHub/ai_workflow.js/docs/api/orchestrator/workflow_engine.md
[2026-03-11T21:15:24.864Z] Archived outdated: /home/mpb/Documents/GitHub/ai_workflow.js/docs/api/orchestrator/workflow_engine.md
[2026-03-11T21:15:24.864Z] Archived: /home/mpb/Documents/GitHub/ai_workflow.js/docs/api/steps/step_01_documentation.md
[2026-03-11T21:15:24.864Z] Archived outdated: /home/mpb/Documents/GitHub/ai_workflow.js/docs/api/steps/step_01_documentation.md
[2026-03-11T21:15:24.864Z] Archived: /home/mpb/Documents/GitHub/ai_workflow.js/docs/api/steps/step_02_consistency.md
[2026-03-11T21:15:24.864Z] Archived outdated: /home/mpb/Documents/GitHub/ai_workflow.js/docs/api/steps/step_02_consistency.md
[2026-03-11T21:15:24.865Z] Archived: /home/mpb/Documents/GitHub/ai_workflow.js/docs/api/utils/errors.md
[2026-03-11T21:15:24.865Z] Archived outdated: /home/mpb/Documents/GitHub/ai_workflow.js/docs/api/utils/errors.md
[2026-03-11T21:15:24.865Z] Archived: /home/mpb/Documents/GitHub/ai_workflow.js/docs/architecture/DEPENDENCY_GRAPH.md
[2026-03-11T21:15:24.865Z] Archived outdated: /home/mpb/Documents/GitHub/ai_workflow.js/docs/architecture/DEPENDENCY_GRAPH.md
[2026-03-11T21:15:24.865Z] Archived: /home/mpb/Documents/GitHub/ai_workflow.js/docs/architecture/DESIGN_PRINCIPLES.md
[2026-03-11T21:15:24.865Z] Archived outdated: /home/mpb/Documents/GitHub/ai_workflow.js/docs/architecture/DESIGN_PRINCIPLES.md
[2026-03-11T21:15:24.865Z] Archived: /home/mpb/Documents/GitHub/ai_workflow.js/docs/architecture/MODULE_STRUCTURE.md
[2026-03-11T21:15:24.865Z] Archived outdated: /home/mpb/Documents/GitHub/ai_workflow.js/docs/architecture/MODULE_STRUCTURE.md
[2026-03-11T21:15:24.866Z] Archived: /home/mpb/Documents/GitHub/ai_workflow.js/docs/examples/advanced/README.md
[2026-03-11T21:15:24.866Z] Archived outdated: /home/mpb/Documents/GitHub/ai_workflow.js/docs/examples/advanced/README.md
[2026-03-11T21:15:24.866Z] Archived: /home/mpb/Documents/GitHub/ai_workflow.js/docs/examples/basic/README.md
[2026-03-11T21:15:24.866Z] Archived outdated: /home/mpb/Documents/GitHub/ai_workflow.js/docs/examples/basic/README.md
[2026-03-11T21:15:24.866Z] Archived: /home/mpb/Documents/GitHub/ai_workflow.js/docs/getting-started/FIRST_WORKFLOW.md
[2026-03-11T21:15:24.866Z] Archived outdated: /home/mpb/Documents/GitHub/ai_workflow.js/docs/getting-started/FIRST_WORKFLOW.md
[2026-03-11T21:15:24.866Z] Archived: /home/mpb/Documents/GitHub/ai_workflow.js/docs/getting-started/QUICK_START.md
[2026-03-11T21:15:24.866Z] Archived outdated: /home/mpb/Documents/GitHub/ai_workflow.js/docs/getting-started/QUICK_START.md
[2026-03-11T21:15:24.867Z] Archived: /home/mpb/Documents/GitHub/ai_workflow.js/docs/guides/CLEANUP_ARTIFACTS.md
[2026-03-11T21:15:24.867Z] Archived outdated: /home/mpb/Documents/GitHub/ai_workflow.js/docs/guides/CLEANUP_ARTIFACTS.md
[2026-03-11T21:15:24.867Z] Archived: /home/mpb/Documents/GitHub/ai_workflow.js/docs/guides/CLI_USAGE_GUIDE.md
[2026-03-11T21:15:24.867Z] Archived outdated: /home/mpb/Documents/GitHub/ai_workflow.js/docs/guides/CLI_USAGE_GUIDE.md
[2026-03-11T21:15:24.867Z] Archived: /home/mpb/Documents/GitHub/ai_workflow.js/docs/guides/CONFIGURATION_GUIDE.md
[2026-03-11T21:15:24.867Z] Archived outdated: /home/mpb/Documents/GitHub/ai_workflow.js/docs/guides/CONFIGURATION_GUIDE.md
[2026-03-11T21:15:24.867Z] Archived: /home/mpb/Documents/GitHub/ai_workflow.js/docs/guides/PHASE_C_COMPLETION_SUMMARY.md
[2026-03-11T21:15:24.867Z] Archived outdated: /home/mpb/Documents/GitHub/ai_workflow.js/docs/guides/PHASE_C_COMPLETION_SUMMARY.md
[2026-03-11T21:15:24.867Z] Archived: /home/mpb/Documents/GitHub/ai_workflow.js/docs/guides/TESTING_GUIDE.md
[2026-03-11T21:15:24.867Z] Archived outdated: /home/mpb/Documents/GitHub/ai_workflow.js/docs/guides/TESTING_GUIDE.md
[2026-03-11T21:15:24.868Z] Archived: /home/mpb/Documents/GitHub/ai_workflow.js/docs/guides/TEST_SPLITTING.md
[2026-03-11T21:15:24.868Z] Archived outdated: /home/mpb/Documents/GitHub/ai_workflow.js/docs/guides/TEST_SPLITTING.md
[2026-03-11T21:15:24.868Z] Archived: /home/mpb/Documents/GitHub/ai_workflow.js/docs/guides/TROUBLESHOOTING.md
[2026-03-11T21:15:24.868Z] Archived outdated: /home/mpb/Documents/GitHub/ai_workflow.js/docs/guides/TROUBLESHOOTING.md
[2026-03-11T21:15:24.868Z] Archived: /home/mpb/Documents/GitHub/ai_workflow.js/docs/guides/USER_GUIDE.md
[2026-03-11T21:15:24.868Z] Archived outdated: /home/mpb/Documents/GitHub/ai_workflow.js/docs/guides/USER_GUIDE.md
[2026-03-11T21:15:24.868Z] Archived: /home/mpb/Documents/GitHub/ai_workflow.js/docs/guides/VALIDATION_SCRIPTS.md
[2026-03-11T21:15:24.868Z] Archived outdated: /home/mpb/Documents/GitHub/ai_workflow.js/docs/guides/VALIDATION_SCRIPTS.md
[2026-03-11T21:15:24.868Z] Archived: /home/mpb/Documents/GitHub/ai_workflow.js/docs/misc/documentation_analysis_parallel.md
[2026-03-11T21:15:24.868Z] Archived outdated: /home/mpb/Documents/GitHub/ai_workflow.js/docs/misc/documentation_analysis_parallel.md
[2026-03-11T21:15:24.869Z] Archived: /home/mpb/Documents/GitHub/ai_workflow.js/docs/misc/documentation_updates.md
[2026-03-11T21:15:24.869Z] Archived outdated: /home/mpb/Documents/GitHub/ai_workflow.js/docs/misc/documentation_updates.md
[2026-03-11T21:15:24.869Z] Archived: /home/mpb/Documents/GitHub/ai_workflow.js/docs/reference/CLI_REFERENCE.md
[2026-03-11T21:15:24.869Z] Archived outdated: /home/mpb/Documents/GitHub/ai_workflow.js/docs/reference/CLI_REFERENCE.md
[2026-03-11T21:15:24.869Z] Archived: /home/mpb/Documents/GitHub/ai_workflow.js/docs/reference/COMMIT_HISTORY_SCHEMA.md
[2026-03-11T21:15:24.869Z] Archived outdated: /home/mpb/Documents/GitHub/ai_workflow.js/docs/reference/COMMIT_HISTORY_SCHEMA.md
[2026-03-11T21:15:24.870Z] Archived: /home/mpb/Documents/GitHub/ai_workflow.js/docs/reference/CONFIGURATION_SCHEMA.md
[2026-03-11T21:15:24.870Z] Archived outdated: /home/mpb/Documents/GitHub/ai_workflow.js/docs/reference/CONFIGURATION_SCHEMA.md
[2026-03-11T21:15:24.870Z] Archived: /home/mpb/Documents/GitHub/ai_workflow.js/docs/reference/ERROR_CODES.md
[2026-03-11T21:15:24.870Z] Archived outdated: /home/mpb/Documents/GitHub/ai_workflow.js/docs/reference/ERROR_CODES.md
[2026-03-11T21:15:24.870Z] Archived: /home/mpb/Documents/GitHub/ai_workflow.js/docs/reports/analysis/CLI_ENHANCEMENT_SUMMARY.md
[2026-03-11T21:15:24.870Z] Archived outdated: /home/mpb/Documents/GitHub/ai_workflow.js/docs/reports/analysis/CLI_ENHANCEMENT_SUMMARY.md
[2026-03-11T21:15:24.870Z] Archived: /home/mpb/Documents/GitHub/ai_workflow.js/docs/reports/analysis/CORRECTION_REPORT.md
[2026-03-11T21:15:24.870Z] Archived outdated: /home/mpb/Documents/GitHub/ai_workflow.js/docs/reports/analysis/CORRECTION_REPORT.md
[2026-03-11T21:15:24.871Z] Archived: /home/mpb/Documents/GitHub/ai_workflow.js/docs/reports/analysis/SCRIPT_VALIDATION_REPORT.md
[2026-03-11T21:15:24.871Z] Archived outdated: /home/mpb/Documents/GitHub/ai_workflow.js/docs/reports/analysis/SCRIPT_VALIDATION_REPORT.md
[2026-03-11T21:15:24.871Z] Archived: /home/mpb/Documents/GitHub/ai_workflow.js/docs/reports/bugfixes/BUGFIX_SUMMARY_2026_02_17.md
[2026-03-11T21:15:24.871Z] Archived outdated: /home/mpb/Documents/GitHub/ai_workflow.js/docs/reports/bugfixes/BUGFIX_SUMMARY_2026_02_17.md
[2026-03-11T21:15:24.871Z] Archived: /home/mpb/Documents/GitHub/ai_workflow.js/docs/reports/implementation/MIGRATION_PLAN.md
[2026-03-11T21:15:24.871Z] Archived outdated: /home/mpb/Documents/GitHub/ai_workflow.js/docs/reports/implementation/MIGRATION_PLAN.md
[2026-03-11T21:15:24.872Z] Archived: /home/mpb/Documents/GitHub/ai_workflow.js/docs/testing/REGRESSION_TESTS_2026_02_17.md
[2026-03-11T21:15:24.872Z] Archived outdated: /home/mpb/Documents/GitHub/ai_workflow.js/docs/testing/REGRESSION_TESTS_2026_02_17.md
[2026-03-11T21:15:24.872Z] Archived: /home/mpb/Documents/GitHub/ai_workflow.js/docs/tutorials/YOUR_FIRST_WORKFLOW.md
[2026-03-11T21:15:24.872Z] Archived outdated: /home/mpb/Documents/GitHub/ai_workflow.js/docs/tutorials/YOUR_FIRST_WORKFLOW.md
[2026-03-11T21:15:24.872Z] Archived 68 outdated files
[2026-03-11T21:15:24.872Z] Phase 7: Generating Report
[2026-03-11T21:15:24.873Z] Generating optimization report...
[2026-03-11T21:15:24.874Z] Report saved: /home/mpb/Documents/GitHub/ai_workflow.js/.ai_workflow/archive/docs/20260311_181524/optimization_report.md
[2026-03-11T21:15:24.874Z] 
📊 Optimization Complete!
═══════════════════════
  Files analyzed: 133
  Files optimized: 77
  Size saved: 0KB (0%)
  Token savings: ~0

[2026-03-11T21:15:24.874Z] 
Full report: /home/mpb/Documents/GitHub/ai_workflow.js/.ai_workflow/archive/docs/20260311_181524/optimization_report.md
[2026-03-11T21:15:24.874Z] ✓ Workflow complete (6s)
[2026-03-11T21:15:24.874Z] ✓ Step step_02_5 completed in 5905ms
[2026-03-11T21:15:24.875Z] [DEBUG] [Performance] step_02_5: 5.9s
[2026-03-11T21:15:24.875Z] ⚠ [WARNING] Operation 'step_02_5' took 5.9s (memory: 73.04MB)
[2026-03-11T21:15:24.875Z] [DEBUG] Recorded outcome for step_02_5: success
[2026-03-11T21:15:24.875Z] ✓ Completed: Documentation Optimization (6s)
