[2026-03-11T21:13:17.575Z] 
→ Starting: Pre-Analysis
[2026-03-11T21:13:17.608Z] ════════════════════════════════════════════════════════════
[2026-03-11T21:13:17.608Z] 🔷  Step 0: Pre-Analysis - Analyzing Recent Changes
[2026-03-11T21:13:17.608Z] ════════════════════════════════════════════════════════════
[2026-03-11T21:13:17.806Z] Commits ahead of remote: 0
[2026-03-11T21:13:17.806Z] Modified files: 64
[2026-03-11T21:13:17.815Z] ✓ Project kind from config: nodejs_automation (configured)
[2026-03-11T21:13:17.896Z] ✓ Pre-analysis complete:
  • Commits ahead: 0
  • Modified files: 64
  • Change scope: full-stack
  • Documentation: 3 files
  • Tests: 25 files
  • Source: 3 files
  • Config: 6 files
  • Project kind: nodejs_automation (100% confidence)

[2026-03-11T21:13:17.911Z] ✓ Step step_00 completed in 338ms
[2026-03-11T21:13:17.913Z] [DEBUG] [Performance] step_00: 338ms
[2026-03-11T21:13:17.914Z] [DEBUG] Recorded outcome for step_00: success
[2026-03-11T21:13:17.914Z] ✓ Completed: Pre-Analysis (0s)
