[2026-03-11T21:13:17.915Z] 
→ Starting: Bootstrap Documentation
[2026-03-11T21:13:17.942Z] [DEBUG] Step0bBootstrapDocs.execute()
[2026-03-11T21:13:17.942Z] ════════════════════════════════════════════════════════════
[2026-03-11T21:13:17.942Z] 🔷  Step 0b: Documentation Gap Analysis and Generation
[2026-03-11T21:13:17.942Z] ════════════════════════════════════════════════════════════
[2026-03-11T21:13:17.942Z] Phase 1: Gathering project statistics...
[2026-03-11T21:13:17.943Z] [DEBUG] Gathering project statistics by scanning files...
[2026-03-11T21:13:17.943Z] [DEBUG] Listing all files in the project directory...
[2026-03-11T21:13:17.943Z] [DEBUG] Project root: /home/mpb/Documents/GitHub/ai_workflow.js
[2026-03-11T21:13:17.966Z] [DEBUG] Total files found: 1128
[2026-03-11T21:13:17.966Z] [DEBUG] Converting to relative paths...
[2026-03-11T21:13:17.975Z] Project has 502 documentation files and 299 source files
[2026-03-11T21:13:17.975Z] README.md size: 15078 bytes, Has CHANGELOG: true, Has docs/ directory: true
[2026-03-11T21:13:17.975Z] Phase 2: Evaluating documentation coverage...
[2026-03-11T21:13:17.975Z] Step 0b: Documentation coverage adequate - no bootstrap needed
[2026-03-11T21:13:17.976Z] ✓ Step step_0b completed in 62ms
[2026-03-11T21:13:17.977Z] [DEBUG] [Performance] step_0b: 62ms
[2026-03-11T21:13:17.977Z] [DEBUG] Recorded outcome for step_0b: success
[2026-03-11T21:13:17.977Z] ✓ Completed: Bootstrap Documentation (0s)
