[2026-02-26T17:40:23.106Z] 
→ Starting: Pre-Analysis
[2026-02-26T17:40:23.106Z] ════════════════════════════════════════════════════════════
[2026-02-26T17:40:23.106Z] 🔷  Step 0: Pre-Analysis - Analyzing Recent Changes
[2026-02-26T17:40:23.106Z] ════════════════════════════════════════════════════════════
[2026-02-26T17:40:23.127Z] Working tree is clean — using 220 file(s) from commit history since last run
[2026-02-26T17:40:23.127Z] Commits ahead of remote: 0
[2026-02-26T17:40:23.127Z] Modified files: 220
[2026-02-26T17:40:23.129Z] ✓ Project kind from config: nodejs_automation (configured)
[2026-02-26T17:40:23.153Z] ✓ Pre-analysis complete:
  • Commits ahead: 0
  • Modified files: 220
  • Change scope: mixed-changes
  • Documentation: 0 files
  • Tests: 0 files
  • Source: 0 files
  • Config: 0 files
  • Project kind: nodejs_automation (100% confidence)

[2026-02-26T17:40:23.157Z] ✓ Step step_00 completed in 52ms
[2026-02-26T17:40:23.157Z] [DEBUG] [Performance] step_00: 52ms
[2026-02-26T17:40:23.158Z] [DEBUG] Recorded outcome for step_00: success
[2026-02-26T17:40:23.158Z] ✓ Completed: Pre-Analysis (0s)
