[2026-02-26T17:40:33.122Z] 
→ Starting: Documentation Optimization
[2026-02-26T17:40:33.122Z] Documentation optimization initialized
[2026-02-26T17:40:33.123Z] ════════════════════════════════════════════════════════════
[2026-02-26T17:40:33.123Z] 🔷  Step 2.5: Documentation Optimization
[2026-02-26T17:40:33.123Z] ════════════════════════════════════════════════════════════
[2026-02-26T17:40:33.123Z] Phase 1: Heuristics Analysis (103 files)
[2026-02-26T17:40:33.129Z] Calculating content hashes...
[2026-02-26T17:40:33.131Z] Found 0 duplicate groups (0 redundant files)
[2026-02-26T17:40:33.131Z] Analyzing document similarity...
[2026-02-26T17:40:34.831Z] Found 0 redundant pairs above 80% similarity
[2026-02-26T17:40:34.831Z] Found 0 exact duplicates, 0 redundant pairs
[2026-02-26T17:40:34.832Z] Phase 2: Git History Analysis
[2026-02-26T17:40:34.832Z] Analyzing git history for 103 files...
[2026-02-26T17:40:35.563Z] Completed git analysis for 103 files
[2026-02-26T17:40:35.564Z] Found 0 outdated files
[2026-02-26T17:40:35.564Z] Phase 3: Version Reference Analysis
[2026-02-26T17:40:35.565Z] Detected version from package.json: 1.3.8
[2026-02-26T17:40:35.565Z] Analyzing version references in 103 files (current: 1.3.8)...
[2026-02-26T17:40:35.575Z] Completed version analysis for 103 files
[2026-02-26T17:40:35.576Z] Version analysis complete (0 total outdated)
[2026-02-26T17:40:35.576Z] Phase 4: AI Edge Case Analysis (skipped - no AI analyzer)
[2026-02-26T17:40:35.576Z] Phase 5: Optimization Summary
[2026-02-26T17:40:35.576Z] 
📊 Analysis Results:
───────────────────
  Total files analyzed: 103
  Exact duplicates: 0
  Redundant pairs: 0
  Outdated files: 0
  Files to optimize: 0

[2026-02-26T17:40:35.576Z] No optimizations needed
[2026-02-26T17:40:35.576Z] ✓ Workflow complete (2s)
[2026-02-26T17:40:35.576Z] ✓ Step step_02_5 completed in 2454ms
[2026-02-26T17:40:35.576Z] [DEBUG] [Performance] step_02_5: 2.5s
[2026-02-26T17:40:35.576Z] [DEBUG] Recorded outcome for step_02_5: success
[2026-02-26T17:40:35.576Z] ✓ Completed: Documentation Optimization (2s)
