[2026-02-26T17:40:23.158Z] 
→ Starting: Bootstrap Documentation
[2026-02-26T17:40:23.158Z] [DEBUG] Step0bBootstrapDocs.execute()
[2026-02-26T17:40:23.158Z] ════════════════════════════════════════════════════════════
[2026-02-26T17:40:23.158Z] 🔷  Step 0b: Documentation Gap Analysis and Generation
[2026-02-26T17:40:23.158Z] ════════════════════════════════════════════════════════════
[2026-02-26T17:40:23.158Z] Phase 1: Gathering project statistics...
[2026-02-26T17:40:23.159Z] [DEBUG] Gathering project statistics by scanning files...
[2026-02-26T17:40:23.159Z] [DEBUG] Listing all files in the project directory...
[2026-02-26T17:40:23.159Z] [DEBUG] Project root: /home/mpb/Documents/GitHub/ai_workflow.js
[2026-02-26T17:40:23.165Z] [DEBUG] Total files found: 1112
[2026-02-26T17:40:23.166Z] [DEBUG] Converting to relative paths...
[2026-02-26T17:40:23.172Z] Project has 491 documentation files and 211 source files
[2026-02-26T17:40:23.172Z] README.md size: 13808 bytes, Has CHANGELOG: true, Has docs/ directory: true
[2026-02-26T17:40:23.172Z] Phase 2: Evaluating documentation coverage...
[2026-02-26T17:40:23.172Z] Step 0b: Sufficient documentation exists (491 files) - skipping bootstrap
[2026-02-26T17:40:23.172Z] ✓ Step step_0b completed in 14ms
[2026-02-26T17:40:23.172Z] [DEBUG] [Performance] step_0b: 14ms
[2026-02-26T17:40:23.172Z] [DEBUG] Recorded outcome for step_0b: success
[2026-02-26T17:40:23.172Z] ✓ Completed: Bootstrap Documentation (0s)
