[2026-03-05T01:50:27.516Z] 
→ Starting: Bootstrap Documentation
[2026-03-05T01:50:27.517Z] [DEBUG] Step0bBootstrapDocs.execute()
[2026-03-05T01:50:27.517Z] ════════════════════════════════════════════════════════════
[2026-03-05T01:50:27.517Z] 🔷  Step 0b: Documentation Gap Analysis and Generation
[2026-03-05T01:50:27.517Z] ════════════════════════════════════════════════════════════
[2026-03-05T01:50:27.517Z] Phase 1: Gathering project statistics...
[2026-03-05T01:50:27.517Z] [DEBUG] Gathering project statistics by scanning files...
[2026-03-05T01:50:27.517Z] [DEBUG] Listing all files in the project directory...
[2026-03-05T01:50:27.517Z] [DEBUG] Project root: /home/mpb/Documents/GitHub/ai_workflow.js
[2026-03-05T01:50:27.523Z] [DEBUG] Total files found: 1143
[2026-03-05T01:50:27.523Z] [DEBUG] Converting to relative paths...
[2026-03-05T01:50:27.526Z] Project has 489 documentation files and 243 source files
[2026-03-05T01:50:27.526Z] README.md size: 14577 bytes, Has CHANGELOG: true, Has docs/ directory: true
[2026-03-05T01:50:27.526Z] Phase 2: Evaluating documentation coverage...
[2026-03-05T01:50:27.527Z] Step 0b: Documentation coverage adequate - no bootstrap needed
[2026-03-05T01:50:27.527Z] ✓ Step step_0b completed in 11ms
[2026-03-05T01:50:27.527Z] [DEBUG] [Performance] step_0b: 11ms
[2026-03-05T01:50:27.527Z] [DEBUG] Recorded outcome for step_0b: success
[2026-03-05T01:50:27.527Z] ✓ Completed: Bootstrap Documentation (0s)
