[2026-03-05T01:50:27.447Z] 
→ Starting: Pre-Analysis
[2026-03-05T01:50:27.447Z] ════════════════════════════════════════════════════════════
[2026-03-05T01:50:27.447Z] 🔷  Step 0: Pre-Analysis - Analyzing Recent Changes
[2026-03-05T01:50:27.447Z] ════════════════════════════════════════════════════════════
[2026-03-05T01:50:27.476Z] Commits ahead of remote: 0
[2026-03-05T01:50:27.476Z] Modified files: 209
[2026-03-05T01:50:27.480Z] ✓ Project kind from config: nodejs_automation (configured)
[2026-03-05T01:50:27.509Z] ✓ Pre-analysis complete:
  • Commits ahead: 0
  • Modified files: 209
  • Change scope: full-stack
  • Documentation: 5 files
  • Tests: 18 files
  • Source: 7 files
  • Config: 3 files
  • Project kind: nodejs_automation (100% confidence)

[2026-03-05T01:50:27.515Z] ✓ Step step_00 completed in 69ms
[2026-03-05T01:50:27.515Z] [DEBUG] [Performance] step_00: 69ms
[2026-03-05T01:50:27.516Z] [DEBUG] Recorded outcome for step_00: success
[2026-03-05T01:50:27.516Z] ✓ Completed: Pre-Analysis (0s)
