[2026-03-05T01:54:20.300Z] 
→ Starting: Documentation Optimization
[2026-03-05T01:54:20.301Z] Documentation optimization initialized
[2026-03-05T01:54:20.301Z] ════════════════════════════════════════════════════════════
[2026-03-05T01:54:20.301Z] 🔷  Step 2.5: Documentation Optimization
[2026-03-05T01:54:20.301Z] ════════════════════════════════════════════════════════════
[2026-03-05T01:54:20.302Z] Phase 1: Heuristics Analysis (115 files)
[2026-03-05T01:54:20.312Z] Calculating content hashes...
[2026-03-05T01:54:20.316Z] Found 0 duplicate groups (0 redundant files)
[2026-03-05T01:54:20.316Z] Analyzing document similarity...
[2026-03-05T01:54:22.413Z] Found 0 redundant pairs above 80% similarity
[2026-03-05T01:54:22.413Z] Found 0 exact duplicates, 0 redundant pairs
[2026-03-05T01:54:22.413Z] Phase 2: Git History Analysis
[2026-03-05T01:54:22.413Z] Analyzing git history for 115 files...
[2026-03-05T01:54:23.464Z] Completed git analysis for 115 files
[2026-03-05T01:54:23.464Z] Found 0 outdated files
[2026-03-05T01:54:23.464Z] Phase 3: Version Reference Analysis
[2026-03-05T01:54:23.465Z] Detected version from package.json: 1.4.0
[2026-03-05T01:54:23.465Z] Analyzing version references in 115 files (current: 1.4.0)...
[2026-03-05T01:54:23.478Z] Completed version analysis for 115 files
[2026-03-05T01:54:23.478Z] Version analysis complete (0 total outdated)
[2026-03-05T01:54:23.478Z] Phase 4: AI Edge Case Analysis (skipped - no AI analyzer)
[2026-03-05T01:54:23.478Z] Phase 5: Optimization Summary
[2026-03-05T01:54:23.478Z] 
📊 Analysis Results:
───────────────────
  Total files analyzed: 115
  Exact duplicates: 0
  Redundant pairs: 0
  Outdated files: 0
  Files to optimize: 0

[2026-03-05T01:54:23.478Z] No optimizations needed
[2026-03-05T01:54:23.478Z] ✓ Workflow complete (3s)
[2026-03-05T01:54:23.478Z] ✓ Step step_02_5 completed in 3178ms
[2026-03-05T01:54:23.478Z] [DEBUG] [Performance] step_02_5: 3.2s
[2026-03-05T01:54:23.478Z] [DEBUG] Recorded outcome for step_02_5: success
[2026-03-05T01:54:23.478Z] ✓ Completed: Documentation Optimization (3s)
